Component: ARM Compiler 5.06 update 6 (build 750) Tool: armlink [4d35ed]

==============================================================================

Section Cross References

    main.o(.text) refers to system.o(.text) for System_Init
    main.o(.text) refers to pid.o(.text) for PID_Init
    main.o(.text) refers to remote.o(.text) for control_circle_init
    main.o(.text) refers to kalman.o(.text) for Init_kal
    main.o(.text) refers to pid.o(.bss) for Total_pid
    main.o(.text) refers to main.o(.data) for Remote_time
    main.o(.text) refers to can1.o(.bss) for Chassis_Moto_Info_Array
    main.o(.text) refers to task_chassis.o(.data) for stand_Speed2
    stm32f4xx_it.o(.text) refers to stm32f4xx_it.o(.data) for sysTickUptime
    system.o(.text) refers to stm32f4xx_rcc.o(.text) for RCC_GetClocksFreq
    system.o(.text) refers to crc.o(.text) for CRC_init
    system.o(.text) refers to can1.o(.text) for CAN1_Init
    system.o(.text) refers to can2.o(.text) for CAN2_Init
    system.o(.text) refers to usart2.o(.text) for RC_Init
    system.o(.text) refers to led.o(.text) for Led_Init
    system.o(.text) refers to mpu6050.o(.text) for MPU_Init
    system.o(.text) refers to inv_mpu.o(.text) for mpu_dmp_init
    system.o(.text) refers to 2ms_analy.o(.text) for analy_Flag
    system.o(.text) refers to task_chassis.o(.text) for Wait_stand_init
    system.o(.text) refers to task_gimble.o(.text) for gimble_control
    system.o(.text) refers to remote.o(.text) for remote_calculate
    system.o(.text) refers to system.o(.data) for usTicks
    system.o(.text) refers to stm32f4xx_it.o(.data) for sysTickUptime
    system.o(.text) refers to system_stm32f4xx.o(.data) for SystemCoreClock
    pid.o(.text) refers to pid.o(.data) for _KP
    pid.o(.text) refers to pid.o(.bss) for Blind
    pid.o(.text) refers to kalman.o(.text) for KalmanFilter
    pid.o(.text) refers to kalman.o(.bss) for P_out_kalman
    2ms_analy.o(.text) refers to usart2.o(.data) for DMAinterruptnumber
    2ms_analy.o(.text) refers to 2ms_analy.o(.data) for record_DMAnow
    2ms_analy.o(.text) refers to can1.o(.data) for CAN1interruptnumber
    kalman.o(.text) refers to kalman.o(.data) for i
    kalman.o(.text) refers to kalman.o(.bss) for P_out_kalman
    can1.o(.text) refers to stm32f4xx_rcc.o(.text) for RCC_AHB1PeriphClockCmd
    can1.o(.text) refers to stm32f4xx_gpio.o(.text) for GPIO_Init
    can1.o(.text) refers to misc.o(.text) for NVIC_Init
    can1.o(.text) refers to stm32f4xx_can.o(.text) for CAN_Init
    can1.o(.text) refers to can1.o(.data) for ReceiveFlag_chassis
    can1.o(.text) refers to can1.o(.bss) for Chassis_Moto_Info_Array
    can2.o(.text) refers to stm32f4xx_rcc.o(.text) for RCC_AHB1PeriphClockCmd
    can2.o(.text) refers to stm32f4xx_gpio.o(.text) for GPIO_PinAFConfig
    can2.o(.text) refers to misc.o(.text) for NVIC_Init
    can2.o(.text) refers to stm32f4xx_can.o(.text) for CAN_DeInit
    usart2.o(.text) refers to stm32f4xx_rcc.o(.text) for RCC_AHB1PeriphClockCmd
    usart2.o(.text) refers to stm32f4xx_gpio.o(.text) for GPIO_PinAFConfig
    usart2.o(.text) refers to stm32f4xx_usart.o(.text) for USART_DeInit
    usart2.o(.text) refers to misc.o(.text) for NVIC_Init
    usart2.o(.text) refers to stm32f4xx_dma.o(.text) for DMA_DeInit
    usart2.o(.text) refers to system.o(.text) for micros
    usart2.o(.text) refers to usart2.o(.bss) for sbus_rx_buffer
    usart2.o(.text) refers to usart2.o(.data) for DMAinterruptnumber
    usart2.o(.text) refers to 2ms_analy.o(.data) for AllFlag
    usart2.o(.text) refers to main.o(.data) for Remote_time
    led.o(.text) refers to stm32f4xx_rcc.o(.text) for RCC_AHB1PeriphClockCmd
    led.o(.text) refers to stm32f4xx_gpio.o(.text) for GPIO_Init
    crc.o(.text) refers to stm32f4xx_rcc.o(.text) for RCC_AHB1PeriphClockCmd
    crc.o(.text) refers to crc.o(.constdata) for CRC8_TAB
    crc.o(.text) refers to crc.o(.data) for CRC_INIT
    stm32f4xx_gpio.o(.text) refers to stm32f4xx_rcc.o(.text) for RCC_AHB1PeriphResetCmd
    stm32f4xx_rcc.o(.text) refers to stm32f4xx_rcc.o(.data) for APBAHBPrescTable
    stm32f4xx_tim.o(.text) refers to stm32f4xx_rcc.o(.text) for RCC_APB2PeriphResetCmd
    stm32f4xx_usart.o(.text) refers to stm32f4xx_rcc.o(.text) for RCC_APB2PeriphResetCmd
    startup_stm32f40xx.o(STACK) refers (Special) to heapauxi.o(.text) for __use_two_region_memory
    startup_stm32f40xx.o(HEAP) refers (Special) to heapauxi.o(.text) for __use_two_region_memory
    startup_stm32f40xx.o(RESET) refers (Special) to heapauxi.o(.text) for __use_two_region_memory
    startup_stm32f40xx.o(RESET) refers to startup_stm32f40xx.o(STACK) for __initial_sp
    startup_stm32f40xx.o(RESET) refers to startup_stm32f40xx.o(.text) for Reset_Handler
    startup_stm32f40xx.o(RESET) refers to stm32f4xx_it.o(.text) for NMI_Handler
    startup_stm32f40xx.o(RESET) refers to usart2.o(.text) for DMA1_Stream5_IRQHandler
    startup_stm32f40xx.o(RESET) refers to can1.o(.text) for CAN1_RX0_IRQHandler
[...]
    .bss                                     0x20000af0   Section       20  remote.o(.bss)
    .bss                                     0x20000b04   Section       96  libspace.o(.bss)
    HEAP                                     0x20000b68   Section      512  startup_stm32f40xx.o(HEAP)
    Heap_Mem                                 0x20000b68   Data         512  startup_stm32f40xx.o(HEAP)
    STACK                                    0x20000d68   Section     1024  startup_stm32f40xx.o(STACK)
    Stack_Mem                                0x20000d68   Data        1024  startup_stm32f40xx.o(STACK)
    __initial_sp                             0x20001168   Data           0  startup_stm32f40xx.o(STACK)

    Global Symbols

    Symbol Name                              Value     Ov Type        Size  Object(Section)

    BuildAttributes$$THM_ISAv4$E$P$D$K$B$S$7EM$VFPi3$EXTD16$VFPS$VFMA$PE$A:L22UL41UL21$X:L11$S22US41US21$IEEE1$IW$USESV6$~STKCKD$USESV7$~SHL$OTIME$ROPI$IEEEX$EBA8$UX$STANDARDLIB$REQ8$PRES8$EABIv2 0x00000000   Number         0  anon$$obj.o ABSOLUTE
    __ARM_use_no_argv                        0x00000000   Number         0  main.o ABSOLUTE
    _printf_flags                            0x00000000   Number         0  printf_stubs.o ABSOLUTE
    _printf_return_value                     0x00000000   Number         0  printf_stubs.o ABSOLUTE
    _printf_sizespec                         0x00000000   Number         0  printf_stubs.o ABSOLUTE
    _printf_widthprec                        0x00000000   Number         0  printf_stubs.o ABSOLUTE
    __ARM_exceptions_init                     - Undefined Weak Reference
    __alloca_initialize                       - Undefined Weak Reference
    __arm_preinit_                            - Undefined Weak Reference
    __cpp_initialize__aeabi_                  - Undefined Weak Reference
    __cxa_finalize                            - Undefined Weak Reference
    __rt_locale                               - Undefined Weak Reference
    __sigvec_lookup                           - Undefined Weak Reference
    _atexit_init                              - Undefined Weak Reference
    _call_atexit_fns                          - Undefined Weak Reference
    _clock_init                               - Undefined Weak Reference
    _fp_trap_init                             - Undefined Weak Reference
    _fp_trap_shutdown                         - Undefined Weak Reference
    _get_lc_collate                           - Undefined Weak Reference
    _get_lc_ctype                             - Undefined Weak Reference
    _get_lc_monetary                          - Undefined Weak Reference
    _get_lc_numeric                           - Undefined Weak Reference
    _get_lc_time                              - Undefined Weak Reference
    _getenv_init                              - Undefined Weak Reference
    _handle_redirection                       - Undefined Weak Reference
    _init_alloc                               - Undefined Weak Reference
    _init_user_alloc                          - Undefined Weak Reference
    _initio                                   - Undefined Weak Reference
    _mutex_acquire                            - Undefined Weak Reference
    _mutex_release                            - Undefined Weak Reference
    _printf_truncate_signed                   - Undefined Weak Reference
    _printf_truncate_unsigned                 - Undefined Weak Reference
    _rand_init                                - Undefined Weak Reference
    _signal_finish                            - Undefined Weak Reference
    _signal_init                              - Undefined Weak Reference
    _terminate_alloc                          - Undefined Weak Reference
    _terminate_user_alloc                     - Undefined Weak Reference
    _terminateio                              - Undefined Weak Reference
    __Vectors_Size                           0x00000188   Number         0  startup_stm32f40xx.o ABSOLUTE
    __Vectors                                0x08000000   Data           4  startup_stm32f40xx.o(RESET)
    __Vectors_End                            0x08000188   Data           0  startup_stm32f40xx.o(RESET)
    __main                                   0x08000189   Thumb Code     8  __main.o(!!!main)
    __scatterload                            0x08000191   Thumb Code     0  __scatter.o(!!!scatter)
    __scatterload_rt2                        0x08000191   Thumb Code    44  __scatter.o(!!!scatter)
    __scatterload_rt2_thumb_only             0x08000191   Thumb Code     0  __scatter.o(!!!scatter)
    __scatterload_null                       0x0800019f   Thumb Code     0  __scatter.o(!!!scatter)
    __decompress                             0x080001c5   Thumb Code    90  __dczerorl2.o(!!dczerorl2)
    __decompress1                            0x080001c5   Thumb Code     0  __dczerorl2.o(!!dczerorl2)
    __scatterload_zeroinit                   0x08000221   Thumb Code    28  __scatter_zi.o(!!handler_zi)
    _printf_d                                0x0800023d   Thumb Code     0  _printf_d.o(.ARM.Collect$$_printf_percent$$00000009)
    _printf_percent                          0x0800023d   Thumb Code     0  _printf_percent.o(.ARM.Collect$$_printf_percent$$00000000)
    _printf_x                                0x08000243   Thumb Code     0  _printf_x.o(.ARM.Collect$$_printf_percent$$0000000C)
    _printf_percent_end                      0x08000249   Thumb Code     0  _printf_percent_end.o(.ARM.Collect$$_printf_percent$$00000017)
    __rt_lib_init                            0x0800024d   Thumb Code     0  libinit.o(.ARM.Collect$$libinit$$00000000)
    __rt_lib_init_fp_1                       0x0800024f   Thumb Code     0  libinit2.o(.ARM.Collect$$libinit$$00000001)
    __rt_lib_init_alloca_1                   0x08000253   Thumb Code     0  libinit2.o(.ARM.Collect$$libinit$$0000002E)
    __rt_lib_init_argv_1                     0x08000253   Thumb Code     0  libinit2.o(.ARM.Collect$$libinit$$0000002C)
    __rt_lib_init_atexit_1                   0x08000253   Thumb Code     0  libinit2.o(.ARM.Collect$$libinit$$0000001B)
    __rt_lib_init_clock_1                    0x08000253   Thumb Code     0  libinit2.o(.ARM.Collect$$libinit$$00000021)
    __rt_lib_init_cpp_1                      0x08000253   Thumb Code     0  libinit2.o(.ARM.Collect$$libinit$$00000032)
    __rt_lib_init_exceptions_1               0x08000253   Thumb Code     0  libinit2.o(.ARM.Collect$$libinit$$00000030)
    __rt_lib_init_fp_trap_1                  0x08000253   Thumb Code     0  libinit2.o(.ARM.Collect$$libinit$$0000001F)
    __rt_lib_init_getenv_1                   0x08000253   Thumb Code     0  libinit2.o(.ARM.Collect$$libinit$$00000023)
    __rt_lib_init_heap_1                     0x08000253   Thumb Code     0  libinit2.o(.ARM.Collect$$libinit$$0000000A)
    __rt_lib_init_lc_collate_1               0x08000253   Thumb Code     0  libinit2.o(.ARM.Collect$$libinit$$00000011)
    __rt_lib_init_lc_ctype_1                 0x08000253   Thumb Code     0  libinit2.o(.ARM.Collect$$libinit$$00000013)
    __rt_lib_init_lc_monetary_1              0x08000253   Thumb Code     0  libinit2.o(.ARM.Collect$$libinit$$00000015)
    __rt_lib_init_lc_numeric_1               0x08000253   Thumb Code     0  libinit2.o(.ARM.Collect$$libinit$$00000017)
    __rt_lib_init_lc_time_1                  0x08000253   Thumb Code     0  libinit2.o(.ARM.Collect$$libinit$$00000019)
    __rt_lib_init_preinit_1                  0x08000253   Thumb Code     0  libinit2.o(.ARM.Collect$$libinit$$00000004)
    __rt_lib_init_rand_1                     0x08000253   Thumb Code     0  libinit2.o(.ARM.Collect$$libinit$$0000000E)
    __rt_lib_init_return                     0x08000253   Thumb Code     0  libinit2.o(.ARM.Collect$$libinit$$00000033)
    __rt_lib_init_signal_1                   0x08000253   Thumb Code     0  libinit2.o(.ARM.Collect$$libinit$$0000001D)
    __rt_lib_init_stdio_1                    0x08000253   Thumb Code     0  libinit2.o(.ARM.Collect$$libinit$$00000025)
    __rt_lib_init_user_alloc_1               0x08000253   Thumb Code     0  libinit2.o(.ARM.Collect$$libinit$$0000000C)
    __rt_lib_shutdown                        0x08000255   Thumb Code     0  libshutdown.o(.ARM.Collect$$libshutdown$$00000000)
    __rt_lib_shutdown_cpp_1                  0x08000257   Thumb Code     0  libshutdown2.o(.ARM.Collect$$libshutdown$$00000002)
    __rt_lib_shutdown_fp_trap_1              0x08000257   Thumb Code     0  libshutdown2.o(.ARM.Collect$$libshutdown$$00000007)
    __rt_lib_shutdown_heap_1                 0x08000257   Thumb Code     0  libshutdown2.o(.ARM.Collect$$libshutdown$$0000000F)
    __rt_lib_shutdown_return                 0x08000257   Thumb Code     0  libshutdown2.o(.ARM.Collect$$libshutdown$$00000010)
    __rt_lib_shutdown_signal_1               0x08000257   Thumb Code     0  libshutdown2.o(.ARM.Collect$$libshutdown$$0000000A)
    __rt_lib_shutdown_stdio_1                0x08000257   Thumb Code     0  libshutdown2.o(.ARM.Collect$$libshutdown$$00000004)
    __rt_lib_shutdown_user_alloc_1           0x08000257   Thumb Code     0  libshutdown2.o(.ARM.Collect$$libshutdown$$0000000C)
    __rt_entry                               0x08000259   Thumb Code     0  __rtentry.o(.ARM.Collect$$rtentry$$00000000)
    __rt_entry_presh_1                       0x08000259   Thumb Code     0  __rtentry2.o(.ARM.Collect$$rtentry$$00000002)
    __rt_entry_sh                            0x08000259   Thumb Code     0  __rtentry4.o(.ARM.Collect$$rtentry$$00000004)
    __rt_entry_li                            0x0800025f   Thumb Code     0  __rtentry2.o(.ARM.Collect$$rtentry$$0000000A)
    __rt_entry_postsh_1                      0x0800025f   Thumb Code     0  __rtentry2.o(.ARM.Collect$$rtentry$$00000009)
    __rt_entry_main                          0x08000263   Thumb Code     0  __rtentry2.o(.ARM.Collect$$rtentry$$0000000D)
    __rt_entry_postli_1                      0x08000263   Thumb Code     0  __rtentry2.o(.ARM.Collect$$rtentry$$0000000C)
    __rt_exit                                0x0800026b   Thumb Code     0  rtexit.o(.ARM.Collect$$rtexit$$00000000)
    __rt_exit_ls                             0x0800026d   Thumb Code     0  rtexit2.o(.ARM.Collect$$rtexit$$00000003)
    __rt_exit_prels_1                        0x0800026d   Thumb Code     0  rtexit2.o(.ARM.Collect$$rtexit$$00000002)
    __rt_exit_exit                           0x08000271   Thumb Code     0  rtexit2.o(.ARM.Collect$$rtexit$$00000004)
    main                                     0x08000279   Thumb Code   202  main.o(.text)
    NMI_Handler                              0x08000391   Thumb Code     2  stm32f4xx_it.o(.text)
    HardFault_Handler                        0x08000393   Thumb Code     4  stm32f4xx_it.o(.text)
    MemManage_Handler                        0x08000397   Thumb Code     4  stm32f4xx_it.o(.text)
    BusFault_Handler                         0x0800039b   Thumb Code     4  stm32f4xx_it.o(.text)
    UsageFault_Handler                       0x0800039f   Thumb Code     4  stm32f4xx_it.o(.text)
    SVC_Handler                              0x080003a3   Thumb Code     2  stm32f4xx_it.o(.text)
    DebugMon_Handler                         0x080003a5   Thumb Code     2  stm32f4xx_it.o(.text)
    PendSV_Handler                           0x080003a7   Thumb Code     2  stm32f4xx_it.o(.text)
    SysTick_Handler                          0x080003a9   Thumb Code    12  stm32f4xx_it.o(.text)
    constrain                                0x08000403   Thumb Code    42  system.o(.text)
    constrain_int32                          0x0800042d   Thumb Code    22  system.o(.text)
    constrain_int16                          0x08000443   Thumb Code    22  system.o(.text)
    constrain_int                            0x08000459   Thumb Code    22  system.o(.text)
    micros                                   0x08000485   Thumb Code    58  system.o(.text)
    delay_us                                 0x080004bf   Thumb Code    24  system.o(.text)
    delay_ms                                 0x080004d7   Thumb Code    24  system.o(.text)
    millis                                   0x080004ef   Thumb Code     6  system.o(.text)
    systemInit                               0x080004f5   Thumb Code    26  system.o(.text)
    Stop                                     0x0800050f   Thumb Code     2  system.o(.text)
    Parameter_Init                           0x08000511   Thumb Code     2  system.o(.text)
    System_Init                              0x08000513   Thumb Code   128  system.o(.text)
    Loop                                     0x08000593   Thumb Code   174  system.o(.text)
    pid_handle1                              0x0800069d   Thumb Code   308  pid.o(.text)
    pid_handle2                              0x080007d1   Thumb Code   248  pid.o(.text)
    PID_Init                                 0x080008c9   Thumb Code   246  pid.o(.text)
    pid_handle1_test                         0x080009bf   Thumb Code   524  pid.o(.text)
    pid_handle2_test                         0x08000bcb   Thumb Code   548  pid.o(.text)
    balanSpeed                               0x08000def   Thumb Code   418  pid.o(.text)
    balanstand                               0x08000f91   Thumb Code   566  pid.o(.text)
    analy_Flag                               0x080011c9   Thumb Code   254  2ms_analy.o(.text)
    kalmanCreate                             0x080012f1   Thumb Code   232  kalman.o(.text)
    KalmanFilter                             0x080013d9   Thumb Code   134  kalman.o(.text)
    Init_kal                                 0x0800145f   Thumb Code    10  kalman.o(.text)
    CAN1_Init                                0x0800147d   Thumb Code   220  can1.o(.text)
    CAN1_Send_Msg_chassis                    0x08001559   Thumb Code   108  can1.o(.text)
    CAN1_Send_Msg_gimbel                     0x080015c5   Thumb Code   108  can1.o(.text)
    DataCan1Analy                            0x08001631   Thumb Code   382  can1.o(.text)
    CAN1_RX0_IRQHandler                      0x080017af   Thumb Code    66  can1.o(.text)
    Chassis_AngleAnaly                       0x080017f1   Thumb Code   270  can1.o(.text)
    CAN2_Init                                0x08001901   Thumb Code   274  can2.o(.text)
    CAN2_RX0_IRQHandler                      0x08001a13   Thumb Code    36  can2.o(.text)
    CAN2_TX_IRQHandler                       0x08001a37   Thumb Code    22  can2.o(.text)
    RC_Init                                  0x08001a55   Thumb Code   256  usart2.o(.text)
    DMA1_Stream5_IRQHandler                  0x08001b55   Thumb Code   536  usart2.o(.text)
    Led_Init                                 0x08001d99   Thumb Code    84  led.o(.text)
    CRC_init                                 0x08001df1   Thumb Code    12  crc.o(.text)
    Get_CRC8_Check_Sum                       0x08001dfd   Thumb Code    30  crc.o(.text)
    Verify_CRC8_Check_Sum                    0x08001e1b   Thumb Code    46  crc.o(.text)
    Append_CRC8_Check_Sum                    0x08001e49   Thumb Code    36  crc.o(.text)
    Get_CRC16_Check_Sum                      0x08001e6d   Thumb Code    46  crc.o(.text)
    Verify_CRC16_Check_Sum                   0x08001e9b   Thumb Code    60  crc.o(.text)
    Append_CRC16_Check_Sum                   0x08001ed7   Thumb Code    44  crc.o(.text)
    NVIC_PriorityGroupConfig                 0x08001f11   Thumb Code    10  misc.o(.text)
    NVIC_Init                                0x08001f1b   Thumb Code   106  misc.o(.text)
    NVIC_SetVectorTable                      0x08001f85   Thumb Code    14  misc.o(.text)
    NVIC_SystemLPConfig                      0x08001f93   Thumb Code    34  misc.o(.text)
    SysTick_CLKSourceConfig                  0x08001fb5   Thumb Code    40  misc.o(.text)
    GPIO_DeInit                              0x08001ff1   Thumb Code   268  stm32f4xx_gpio.o(.text)
    GPIO_Init                                0x080020fd   Thumb Code   144  stm32f4xx_gpio.o(.text)
    GPIO_StructInit                          0x0800218d   Thumb Code    18  stm32f4xx_gpio.o(.text)
    GPIO_PinLockConfig                       0x0800219f   Thumb Code    34  stm32f4xx_gpio.o(.text)
    GPIO_ReadInputDataBit                    0x080021c1   Thumb Code    18  stm32f4xx_gpio.o(.text)
    GPIO_ReadInputData                       0x080021d3   Thumb Code     8  stm32f4xx_gpio.o(.text)
    GPIO_ReadOutputDataBit                   0x080021db   Thumb Code    18  stm32f4xx_gpio.o(.text)
    GPIO_ReadOutputData                      0x080021ed   Thumb Code     8  stm32f4xx_gpio.o(.text)
    GPIO_SetBits                             0x080021f5   Thumb Code     4  stm32f4xx_gpio.o(.text)
    GPIO_ResetBits                           0x080021f9   Thumb Code     4  stm32f4xx_gpio.o(.text)
    GPIO_WriteBit                            0x080021fd   Thumb Code    10  stm32f4xx_gpio.o(.text)
    GPIO_Write                               0x08002207   Thumb Code     4  stm32f4xx_gpio.o(.text)
    GPIO_ToggleBits                          0x0800220b   Thumb Code     8  stm32f4xx_gpio.o(.text)
    GPIO_PinAFConfig                         0x08002213   Thumb Code    70  stm32f4xx_gpio.o(.text)
    RCC_DeInit                               0x08002285   Thumb Code    82  stm32f4xx_rcc.o(.text)
    RCC_HSEConfig                            0x080022d7   Thumb Code    14  stm32f4xx_rcc.o(.text)
    RCC_GetFlagStatus                        0x080022e5   Thumb Code    60  stm32f4xx_rcc.o(.text)
    RCC_WaitForHSEStartUp                    0x08002321   Thumb Code    56  stm32f4xx_rcc.o(.text)
    RCC_AdjustHSICalibrationValue            0x08002359   Thumb Code    20  stm32f4xx_rcc.o(.text)
    RCC_HSICmd                               0x0800236d   Thumb Code     6  stm32f4xx_rcc.o(.text)
    RCC_LSEConfig                            0x08002373   Thumb Code    46  stm32f4xx_rcc.o(.text)
    RCC_LSICmd                               0x080023a1   Thumb Code     6  stm32f4xx_rcc.o(.text)
    RCC_PLLConfig                            0x080023a7   Thumb Code    32  stm32f4xx_rcc.o(.text)
    RCC_PLLCmd                               0x080023c7   Thumb Code     6  stm32f4xx_rcc.o(.text)
    RCC_PLLI2SConfig                         0x080023cd   Thumb Code    14  stm32f4xx_rcc.o(.text)
    RCC_PLLI2SCmd                            0x080023db   Thumb Code     6  stm32f4xx_rcc.o(.text)
    RCC_PLLSAIConfig                         0x080023e1   Thumb Code    20  stm32f4xx_rcc.o(.text)
    RCC_PLLSAICmd                            0x080023f5   Thumb Code     6  stm32f4xx_rcc.o(.text)
    RCC_ClockSecuritySystemCmd               0x080023fb   Thumb Code     6  stm32f4xx_rcc.o(.text)
    RCC_MCO1Config                           0x08002401   Thumb Code    28  stm32f4xx_rcc.o(.text)
    RCC_MCO2Config                           0x0800241d   Thumb Code    28  stm32f4xx_rcc.o(.text)
    RCC_SYSCLKConfig                         0x08002439   Thumb Code    20  stm32f4xx_rcc.o(.text)
    RCC_GetSYSCLKSource                      0x0800244d   Thumb Code    12  stm32f4xx_rcc.o(.text)
    RCC_HCLKConfig                           0x08002459   Thumb Code    20  stm32f4xx_rcc.o(.text)
    RCC_PCLK1Config                          0x0800246d   Thumb Code    20  stm32f4xx_rcc.o(.text)
    RCC_PCLK2Config                          0x08002481   Thumb Code    22  stm32f4xx_rcc.o(.text)
    RCC_GetClocksFreq                        0x08002497   Thumb Code   222  stm32f4xx_rcc.o(.text)
    RCC_RTCCLKConfig                         0x08002575   Thumb Code    54  stm32f4xx_rcc.o(.text)
    RCC_RTCCLKCmd                            0x080025ab   Thumb Code     8  stm32f4xx_rcc.o(.text)
    RCC_BackupResetCmd                       0x080025b3   Thumb Code     8  stm32f4xx_rcc.o(.text)
    RCC_I2SCLKConfig                         0x080025bb   Thumb Code     6  stm32f4xx_rcc.o(.text)
    RCC_SAIPLLI2SClkDivConfig                0x080025c1   Thumb Code    26  stm32f4xx_rcc.o(.text)
    RCC_SAIPLLSAIClkDivConfig                0x080025db   Thumb Code    28  stm32f4xx_rcc.o(.text)
    RCC_SAIBlockACLKConfig                   0x080025f7   Thumb Code    20  stm32f4xx_rcc.o(.text)
    RCC_SAIBlockBCLKConfig                   0x0800260b   Thumb Code    20  stm32f4xx_rcc.o(.text)
    RCC_LTDCCLKDivConfig                     0x0800261f   Thumb Code    20  stm32f4xx_rcc.o(.text)
    RCC_TIMCLKPresConfig                     0x08002633   Thumb Code     6  stm32f4xx_rcc.o(.text)
    RCC_AHB1PeriphClockCmd                   0x08002639   Thumb Code    34  stm32f4xx_rcc.o(.text)
    RCC_AHB2PeriphClockCmd                   0x0800265b   Thumb Code    78  stm32f4xx_rcc.o(.text)
    RCC_AHB3PeriphClockCmd                   0x080026a9   Thumb Code    34  stm32f4xx_rcc.o(.text)
    RCC_APB1PeriphClockCmd                   0x080026cb   Thumb Code    34  stm32f4xx_rcc.o(.text)
    RCC_APB2PeriphClockCmd                   0x080026ed   Thumb Code    34  stm32f4xx_rcc.o(.text)
    RCC_AHB1PeriphResetCmd                   0x0800270f   Thumb Code    34  stm32f4xx_rcc.o(.text)
    RCC_AHB2PeriphResetCmd                   0x08002731   Thumb Code    34  stm32f4xx_rcc.o(.text)
    RCC_AHB3PeriphResetCmd                   0x08002753   Thumb Code    34  stm32f4xx_rcc.o(.text)
    RCC_APB1PeriphResetCmd                   0x08002775   Thumb Code    34  stm32f4xx_rcc.o(.text)
    RCC_APB2PeriphResetCmd                   0x08002797   Thumb Code    34  stm32f4xx_rcc.o(.text)
    RCC_AHB1PeriphClockLPModeCmd             0x080027b9   Thumb Code    34  stm32f4xx_rcc.o(.text)
    RCC_AHB2PeriphClockLPModeCmd             0x080027db   Thumb Code    34  stm32f4xx_rcc.o(.text)
    RCC_AHB3PeriphClockLPModeCmd             0x080027fd   Thumb Code    34  stm32f4xx_rcc.o(.text)
    RCC_APB1PeriphClockLPModeCmd             0x0800281f   Thumb Code    34  stm32f4xx_rcc.o(.text)
    RCC_APB2PeriphClockLPModeCmd             0x08002841   Thumb Code    34  stm32f4xx_rcc.o(.text)
    RCC_ITConfig                             0x08002863   Thumb Code    34  stm32f4xx_rcc.o(.text)
    RCC_ClearFlag                            0x08002885   Thumb Code    18  stm32f4xx_rcc.o(.text)
    RCC_GetITStatus                          0x08002897   Thumb Code    22  stm32f4xx_rcc.o(.text)
    RCC_ClearITPendingBit                    0x080028ad   Thumb Code     8  stm32f4xx_rcc.o(.text)
    USART_DeInit                             0x080028b9   Thumb Code   206  stm32f4xx_usart.o(.text)
    USART_Init                               0x08002987   Thumb Code   204  stm32f4xx_usart.o(.text)
    USART_StructInit                         0x08002a53   Thumb Code    24  stm32f4xx_usart.o(.text)
    USART_ClockInit                          0x08002a6b   Thumb Code    32  stm32f4xx_usart.o(.text)
    USART_ClockStructInit                    0x08002a8b   Thumb Code    12  stm32f4xx_usart.o(.text)
    USART_Cmd                                0x08002a97   Thumb Code    24  stm32f4xx_usart.o(.text)
    USART_SetPrescaler                       0x08002aaf   Thumb Code    16  stm32f4xx_usart.o(.text)
    USART_OverSampling8Cmd                   0x08002abf   Thumb Code    22  stm32f4xx_usart.o(.text)
    USART_OneBitMethodCmd                    0x08002ad5   Thumb Code    24  stm32f4xx_usart.o(.text)
    USART_SendData                           0x08002aed   Thumb Code     8  stm32f4xx_usart.o(.text)
    USART_ReceiveData                        0x08002af5   Thumb Code    10  stm32f4xx_usart.o(.text)
    USART_SetAddress                         0x08002aff   Thumb Code    18  stm32f4xx_usart.o(.text)
    USART_ReceiverWakeUpCmd                  0x08002b11   Thumb Code    24  stm32f4xx_usart.o(.text)
    USART_WakeUpConfig                       0x08002b29   Thumb Code    18  stm32f4xx_usart.o(.text)
    USART_LINBreakDetectLengthConfig         0x08002b3b   Thumb Code    18  stm32f4xx_usart.o(.text)
    USART_LINCmd                             0x08002b4d   Thumb Code    24  stm32f4xx_usart.o(.text)
    USART_SendBreak                          0x08002b65   Thumb Code    10  stm32f4xx_usart.o(.text)
    USART_HalfDuplexCmd                      0x08002b6f   Thumb Code    24  stm32f4xx_usart.o(.text)
    USART_SetGuardTime                       0x08002b87   Thumb Code    16  stm32f4xx_usart.o(.text)
    USART_SmartCardCmd                       0x08002b97   Thumb Code    24  stm32f4xx_usart.o(.text)
    USART_SmartCardNACKCmd                   0x08002baf   Thumb Code    24  stm32f4xx_usart.o(.text)
    USART_IrDAConfig                         0x08002bc7   Thumb Code    18  stm32f4xx_usart.o(.text)
    USART_IrDACmd                            0x08002bd9   Thumb Code    24  stm32f4xx_usart.o(.text)
    USART_DMACmd                             0x08002bf1   Thumb Code    18  stm32f4xx_usart.o(.text)
    USART_ITConfig                           0x08002c03   Thumb Code    74  stm32f4xx_usart.o(.text)
    USART_GetFlagStatus                      0x08002c4d   Thumb Code    26  stm32f4xx_usart.o(.text)
    USART_ClearFlag                          0x08002c67   Thumb Code    18  stm32f4xx_usart.o(.text)
    USART_GetITStatus                        0x08002c79   Thumb Code   118  stm32f4xx_usart.o(.text)
    USART_ClearITPendingBit                  0x08002cef   Thumb Code    30  stm32f4xx_usart.o(.text)
    Reset_Handler                            0x08002d0d   Thumb Code     8  startup_stm32f40xx.o(.text)
    ADC_IRQHandler                           0x08002d27   Thumb Code     0  startup_stm32f40xx.o(.text)
    CAN1_RX1_IRQHandler                      0x08002d27   Thumb Code     0  startup_stm32f40xx.o(.text)
    CAN1_SCE_IRQHandler                      0x08002d27   Thumb Code     0  startup_stm32f40xx.o(.text)
    CAN1_TX_IRQHandler                       0x08002d27   Thumb Code     0  startup_stm32f40xx.o(.text)
    CAN2_RX1_IRQHandler                      0x08002d27   Thumb Code     0  startup_stm32f40xx.o(.text)
    CAN2_SCE_IRQHandler                      0x08002d27   Thumb Code     0  startup_stm32f40xx.o(.text)
    CRYP_IRQHandler                          0x08002d27   Thumb Code     0  startup_stm32f40xx.o(.text)
    DCMI_IRQHandler                          0x08002d27   Thumb Code     0  startup_stm32f40xx.o(.text)
    DMA1_Stream0_IRQHandler                  0x08002d27   Thumb Code     0  startup_stm32f40xx.o(.text)
    DMA1_Stream1_IRQHandler                  0x08002d27   Thumb Code     0  startup_stm32f40xx.o(.text)
    DMA1_Stream2_IRQHandler                  0x08002d27   Thumb Code     0  startup_stm32f40xx.o(.text)
    DMA1_Stream3_IRQHandler                  0x08002d27   Thumb Code     0  startup_stm32f40xx.o(.text)
    DMA1_Stream4_IRQHandler                  0x08002d27   Thumb Code     0  startup_stm32f40xx.o(.text)
    DMA1_Stream6_IRQHandler                  0x08002d27   Thumb Code     0  startup_stm32f40xx.o(.text)
    DMA1_Stream7_IRQHandler                  0x08002d27   Thumb Code     0  startup_stm32f40xx.o(.text)
    DMA2_Stream0_IRQHandler                  0x08002d27   Thumb Code     0  startup_stm32f40xx.o(.text)
    DMA2_Stream1_IRQHandler                  0x08002d27   Thumb Code     0  startup_stm32f40xx.o(.text)
    DMA2_Stream2_IRQHandler                  0x08002d27   Thumb Code     0  startup_stm32f40xx.o(.text)
    DMA2_Stream3_IRQHandler                  0x08002d27   Thumb Code     0  startup_stm32f40xx.o(.text)
    DMA2_Stream4_IRQHandler                  0x08002d27   Thumb Code     0  startup_stm32f40xx.o(.text)
    DMA2_Stream5_IRQHandler                  0x08002d27   Thumb Code     0  startup_stm32f40xx.o(.text)
    DMA2_Stream6_IRQHandler                  0x08002d27   Thumb Code     0  startup_stm32f40xx.o(.text)
    DMA2_Stream7_IRQHandler                  0x08002d27   Thumb Code     0  startup_stm32f40xx.o(.text)
    ETH_IRQHandler                           0x08002d27   Thumb Code     0  startup_stm32f40xx.o(.text)
    ETH_WKUP_IRQHandler                      0x08002d27   Thumb Code     0  startup_stm32f40xx.o(.text)
    EXTI0_IRQHandler                         0x08002d27   Thumb Code     0  startup_stm32f40xx.o(.text)
    EXTI15_10_IRQHandler                     0x08002d27   Thumb Code     0  startup_stm32f40xx.o(.text)
    EXTI1_IRQHandler                         0x08002d27   Thumb Code     0  startup_stm32f40xx.o(.text)
    EXTI2_IRQHandler                         0x08002d27   Thumb Code     0  startup_stm32f40xx.o(.text)
    EXTI3_IRQHandler                         0x08002d27   Thumb Code     0  startup_stm32f40xx.o(.text)
    EXTI4_IRQHandler                         0x08002d27   Thumb Code     0  startup_stm32f40xx.o(.text)
    EXTI9_5_IRQHandler                       0x08002d27   Thumb Code     0  startup_stm32f40xx.o(.text)
    FLASH_IRQHandler                         0x08002d27   Thumb Code     0  startup_stm32f40xx.o(.text)
    FPU_IRQHandler                           0x08002d27   Thumb Code     0  startup_stm32f40xx.o(.text)
    FSMC_IRQHandler                          0x08002d27   Thumb Code     0  startup_stm32f40xx.o(.text)
    HASH_RNG_IRQHandler                      0x08002d27   Thumb Code     0  startup_stm32f40xx.o(.text)
    I2C1_ER_IRQHandler                       0x08002d27   Thumb Code     0  startup_stm32f40xx.o(.text)
    I2C1_EV_IRQHandler                       0x08002d27   Thumb Code     0  startup_stm32f40xx.o(.text)
    I2C2_ER_IRQHandler                       0x08002d27   Thumb Code     0  startup_stm32f40xx.o(.text)
    I2C2_EV_IRQHandler                       0x08002d27   Thumb Code     0  startup_stm32f40xx.o(.text)
    I2C3_ER_IRQHandler                       0x08002d27   Thumb Code     0  startup_stm32f40xx.o(.text)
    I2C3_EV_IRQHandler                       0x08002d27   Thumb Code     0  startup_stm32f40xx.o(.text)
    OTG_FS_IRQHandler                        0x08002d27   Thumb Code     0  startup_stm32f40xx.o(.text)
    OTG_FS_WKUP_IRQHandler                   0x08002d27   Thumb Code     0  startup_stm32f40xx.o(.text)
    OTG_HS_EP1_IN_IRQHandler                 0x08002d27   Thumb Code     0  startup_stm32f40xx.o(.text)
    OTG_HS_EP1_OUT_IRQHandler                0x08002d27   Thumb Code     0  startup_stm32f40xx.o(.text)
    OTG_HS_IRQHandler                        0x08002d27   Thumb Code     0  startup_stm32f40xx.o(.text)
    OTG_HS_WKUP_IRQHandler                   0x08002d27   Thumb Code     0  startup_stm32f40xx.o(.text)
    PVD_IRQHandler                           0x08002d27   Thumb Code     0  startup_stm32f40xx.o(.text)
    RCC_IRQHandler                           0x08002d27   Thumb Code     0  startup_stm32f40xx.o(.text)
    RTC_Alarm_IRQHandler                     0x08002d27   Thumb Code     0  startup_stm32f40xx.o(.text)
    RTC_WKUP_IRQHandler                      0x08002d27   Thumb Code     0  startup_stm32f40xx.o(.text)
    SDIO_IRQHandler                          0x08002d27   Thumb Code     0  startup_stm32f40xx.o(.text)
    SPI1_IRQHandler                          0x08002d27   Thumb Code     0  startup_stm32f40xx.o(.text)
    SPI2_IRQHandler                          0x08002d27   Thumb Code     0  startup_stm32f40xx.o(.text)
    SPI3_IRQHandler                          0x08002d27   Thumb Code     0  startup_stm32f40xx.o(.text)
    TAMP_STAMP_IRQHandler                    0x08002d27   Thumb Code     0  startup_stm32f40xx.o(.text)
    TIM1_BRK_TIM9_IRQHandler                 0x08002d27   Thumb Code     0  startup_stm32f40xx.o(.text)
    TIM1_CC_IRQHandler                       0x08002d27   Thumb Code     0  startup_stm32f40xx.o(.text)
    TIM1_TRG_COM_TIM11_IRQHandler            0x08002d27   Thumb Code     0  startup_stm32f40xx.o(.text)
    TIM1_UP_TIM10_IRQHandler                 0x08002d27   Thumb Code     0  startup_stm32f40xx.o(.text)
    TIM2_IRQHandler                          0x08002d27   Thumb Code     0  startup_stm32f40xx.o(.text)
    TIM3_IRQHandler                          0x08002d27   Thumb Code     0  startup_stm32f40xx.o(.text)
    TIM4_IRQHandler                          0x08002d27   Thumb Code     0  startup_stm32f40xx.o(.text)
    TIM5_IRQHandler                          0x08002d27   Thumb Code     0  startup_stm32f40xx.o(.text)
    TIM6_DAC_IRQHandler                      0x08002d27   Thumb Code     0  startup_stm32f40xx.o(.text)
    TIM7_IRQHandler                          0x08002d27   Thumb Code     0  startup_stm32f40xx.o(.text)
    TIM8_BRK_TIM12_IRQHandler                0x08002d27   Thumb Code     0  startup_stm32f40xx.o(.text)
    TIM8_CC_IRQHandler                       0x08002d27   Thumb Code     0  startup_stm32f40xx.o(.text)
    TIM8_TRG_COM_TIM14_IRQHandler            0x08002d27   Thumb Code     0  startup_stm32f40xx.o(.text)
    TIM8_UP_TIM13_IRQHandler                 0x08002d27   Thumb Code     0  startup_stm32f40xx.o(.text)
    UART4_IRQHandler                         0x08002d27   Thumb Code     0  startup_stm32f40xx.o(.text)
    UART5_IRQHandler                         0x08002d27   Thumb Code     0  startup_stm32f40xx.o(.text)
    USART1_IRQHandler                        0x08002d27   Thumb Code     0  startup_stm32f40xx.o(.text)
    USART2_IRQHandler                        0x08002d27   Thumb Code     0  startup_stm32f40xx.o(.text)
    USART3_IRQHandler                        0x08002d27   Thumb Code     0  startup_stm32f40xx.o(.text)
    USART6_IRQHandler                        0x08002d27   Thumb Code     0  startup_stm32f40xx.o(.text)
    WWDG_IRQHandler                          0x08002d27   Thumb Code     0  startup_stm32f40xx.o(.text)
    __user_initial_stackheap                 0x08002d29   Thumb Code     0  startup_stm32f40xx.o(.text)
    SystemInit                               0x08002e29   Thumb Code    88  system_stm32f4xx.o(.text)
    SystemCoreClockUpdate                    0x08002e81   Thumb Code   174  system_stm32f4xx.o(.text)
    CAN_DeInit                               0x08002f5d   Thumb Code    50  stm32f4xx_can.o(.text)
    CAN_Init                                 0x08002f8f   Thumb Code   276  stm32f4xx_can.o(.text)
    CAN_FilterInit                           0x080030a3   Thumb Code   258  stm32f4xx_can.o(.text)
    CAN_StructInit                           0x080031a5   Thumb Code    32  stm32f4xx_can.o(.text)
    CAN_SlaveStartBank                       0x080031c5   Thumb Code    48  stm32f4xx_can.o(.text)
    CAN_DBGFreeze                            0x080031f5   Thumb Code    22  stm32f4xx_can.o(.text)
    CAN_TTComModeCmd                         0x0800320b   Thumb Code   118  stm32f4xx_can.o(.text)
    CAN_Transmit                             0x08003281   Thumb Code   304  stm32f4xx_can.o(.text)
    CAN_TransmitStatus                       0x080033b1   Thumb Code   138  stm32f4xx_can.o(.text)
    CAN_CancelTransmit                       0x0800343b   Thumb Code    48  stm32f4xx_can.o(.text)
    CAN_Receive                              0x0800346b   Thumb Code   240  stm32f4xx_can.o(.text)
    CAN_FIFORelease                          0x0800355b   Thumb Code    22  stm32f4xx_can.o(.text)
    CAN_MessagePending                       0x08003571   Thumb Code    30  stm32f4xx_can.o(.text)
    CAN_OperatingModeRequest                 0x0800358f   Thumb Code   162  stm32f4xx_can.o(.text)
    CAN_Sleep                                0x08003631   Thumb Code    30  stm32f4xx_can.o(.text)
    CAN_WakeUp                               0x0800364f   Thumb Code    48  stm32f4xx_can.o(.text)
    CAN_GetLastErrorCode                     0x0800367f   Thumb Code    12  stm32f4xx_can.o(.text)
    CAN_GetReceiveErrorCounter               0x0800368b   Thumb Code    10  stm32f4xx_can.o(.text)
    CAN_GetLSBTransmitErrorCounter           0x08003695   Thumb Code    12  stm32f4xx_can.o(.text)
    CAN_ITConfig                             0x080036a1   Thumb Code    18  stm32f4xx_can.o(.text)
    CAN_GetFlagStatus                        0x080036b3   Thumb Code   120  stm32f4xx_can.o(.text)
    CAN_ClearFlag                            0x0800372b   Thumb Code    52  stm32f4xx_can.o(.text)
    CAN_GetITStatus                          0x08003771   Thumb Code   310  stm32f4xx_can.o(.text)
    CAN_ClearITPendingBit                    0x080038a7   Thumb Code   162  stm32f4xx_can.o(.text)
    DMA_DeInit                               0x0800394d   Thumb Code   324  stm32f4xx_dma.o(.text)
    DMA_Init                                 0x08003a91   Thumb Code    82  stm32f4xx_dma.o(.text)
    DMA_StructInit                           0x08003ae3   Thumb Code    34  stm32f4xx_dma.o(.text)
    DMA_Cmd                                  0x08003b05   Thumb Code    22  stm32f4xx_dma.o(.text)
    DMA_PeriphIncOffsetSizeConfig            0x08003b1b   Thumb Code    22  stm32f4xx_dma.o(.text)
    DMA_FlowControllerConfig                 0x08003b31   Thumb Code    22  stm32f4xx_dma.o(.text)
    DMA_SetCurrDataCounter                   0x08003b47   Thumb Code     4  stm32f4xx_dma.o(.text)
    DMA_GetCurrDataCounter                   0x08003b4b   Thumb Code     8  stm32f4xx_dma.o(.text)
    DMA_DoubleBufferModeConfig               0x08003b53   Thumb Code    24  stm32f4xx_dma.o(.text)
    DMA_DoubleBufferModeCmd                  0x08003b6b   Thumb Code    22  stm32f4xx_dma.o(.text)
    DMA_MemoryTargetConfig                   0x08003b81   Thumb Code    10  stm32f4xx_dma.o(.text)
    DMA_GetCurrentMemoryTarget               0x08003b8b   Thumb Code    20  stm32f4xx_dma.o(.text)
    DMA_GetCmdStatus                         0x08003b9f   Thumb Code    20  stm32f4xx_dma.o(.text)
    DMA_GetFIFOStatus                        0x08003bb3   Thumb Code    12  stm32f4xx_dma.o(.text)
    DMA_GetFlagStatus                        0x08003bbf   Thumb Code    56  stm32f4xx_dma.o(.text)
    DMA_ClearFlag                            0x08003bf7   Thumb Code    40  stm32f4xx_dma.o(.text)
    DMA_ITConfig                             0x08003c1f   Thumb Code    58  stm32f4xx_dma.o(.text)
    DMA_GetITStatus                          0x08003c59   Thumb Code    84  stm32f4xx_dma.o(.text)
    DMA_ClearITPendingBit                    0x08003cad   Thumb Code    40  stm32f4xx_dma.o(.text)
    _sys_exit                                0x08003cf5   Thumb Code     8  usart.o(.text)
    fputc                                    0x08003cfd   Thumb Code    22  usart.o(.text)
    uart_init                                0x08003d13   Thumb Code     2  usart.o(.text)
    IIC_Init                                 0x08003d19   Thumb Code    60  myiic.o(.text)
    IIC_Start                                0x08003d55   Thumb Code    68  myiic.o(.text)
    IIC_Stop                                 0x08003d99   Thumb Code    62  myiic.o(.text)
    IIC_Wait_Ack                             0x08003dd7   Thumb Code    82  myiic.o(.text)
    IIC_Ack                                  0x08003e29   Thumb Code    66  myiic.o(.text)
    IIC_NAck                                 0x08003e6b   Thumb Code    66  myiic.o(.text)
    IIC_Send_Byte                            0x08003ead   Thumb Code    90  myiic.o(.text)
    IIC_Read_Byte                            0x08003f07   Thumb Code    94  myiic.o(.text)
    MPU_Write_Byte                           0x08003f71   Thumb Code    68  mpu6050.o(.text)
    MPU_Set_LPF                              0x08003fb5   Thumb Code    58  mpu6050.o(.text)
    MPU_Set_Rate                             0x08003fef   Thumb Code    58  mpu6050.o(.text)
    MPU_Read_Byte                            0x08004029   Thumb Code    58  mpu6050.o(.text)
    MPU_Set_Accel_Fsr                        0x08004063   Thumb Code    16  mpu6050.o(.text)
    MPU_Set_Gyro_Fsr                         0x08004073   Thumb Code    16  mpu6050.o(.text)
    MPU_Init                                 0x08004083   Thumb Code   122  mpu6050.o(.text)
    MPU_Read_Len                             0x080040fd   Thumb Code   116  mpu6050.o(.text)
    MPU_Get_Temperature                      0x08004171   Thumb Code   110  mpu6050.o(.text)
    MPU_Get_Gyroscope                        0x080041df   Thumb Code    80  mpu6050.o(.text)
    MPU_Get_Accelerometer                    0x0800422f   Thumb Code    80  mpu6050.o(.text)
    MPU_Write_Len                            0x0800427f   Thumb Code    96  mpu6050.o(.text)
    mpu_reg_dump                             0x0800437f   Thumb Code    84  inv_mpu.o(.text)
    mpu_read_reg                             0x080043d3   Thumb Code    66  inv_mpu.o(.text)
    mpu_set_int_latched                      0x08004415   Thumb Code   102  inv_mpu.o(.text)
    mpu_set_sensors                          0x0800447b   Thumb Code   202  inv_mpu.o(.text)
    mpu_set_bypass                           0x08004545   Thumb Code   328  inv_mpu.o(.text)
    mpu_reset_fifo                           0x0800468d   Thumb Code   472  inv_mpu.o(.text)
    mpu_configure_fifo                       0x08004865   Thumb Code   106  inv_mpu.o(.text)
    mpu_set_lpf                              0x080048cf   Thumb Code   126  inv_mpu.o(.text)
    mpu_lp_accel_mode                        0x0800494d   Thumb Code   218  inv_mpu.o(.text)
    mpu_set_sample_rate                      0x08004a27   Thumb Code   152  inv_mpu.o(.text)
    mpu_set_accel_fsr                        0x08004abf   Thumb Code   132  inv_mpu.o(.text)
    mpu_set_gyro_fsr                         0x08004b43   Thumb Code   132  inv_mpu.o(.text)
    mpu_init                                 0x08004bc7   Thumb Code   416  inv_mpu.o(.text)
    mget_ms                                  0x08004d67   Thumb Code     2  inv_mpu.o(.text)
    mpu_get_gyro_reg                         0x08004d69   Thumb Code   110  inv_mpu.o(.text)
    mpu_get_accel_reg                        0x08004dd7   Thumb Code   110  inv_mpu.o(.text)
    mpu_get_temperature                      0x08004e45   Thumb Code   142  inv_mpu.o(.text)
    mpu_set_accel_bias                       0x08004ed3   Thumb Code   472  inv_mpu.o(.text)
    mpu_get_gyro_fsr                         0x080050ab   Thumb Code    64  inv_mpu.o(.text)
    mpu_get_accel_fsr                        0x080050eb   Thumb Code    72  inv_mpu.o(.text)
    mpu_get_lpf                              0x08005133   Thumb Code    74  inv_mpu.o(.text)
    mpu_get_sample_rate                      0x0800517d   Thumb Code    26  inv_mpu.o(.text)
    mpu_get_compass_sample_rate              0x08005197   Thumb Code    10  inv_mpu.o(.text)
    mpu_set_compass_sample_rate              0x080051a1   Thumb Code     8  inv_mpu.o(.text)
    mpu_get_gyro_sens                        0x080051a9   Thumb Code    74  inv_mpu.o(.text)
    mpu_get_accel_sens                       0x080051f3   Thumb Code    78  inv_mpu.o(.text)
    mpu_get_fifo_config                      0x08005241   Thumb Code    12  inv_mpu.o(.text)
    mpu_get_power_state                      0x0800524d   Thumb Code    22  inv_mpu.o(.text)
    mpu_get_int_status                       0x08005263   Thumb Code    64  inv_mpu.o(.text)
    mpu_read_fifo                            0x080052a3   Thumb Code   520  inv_mpu.o(.text)
    mpu_read_fifo_stream                     0x080054ab   Thumb Code   186  inv_mpu.o(.text)
    mpu_set_int_level                        0x08005565   Thumb Code    12  inv_mpu.o(.text)
    mpu_set_dmp_state                        0x08005c75   Thumb Code   138  inv_mpu.o(.text)
    mpu_run_self_test                        0x08005cff   Thumb Code   278  inv_mpu.o(.text)
    mpu_write_mem                            0x08005e15   Thumb Code   122  inv_mpu.o(.text)
    mpu_read_mem                             0x08005e8f   Thumb Code   122  inv_mpu.o(.text)
    mpu_load_firmware                        0x08005f09   Thumb Code   190  inv_mpu.o(.text)
    mpu_get_dmp_state                        0x08005fc7   Thumb Code    14  inv_mpu.o(.text)
    setup_compass                            0x08005fd5   Thumb Code     6  inv_mpu.o(.text)
    mpu_get_compass_reg                      0x08005fdb   Thumb Code     8  inv_mpu.o(.text)
    mpu_get_compass_fsr                      0x08005fe3   Thumb Code     8  inv_mpu.o(.text)
    mpu_lp_motion_interrupt                  0x08005feb   Thumb Code   512  inv_mpu.o(.text)
    run_self_test                            0x080061eb   Thumb Code   158  inv_mpu.o(.text)
    inv_row_2_scale                          0x08006289   Thumb Code    78  inv_mpu.o(.text)
    inv_orientation_matrix_to_scalar         0x080062d7   Thumb Code    40  inv_mpu.o(.text)
    mpu_dmp_init                             0x080062ff   Thumb Code   166  inv_mpu.o(.text)
    mpu_dmp_get_data                         0x080063a5   Thumb Code   520  inv_mpu.o(.text)
    dmp_load_motion_driver_firmware          0x080065c1   Thumb Code    20  inv_mpu_dmp_motion_driver.o(.text)
    dmp_set_orientation                      0x080065d5   Thumb Code   290  inv_mpu_dmp_motion_driver.o(.text)
    dmp_set_gyro_bias                        0x080066f7   Thumb Code   294  inv_mpu_dmp_motion_driver.o(.text)
    dmp_set_accel_bias                       0x0800681d   Thumb Code   300  inv_mpu_dmp_motion_driver.o(.text)
    dmp_set_fifo_rate                        0x08006949   Thumb Code   136  inv_mpu_dmp_motion_driver.o(.text)
    dmp_get_fifo_rate                        0x080069d1   Thumb Code    12  inv_mpu_dmp_motion_driver.o(.text)
    dmp_set_tap_thresh                       0x080069dd   Thumb Code   412  inv_mpu_dmp_motion_driver.o(.text)
    dmp_set_tap_axes                         0x08006b79   Thumb Code    70  inv_mpu_dmp_motion_driver.o(.text)
    dmp_set_tap_count                        0x08006bbf   Thumb Code    38  inv_mpu_dmp_motion_driver.o(.text)
    dmp_set_tap_time                         0x08006be5   Thumb Code    38  inv_mpu_dmp_motion_driver.o(.text)
    dmp_set_tap_time_multi                   0x08006c0b   Thumb Code    38  inv_mpu_dmp_motion_driver.o(.text)
    dmp_set_shake_reject_thresh              0x08006c31   Thumb Code    56  inv_mpu_dmp_motion_driver.o(.text)
    dmp_set_shake_reject_time                0x08006c69   Thumb Code    38  inv_mpu_dmp_motion_driver.o(.text)
    dmp_set_shake_reject_timeout             0x08006c8f   Thumb Code    38  inv_mpu_dmp_motion_driver.o(.text)
    dmp_get_pedometer_step_count             0x08006cb5   Thumb Code    66  inv_mpu_dmp_motion_driver.o(.text)
    dmp_set_pedometer_step_count             0x08006cf7   Thumb Code    42  inv_mpu_dmp_motion_driver.o(.text)
    dmp_get_pedometer_walk_time              0x08006d21   Thumb Code    72  inv_mpu_dmp_motion_driver.o(.text)
    dmp_set_pedometer_walk_time              0x08006d69   Thumb Code    48  inv_mpu_dmp_motion_driver.o(.text)
    dmp_enable_6x_lp_quat                    0x08006d99   Thumb Code   100  inv_mpu_dmp_motion_driver.o(.text)
    dmp_enable_lp_quat                       0x08006dfd   Thumb Code    60  inv_mpu_dmp_motion_driver.o(.text)
    dmp_enable_gyro_cal                      0x08006e39   Thumb Code    62  inv_mpu_dmp_motion_driver.o(.text)
    dmp_enable_feature                       0x08006e77   Thumb Code   530  inv_mpu_dmp_motion_driver.o(.text)
    dmp_get_enabled_features                 0x08007089   Thumb Code    12  inv_mpu_dmp_motion_driver.o(.text)
    dmp_set_interrupt_mode                   0x080070f3   Thumb Code    66  inv_mpu_dmp_motion_driver.o(.text)
    dmp_read_fifo                            0x08007135   Thumb Code   514  inv_mpu_dmp_motion_driver.o(.text)
    dmp_register_tap_cb                      0x08007337   Thumb Code    10  inv_mpu_dmp_motion_driver.o(.text)
    dmp_register_android_orient_cb           0x08007341   Thumb Code    10  inv_mpu_dmp_motion_driver.o(.text)
    Wait_stand_init                          0x08007351   Thumb Code    46  task_chassis.o(.text)
    mpu_AngleAnaly                           0x0800737f   Thumb Code    76  task_chassis.o(.text)
    send_chassis_moto                        0x080073cb   Thumb Code    42  task_chassis.o(.text)
    chassis_control                          0x080073f5   Thumb Code   410  task_chassis.o(.text)
    send_gimble_moto                         0x080075e9   Thumb Code    42  task_gimble.o(.text)
    gimble_control                           0x08007613   Thumb Code   182  task_gimble.o(.text)
    remote_calculate                         0x080076ed   Thumb Code   384  remote.o(.text)
    control_circle_init                      0x0800786d   Thumb Code    18  remote.o(.text)
    __use_no_semihosting                     0x080078c9   Thumb Code     2  use_no_semi_2.o(.text)
    __aeabi_ldivmod                          0x080078cb   Thumb Code     0  llsdiv.o(.text)
    _ll_sdiv                                 0x080078cb   Thumb Code    72  llsdiv.o(.text)
    __2printf                                0x08007915   Thumb Code    20  noretval__2printf.o(.text)
    _printf_pre_padding                      0x0800792d   Thumb Code    44  _printf_pad.o(.text)
    _printf_post_padding                     0x08007959   Thumb Code    34  _printf_pad.o(.text)
    _printf_int_dec                          0x0800797d   Thumb Code   104  _printf_dec.o(.text)
    _printf_int_hex                          0x080079f5   Thumb Code    84  _printf_hex_int.o(.text)
    _printf_longlong_hex                     0x080079f5   Thumb Code     0  _printf_hex_int.o(.text)
    __printf                                 0x08007a4d   Thumb Code   308  __printf_flags_wp.o(.text)
    memcmp                                   0x08007b85   Thumb Code    88  memcmp.o(.text)
    __aeabi_memset                           0x08007bdd   Thumb Code    16  aeabi_memset.o(.text)
    __use_two_region_memory                  0x08007bed   Thumb Code     2  heapauxi.o(.text)
    __rt_heap_escrow$2region                 0x08007bef   Thumb Code     2  heapauxi.o(.text)
    __rt_heap_expand$2region                 0x08007bf1   Thumb Code     2  heapauxi.o(.text)
    __I$use$semihosting                      0x08007bf3   Thumb Code     0  use_no_semi.o(.text)
    __use_no_semihosting_swi                 0x08007bf3   Thumb Code     2  use_no_semi.o(.text)
    __aeabi_uldivmod                         0x08007bf5   Thumb Code     0  lludivv7m.o(.text)
    _ll_udiv                                 0x08007bf5   Thumb Code   238  lludivv7m.o(.text)
    __read_errno                             0x08007ce3   Thumb Code    10  _rserrno.o(.text)
    __set_errno                              0x08007ced   Thumb Code    12  _rserrno.o(.text)
    _printf_int_common                       0x08007cf9   Thumb Code   178  _printf_intcommon.o(.text)
    _printf_char_file                        0x08007dad   Thumb Code    32  _printf_char_file.o(.text)
    __aeabi_memclr                           0x08007dd1   Thumb Code     0  rt_memclr.o(.text)
    __rt_memclr                              0x08007dd1   Thumb Code    68  rt_memclr.o(.text)
    _memset                                  0x08007dd5   Thumb Code     0  rt_memclr.o(.text)
    __aeabi_errno_addr                       0x08007e15   Thumb Code     8  rt_errno_addr_intlibspace.o(.text)
    __errno$intlibspace                      0x08007e15   Thumb Code     0  rt_errno_addr_intlibspace.o(.text)
    __rt_errno_addr$intlibspace              0x08007e15   Thumb Code     0  rt_errno_addr_intlibspace.o(.text)
    _printf_char_common                      0x08007e27   Thumb Code    32  _printf_char_common.o(.text)
    ferror                                   0x08007e4d   Thumb Code     8  ferror.o(.text)
    __aeabi_memclr4                          0x08007e55   Thumb Code     0  rt_memclr_w.o(.text)
    __aeabi_memclr8                          0x08007e55   Thumb Code     0  rt_memclr_w.o(.text)
    __rt_memclr_w                            0x08007e55   Thumb Code    78  rt_memclr_w.o(.text)
    _memset_w                                0x08007e59   Thumb Code     0  rt_memclr_w.o(.text)
    __user_libspace                          0x08007ea5   Thumb Code     8  libspace.o(.text)
    __user_perproc_libspace                  0x08007ea5   Thumb Code     0  libspace.o(.text)
    __user_perthread_libspace                0x08007ea5   Thumb Code     0  libspace.o(.text)
    __user_setup_stackheap                   0x08007ead   Thumb Code    74  sys_stackheap_outer.o(.text)
    exit                                     0x08007ef7   Thumb Code    18  exit.o(.text)
    __ARM_fpclassify                         0x08007f09   Thumb Code    48  fpclassify.o(i.__ARM_fpclassify)
    __hardfp_asin                            0x08007f39   Thumb Code   770  asin.o(i.__hardfp_asin)
    __hardfp_atan                            0x08008299   Thumb Code   622  atan.o(i.__hardfp_atan)
    __hardfp_atan2                           0x08008571   Thumb Code   432  atan2.o(i.__hardfp_atan2)
    __kernel_poly                            0x08008761   Thumb Code   248  poly.o(i.__kernel_poly)
    __mathlib_dbl_infnan                     0x08008859   Thumb Code    20  dunder.o(i.__mathlib_dbl_infnan)
    __mathlib_dbl_infnan2                    0x0800886d   Thumb Code    20  dunder.o(i.__mathlib_dbl_infnan2)
    __mathlib_dbl_invalid                    0x08008881   Thumb Code    24  dunder.o(i.__mathlib_dbl_invalid)
    __mathlib_dbl_underflow                  0x080088a1   Thumb Code    24  dunder.o(i.__mathlib_dbl_underflow)
    _is_digit                                0x080088c1   Thumb Code    14  __printf_wp.o(i._is_digit)
    atan                                     0x080088cf   Thumb Code    16  atan.o(i.atan)
    fabs                                     0x080088df   Thumb Code    24  fabs.o(i.fabs)
    sqrt                                     0x080088f7   Thumb Code   110  sqrt.o(i.sqrt)
    __aeabi_dneg                             0x08008965   Thumb Code     0  basic.o(x$fpl$basic)
    _dneg                                    0x08008965   Thumb Code     6  basic.o(x$fpl$basic)
    __aeabi_fneg                             0x0800896b   Thumb Code     0  basic.o(x$fpl$basic)
    _fneg                                    0x0800896b   Thumb Code     6  basic.o(x$fpl$basic)
    _dabs                                    0x08008971   Thumb Code     6  basic.o(x$fpl$basic)
    _fabs                                    0x08008977   Thumb Code     6  basic.o(x$fpl$basic)
    __aeabi_d2f                              0x0800897d   Thumb Code     0  d2f.o(x$fpl$d2f)
    _d2f                                     0x0800897d   Thumb Code    98  d2f.o(x$fpl$d2f)
    __aeabi_dadd                             0x080089e1   Thumb Code     0  daddsub_clz.o(x$fpl$dadd)
    _dadd                                    0x080089e1   Thumb Code   332  daddsub_clz.o(x$fpl$dadd)
    __aeabi_ddiv                             0x08008b31   Thumb Code     0  ddiv.o(x$fpl$ddiv)
    _ddiv                                    0x08008b31   Thumb Code   552  ddiv.o(x$fpl$ddiv)
    __aeabi_i2d                              0x08008de1   Thumb Code     0  dflt_clz.o(x$fpl$dflt)
    _dflt                                    0x08008de1   Thumb Code    46  dflt_clz.o(x$fpl$dflt)
    __aeabi_dmul                             0x08008e11   Thumb Code     0  dmul.o(x$fpl$dmul)
    _dmul                                    0x08008e11   Thumb Code   332  dmul.o(x$fpl$dmul)
    __fpl_dnaninf                            0x08008f65   Thumb Code   156  dnaninf.o(x$fpl$dnaninf)
    __fpl_dretinf                            0x08009001   Thumb Code    12  dretinf.o(x$fpl$dretinf)
    __aeabi_drsub                            0x0800900d   Thumb Code     0  daddsub_clz.o(x$fpl$drsb)
    _drsb                                    0x0800900d   Thumb Code    22  daddsub_clz.o(x$fpl$drsb)
    _dsqrt                                   0x08009025   Thumb Code   404  dsqrt_umaal.o(x$fpl$dsqrt)
    __aeabi_dsub                             0x080091bd   Thumb Code     0  daddsub_clz.o(x$fpl$dsub)
    _dsub                                    0x080091bd   Thumb Code   464  daddsub_clz.o(x$fpl$dsub)
    __aeabi_f2d                              0x08009391   Thumb Code     0  f2d.o(x$fpl$f2d)
    _f2d                                     0x08009391   Thumb Code    86  f2d.o(x$fpl$f2d)
    __fpl_fnaninf                            0x080093e7   Thumb Code   140  fnaninf.o(x$fpl$fnaninf)
    _fp_init                                 0x08009473   Thumb Code    10  fpinit.o(x$fpl$fpinit)
    __fplib_config_fpu_vfp                   0x0800947b   Thumb Code     0  fpinit.o(x$fpl$fpinit)
    __fplib_config_pureend_doubles           0x0800947b   Thumb Code     0  fpinit.o(x$fpl$fpinit)
    __fpl_fretinf                            0x0800947d   Thumb Code    10  fretinf.o(x$fpl$fretinf)
    CRC8_INIT                                0x08009486   Data           1  crc.o(.constdata)
    __I$use$fp                               0x08009486   Number         0  usenofp.o(x$fpl$usenofp)
    CRC8_TAB                                 0x08009487   Data         256  crc.o(.constdata)
    wCRC_Table                               0x08009588   Data         512  crc.o(.constdata)
    reg                                      0x08009788   Data          27  inv_mpu.o(.constdata)
    hw                                       0x080097a4   Data          12  inv_mpu.o(.constdata)
    test                                     0x080097b0   Data          40  inv_mpu.o(.constdata)
    __mathlib_zero                           0x0800a4f0   Data           8  qnan.o(.constdata)
    Region$$Table$$Base                      0x0800a548   Number         0  anon$$obj.o(Region$$Table)
    Region$$Table$$Limit                     0x0800a568   Number         0  anon$$obj.o(Region$$Table)
    Remote_time                              0x20000000   Data           4  main.o(.data)
    see1                                     0x20000004   Data           4  main.o(.data)
    see2                                     0x20000008   Data           4  main.o(.data)
    see3                                     0x2000000c   Data           4  main.o(.data)
    see4                                     0x20000010   Data           4  main.o(.data)
    see5                                     0x20000014   Data           4  main.o(.data)
    see6                                     0x20000018   Data           4  main.o(.data)
    seeP                                     0x2000001c   Data           4  main.o(.data)
    seeI                                     0x20000020   Data           4  main.o(.data)
    seeD                                     0x20000024   Data           4  main.o(.data)
    seeerror                                 0x20000028   Data           4  main.o(.data)
    seefeedback                              0x2000002c   Data           4  main.o(.data)
    seetarget                                0x20000030   Data           4  main.o(.data)
    seedetaerror                             0x20000034   Data           4  main.o(.data)
    seeout                                   0x20000038   Data           4  main.o(.data)
    seeintegrate                             0x2000003c   Data           4  main.o(.data)
    sysTickUptime                            0x20000040   Data           4  stm32f4xx_it.o(.data)
    currentTime                              0x20000048   Data           4  system.o(.data)
    loopTime_1ms                             0x2000004c   Data           4  system.o(.data)
    previousTime                             0x20000050   Data           4  system.o(.data)
    cycleTime                                0x20000054   Data           2  system.o(.data)
    gyrox                                    0x20000056   Data           2  system.o(.data)
    gyroy                                    0x20000058   Data           2  system.o(.data)
    gyroz                                    0x2000005a   Data           2  system.o(.data)
    pitch                                    0x2000005c   Data           4  system.o(.data)
    roll                                     0x20000060   Data           4  system.o(.data)
    yaw                                      0x20000064   Data           4  system.o(.data)
    yaw_10                                   0x20000068   Data           4  system.o(.data)
    SystemMonitor                            0x2000006c   Data           4  system.o(.data)
    pass_num                                 0x20000070   Data           4  system.o(.data)
    pass_flag                                0x20000074   Data           1  system.o(.data)
    _KP                                      0x20000090   Data          40  pid.o(.data)
    _KI                                      0x200000b8   Data          40  pid.o(.data)
    _KD                                      0x200000e0   Data          40  pid.o(.data)
    KI_addlimit                              0x20000108   Data          40  pid.o(.data)
    Set_out_limit                            0x20000130   Data          40  pid.o(.data)
    pid_chassis_Array                        0x20000158   Data         256  pid.o(.data)
    pid_gimble_Array                         0x20000258   Data         256  pid.o(.data)
    AllFlag                                  0x20000358   Data           4  2ms_analy.o(.data)
    T_Q_Array                                0x20000374   Data          40  kalman.o(.data)
    T_R_Array                                0x2000039c   Data          40  kalman.o(.data)
    Pout_Q                                   0x200003c4   Data           4  kalman.o(.data)
    Pout_R                                   0x200003c8   Data           4  kalman.o(.data)
    CAN1interruptnumber                      0x200003d0   Data           4  can1.o(.data)
    ReceiveFlag_chassis                      0x200003d4   Data           1  can1.o(.data)
    ReceiveFlag_Gimble                       0x200003d5   Data           1  can1.o(.data)
    DMAinterruptnumber                       0x200003d8   Data           4  usart2.o(.data)
    CRC_INIT                                 0x200003dc   Data           2  crc.o(.data)
    SystemCoreClock                          0x200003f0   Data           4  system_stm32f4xx.o(.data)
    AHBPrescTable                            0x200003f4   Data          16  system_stm32f4xx.o(.data)
    __stdout                                 0x20000404   Data           4  usart.o(.data)
    Store_NextSpeed1                         0x20000440   Data           2  task_chassis.o(.data)
    Store_NextAngle1                         0x20000442   Data           2  task_chassis.o(.data)
    Store_NextSpeed2                         0x20000444   Data           2  task_chassis.o(.data)
    Store_NextAngle2                         0x20000446   Data           2  task_chassis.o(.data)
    stand_angle1                             0x20000448   Data           4  task_chassis.o(.data)
    stand_angle2                             0x2000044c   Data           4  task_chassis.o(.data)
    stand_Speed1                             0x20000450   Data           4  task_chassis.o(.data)
    stand_Speed2                             0x20000454   Data           4  task_chassis.o(.data)
    speedcircle_speed1                       0x20000458   Data           4  task_chassis.o(.data)
    speedcircle_speed2                       0x2000045c   Data           4  task_chassis.o(.data)
    stand_speedproportion1                   0x20000460   Data           4  task_chassis.o(.data)
    speed_speedproportion1                   0x20000464   Data           4  task_chassis.o(.data)
    Send_chassis_Array                       0x20000468   Data           8  task_chassis.o(.data)
    Store_NextSpeed_gimbel1                  0x20000470   Data           2  task_gimble.o(.data)
    Store_NextAngle_gimbel1                  0x20000472   Data           2  task_gimble.o(.data)
    Store_NextSpeed_gimbel2                  0x20000474   Data           2  task_gimble.o(.data)
    Store_NextAngle_gimbel2                  0x20000476   Data           2  task_gimble.o(.data)
    Send_gimble_Array                        0x20000478   Data           8  task_gimble.o(.data)
    Gimbel_remotepitch_Speedsensitivity      0x20000480   Data           4  remote.o(.data)
    Gimbel_remotepitch_Anglesensitivity      0x20000484   Data           4  remote.o(.data)
    Gimbel_remoteyaw_Speedsensitivity        0x20000488   Data           4  remote.o(.data)
    Gimbel_remoteyaw_Anglesensitivity        0x2000048c   Data           4  remote.o(.data)
    centeryaw                                0x20000490   Data           4  remote.o(.data)
    Add_down_gimble                          0x20000494   Data           4  remote.o(.data)
    Circle_analy                             0x20000498   Data           5  remote.o(.data)
    Total_pid                                0x200004a0   Data         640  pid.o(.bss)
    Blind                                    0x20000720   Data          40  pid.o(.bss)
    P_out_kalman                             0x20000748   Data         440  kalman.o(.bss)
    Chassis_Moto_Info_Array                  0x20000900   Data         108  can1.o(.bss)
    Gimbel_Moto_Info_Array                   0x2000096c   Data         108  can1.o(.bss)
    sbus_rx_buffer                           0x200009d8   Data          25  usart2.o(.bss)
    RC_Ctl                                   0x200009f2   Data          22  usart2.o(.bss)
    mpu_data_Array                           0x20000a18   Data         216  task_chassis.o(.bss)
    Remote_Target_Array                      0x20000af0   Data          20  remote.o(.bss)
    __libspace_start                         0x20000b04   Data          96  libspace.o(.bss)
    __temporary_stack_top$libspace           0x20000b64   Data           0  libspace.o(.bss)



==============================================================================

Memory Map of the image

  Image Entry point : 0x08000189

  Load Region LR_IROM1 (Base: 0x08000000, Size: 0x0000aa08, Max: 0x00080000, ABSOLUTE, COMPRESSED[0x0000a608])

    Execution Region ER_IROM1 (Exec base: 0x08000000, Load base: 0x08000000, Size: 0x0000a568, Max: 0x00080000, ABSOLUTE)

    Exec Addr    Load Addr    Size         Type   Attr      Idx    E Section Name        Object

    0x08000000   0x08000000   0x00000188   Data   RO          748    RESET               startup_stm32f40xx.o
    0x08000188   0x08000188   0x00000008   Code   RO         1227  * !!!main             c_w.l(__main.o)
    0x08000190   0x08000190   0x00000034   Code   RO         1536    !!!scatter          c_w.l(__scatter.o)
    0x080001c4   0x080001c4   0x0000005a   Code   RO         1534    !!dczerorl2         c_w.l(__dczerorl2.o)
    0x0800021e   0x0800021e   0x00000002   PAD
    0x08000220   0x08000220   0x0000001c   Code   RO         1538    !!handler_zi        c_w.l(__scatter_zi.o)
    0x0800023c   0x0800023c   0x00000000   Code   RO         1220    .ARM.Collect$$_printf_percent$$00000000  c_w.l(_printf_percent.o)
    0x0800023c   0x0800023c   0x00000006   Code   RO         1219    .ARM.Collect$$_printf_percent$$00000009  c_w.l(_printf_d.o)
    0x08000242   0x08000242   0x00000006   Code   RO         1218    .ARM.Collect$$_printf_percent$$0000000C  c_w.l(_printf_x.o)
    0x08000248   0x08000248   0x00000004   Code   RO         1288    .ARM.Collect$$_printf_percent$$00000017  c_w.l(_printf_percent_end.o)
    0x0800024c   0x0800024c   0x00000002   Code   RO         1405    .ARM.Collect$$libinit$$00000000  c_w.l(libinit.o)
    0x0800024e   0x0800024e   0x00000004   Code   RO         1414    .ARM.Collect$$libinit$$00000001  c_w.l(libinit2.o)
    0x08000252   0x08000252   0x00000000   Code   RO         1417    .ARM.Collect$$libinit$$00000004  c_w.l(libinit2.o)
    0x08000252   0x08000252   0x00000000   Code   RO         1420    .ARM.Collect$$libinit$$0000000A  c_w.l(libinit2.o)
    0x08000252   0x08000252   0x00000000   Code   RO         1422    .ARM.Collect$$libinit$$0000000C  c_w.l(libinit2.o)
    0x08000252   0x08000252   0x00000000   Code   RO         1424    .ARM.Collect$$libinit$$0000000E  c_w.l(libinit2.o)
    0x08000252   0x08000252   0x00000000   Code   RO         1427    .ARM.Collect$$libinit$$00000011  c_w.l(libinit2.o)
    0x08000252   0x08000252   0x00000000   Code   RO         1429    .ARM.Collect$$libinit$$00000013  c_w.l(libinit2.o)
    0x08000252   0x08000252   0x00000000   Code   RO         1431    .ARM.Collect$$libinit$$00000015  c_w.l(libinit2.o)
    0x08000252   0x08000252   0x00000000   Code   RO         1433    .ARM.Collect$$libinit$$00000017  c_w.l(libinit2.o)
    0x08000252   0x08000252   0x00000000   Code   RO         1435    .ARM.Collect$$libinit$$00000019  c_w.l(libinit2.o)
    0x08000252   0x08000252   0x00000000   Code   RO         1437    .ARM.Collect$$libinit$$0000001B  c_w.l(libinit2.o)
    0x08000252   0x08000252   0x00000000   Code   RO         1439    .ARM.Collect$$libinit$$0000001D  c_w.l(libinit2.o)
    0x08000252   0x08000252   0x00000000   Code   RO         1441    .ARM.Collect$$libinit$$0000001F  c_w.l(libinit2.o)
    0x08000252   0x08000252   0x00000000   Code   RO         1443    .ARM.Collect$$libinit$$00000021  c_w.l(libinit2.o)
    0x08000252   0x08000252   0x00000000   Code   RO         1445    .ARM.Collect$$libinit$$00000023  c_w.l(libinit2.o)
    0x08000252   0x08000252   0x00000000   Code   RO         1447    .ARM.Collect$$libinit$$00000025  c_w.l(libinit2.o)
    0x08000252   0x08000252   0x00000000   Code   RO         1451    .ARM.Collect$$libinit$$0000002C  c_w.l(libinit2.o)
    0x08000252   0x08000252   0x00000000   Code   RO         1453    .ARM.Collect$$libinit$$0000002E  c_w.l(libinit2.o)
    0x08000252   0x08000252   0x00000000   Code   RO         1455    .ARM.Collect$$libinit$$00000030  c_w.l(libinit2.o)
    0x08000252   0x08000252   0x00000000   Code   RO         1457    .ARM.Collect$$libinit$$00000032  c_w.l(libinit2.o)
    0x08000252   0x08000252   0x00000002   Code   RO         1458    .ARM.Collect$$libinit$$00000033  c_w.l(libinit2.o)
    0x08000254   0x08000254   0x00000002   Code   RO         1486    .ARM.Collect$$libshutdown$$00000000  c_w.l(libshutdown.o)
    0x08000256   0x08000256   0x00000000   Code   RO         1500    .ARM.Collect$$libshutdown$$00000002  c_w.l(libshutdown2.o)
    0x08000256   0x08000256   0x00000000   Code   RO         1502    .ARM.Collect$$libshutdown$$00000004  c_w.l(libshutdown2.o)
    0x08000256   0x08000256   0x00000000   Code   RO         1505    .ARM.Collect$$libshutdown$$00000007  c_w.l(libshutdown2.o)
    0x08000256   0x08000256   0x00000000   Code   RO         1508    .ARM.Collect$$libshutdown$$0000000A  c_w.l(libshutdown2.o)
    0x08000256   0x08000256   0x00000000   Code   RO         1510    .ARM.Collect$$libshutdown$$0000000C  c_w.l(libshutdown2.o)
    0x08000256   0x08000256   0x00000000   Code   RO         1513    .ARM.Collect$$libshutdown$$0000000F  c_w.l(libshutdown2.o)
    0x08000256   0x08000256   0x00000002   Code   RO         1514    .ARM.Collect$$libshutdown$$00000010  c_w.l(libshutdown2.o)
    0x08000258   0x08000258   0x00000000   Code   RO         1279    .ARM.Collect$$rtentry$$00000000  c_w.l(__rtentry.o)
    0x08000258   0x08000258   0x00000000   Code   RO         1354    .ARM.Collect$$rtentry$$00000002  c_w.l(__rtentry2.o)
    0x08000258   0x08000258   0x00000006   Code   RO         1366    .ARM.Collect$$rtentry$$00000004  c_w.l(__rtentry4.o)
    0x0800025e   0x0800025e   0x00000000   Code   RO         1356    .ARM.Collect$$rtentry$$00000009  c_w.l(__rtentry2.o)
    0x0800025e   0x0800025e   0x00000004   Code   RO         1357    .ARM.Collect$$rtentry$$0000000A  c_w.l(__rtentry2.o)
    0x08000262   0x08000262   0x00000000   Code   RO         1359    .ARM.Collect$$rtentry$$0000000C  c_w.l(__rtentry2.o)
    0x08000262   0x08000262   0x00000008   Code   RO         1360    .ARM.Collect$$rtentry$$0000000D  c_w.l(__rtentry2.o)
    0x0800026a   0x0800026a   0x00000002   Code   RO         1408    .ARM.Collect$$rtexit$$00000000  c_w.l(rtexit.o)
    0x0800026c   0x0800026c   0x00000000   Code   RO         1460    .ARM.Collect$$rtexit$$00000002  c_w.l(rtexit2.o)
    0x0800026c   0x0800026c   0x00000004   Code   RO         1461    .ARM.Collect$$rtexit$$00000003  c_w.l(rtexit2.o)
    0x08000270   0x08000270   0x00000006   Code   RO         1462    .ARM.Collect$$rtexit$$00000004  c_w.l(rtexit2.o)
    0x08000276   0x08000276   0x00000002   PAD
    0x08000278   0x08000278   0x00000118   Code   RO            3    .text               main.o
    0x08000390   0x08000390   0x00000028   Code   RO          172    .text               stm32f4xx_it.o
    0x080003b8   0x080003b8   0x000002e4   Code   RO          257    .text               system.o
    0x0800069c   0x0800069c   0x00000b2a   Code   RO          410    .text               pid.o
    0x080011c6   0x080011c6   0x00000002   PAD
    0x080011c8   0x080011c8   0x00000128   Code   RO          437    .text               2ms_analy.o
    0x080012f0   0x080012f0   0x0000018c   Code   RO          472    .text               kalman.o
    0x0800147c   0x0800147c   0x00000482   Code   RO          506    .text               can1.o
    0x080018fe   0x080018fe   0x00000002   PAD
    0x08001900   0x08001900   0x00000154   Code   RO          533    .text               can2.o
    0x08001a54   0x08001a54   0x00000344   Code   RO          573    .text               usart2.o
    0x08001d98   0x08001d98   0x00000058   Code   RO          602    .text               led.o
    0x08001df0   0x08001df0   0x00000120   Code   RO          622    .text               crc.o
    0x08001f10   0x08001f10   0x000000e0   Code   RO          646    .text               misc.o
    0x08001ff0   0x08001ff0   0x00000294   Code   RO          666    .text               stm32f4xx_gpio.o
    0x08002284   0x08002284   0x00000634   Code   RO          686    .text               stm32f4xx_rcc.o
    0x080028b8   0x080028b8   0x00000454   Code   RO          728    .text               stm32f4xx_usart.o
    0x08002d0c   0x08002d0c   0x00000040   Code   RO          749    .text               startup_stm32f40xx.o
    0x08002d4c   0x08002d4c   0x00000210   Code   RO          755    .text               system_stm32f4xx.o
    0x08002f5c   0x08002f5c   0x000009f0   Code   RO          781    .text               stm32f4xx_can.o
    0x0800394c   0x0800394c   0x000003a8   Code   RO          801    .text               stm32f4xx_dma.o
    0x08003cf4   0x08003cf4   0x00000024   Code   RO          921    .text               usart.o
    0x08003d18   0x08003d18   0x00000258   Code   RO          973    .text               myiic.o
    0x08003f70   0x08003f70   0x00000384   Code   RO          993    .text               mpu6050.o
    0x080042f4   0x080042f4   0x000022cc   Code   RO         1013    .text               inv_mpu.o
    0x080065c0   0x080065c0   0x00000d90   Code   RO         1049    .text               inv_mpu_dmp_motion_driver.o
    0x08007350   0x08007350   0x00000298   Code   RO         1082    .text               task_chassis.o
    0x080075e8   0x080075e8   0x00000104   Code   RO         1109    .text               task_gimble.o
    0x080076ec   0x080076ec   0x000001dc   Code   RO         1133    .text               remote.o
    0x080078c8   0x080078c8   0x00000002   Code   RO         1163    .text               c_w.l(use_no_semi_2.o)
    0x080078ca   0x080078ca   0x00000048   Code   RO         1165    .text               c_w.l(llsdiv.o)
    0x08007912   0x08007912   0x00000002   PAD
    0x08007914   0x08007914   0x00000018   Code   RO         1169    .text               c_w.l(noretval__2printf.o)
    0x0800792c   0x0800792c   0x0000004e   Code   RO         1173    .text               c_w.l(_printf_pad.o)
    0x0800797a   0x0800797a   0x00000002   PAD
    0x0800797c   0x0800797c   0x00000078   Code   RO         1175    .text               c_w.l(_printf_dec.o)
    0x080079f4   0x080079f4   0x00000058   Code   RO         1180    .text               c_w.l(_printf_hex_int.o)
    0x08007a4c   0x08007a4c   0x00000138   Code   RO         1210    .text               c_w.l(__printf_flags_wp.o)
    0x08007b84   0x08007b84   0x00000058   Code   RO         1221    .text               c_w.l(memcmp.o)
    0x08007bdc   0x08007bdc   0x00000010   Code   RO         1223    .text               c_w.l(aeabi_memset.o)
    0x08007bec   0x08007bec   0x00000006   Code   RO         1225    .text               c_w.l(heapauxi.o)
    0x08007bf2   0x08007bf2   0x00000002   Code   RO         1277    .text               c_w.l(use_no_semi.o)
    0x08007bf4   0x08007bf4   0x000000ee   Code   RO         1280    .text               c_w.l(lludivv7m.o)
    0x08007ce2   0x08007ce2   0x00000016   Code   RO         1282    .text               c_w.l(_rserrno.o)
    0x08007cf8   0x08007cf8   0x000000b2   Code   RO         1284    .text               c_w.l(_printf_intcommon.o)
    0x08007daa   0x08007daa   0x00000002   PAD
    0x08007dac   0x08007dac   0x00000024   Code   RO         1286    .text               c_w.l(_printf_char_file.o)
    0x08007dd0   0x08007dd0   0x00000044   Code   RO         1289    .text               c_w.l(rt_memclr.o)
    0x08007e14   0x08007e14   0x00000008   Code   RO         1375    .text               c_w.l(rt_errno_addr_intlibspace.o)
    0x08007e1c   0x08007e1c   0x00000030   Code   RO         1377    .text               c_w.l(_printf_char_common.o)
    0x08007e4c   0x08007e4c   0x00000008   Code   RO         1379    .text               c_w.l(ferror.o)
    0x08007e54   0x08007e54   0x0000004e   Code   RO         1383    .text               c_w.l(rt_memclr_w.o)
    0x08007ea2   0x08007ea2   0x00000002   PAD
    0x08007ea4   0x08007ea4   0x00000008   Code   RO         1389    .text               c_w.l(libspace.o)
    0x08007eac   0x08007eac   0x0000004a   Code   RO         1392    .text               c_w.l(sys_stackheap_outer.o)
    0x08007ef6   0x08007ef6   0x00000012   Code   RO         1398    .text               c_w.l(exit.o)
    0x08007f08   0x08007f08   0x00000030   Code   RO         1336    i.__ARM_fpclassify  m_wm.l(fpclassify.o)
    0x08007f38   0x08007f38   0x00000360   Code   RO         1251    i.__hardfp_asin     m_wm.l(asin.o)
    0x08008298   0x08008298   0x000002d8   Code   RO         1302    i.__hardfp_atan     m_wm.l(atan.o)
    0x08008570   0x08008570   0x000001f0   Code   RO         1265    i.__hardfp_atan2    m_wm.l(atan2.o)
    0x08008760   0x08008760   0x000000f8   Code   RO         1338    i.__kernel_poly     m_wm.l(poly.o)
    0x08008858   0x08008858   0x00000014   Code   RO         1317    i.__mathlib_dbl_infnan  m_wm.l(dunder.o)
    0x0800886c   0x0800886c   0x00000014   Code   RO         1318    i.__mathlib_dbl_infnan2  m_wm.l(dunder.o)
    0x08008880   0x08008880   0x00000020   Code   RO         1319    i.__mathlib_dbl_invalid  m_wm.l(dunder.o)
    0x080088a0   0x080088a0   0x00000020   Code   RO         1322    i.__mathlib_dbl_underflow  m_wm.l(dunder.o)
    0x080088c0   0x080088c0   0x0000000e   Code   RO         1208    i._is_digit         c_w.l(__printf_wp.o)
    0x080088ce   0x080088ce   0x00000010   Code   RO         1304    i.atan              m_wm.l(atan.o)
    0x080088de   0x080088de   0x00000018   Code   RO         1332    i.fabs              m_wm.l(fabs.o)
    0x080088f6   0x080088f6   0x0000006e   Code   RO         1343    i.sqrt              m_wm.l(sqrt.o)
    0x08008964   0x08008964   0x00000018   Code   RO         1291    x$fpl$basic         fz_wm.l(basic.o)
    0x0800897c   0x0800897c   0x00000062   Code   RO         1229    x$fpl$d2f           fz_wm.l(d2f.o)
    0x080089de   0x080089de   0x00000002   PAD
    0x080089e0   0x080089e0   0x00000150   Code   RO         1231    x$fpl$dadd          fz_wm.l(daddsub_clz.o)
    0x08008b30   0x08008b30   0x000002b0   Code   RO         1238    x$fpl$ddiv          fz_wm.l(ddiv.o)
    0x08008de0   0x08008de0   0x0000002e   Code   RO         1242    x$fpl$dflt          fz_wm.l(dflt_clz.o)
    0x08008e0e   0x08008e0e   0x00000002   PAD
    0x08008e10   0x08008e10   0x00000154   Code   RO         1247    x$fpl$dmul          fz_wm.l(dmul.o)
    0x08008f64   0x08008f64   0x0000009c   Code   RO         1293    x$fpl$dnaninf       fz_wm.l(dnaninf.o)
    0x08009000   0x08009000   0x0000000c   Code   RO         1295    x$fpl$dretinf       fz_wm.l(dretinf.o)
    0x0800900c   0x0800900c   0x00000016   Code   RO         1232    x$fpl$drsb          fz_wm.l(daddsub_clz.o)
    0x08009022   0x08009022   0x00000002   PAD
    0x08009024   0x08009024   0x00000198   Code   RO         1387    x$fpl$dsqrt         fz_wm.l(dsqrt_umaal.o)
    0x080091bc   0x080091bc   0x000001d4   Code   RO         1233    x$fpl$dsub          fz_wm.l(daddsub_clz.o)
    0x08009390   0x08009390   0x00000056   Code   RO         1249    x$fpl$f2d           fz_wm.l(f2d.o)
    0x080093e6   0x080093e6   0x0000008c   Code   RO         1297    x$fpl$fnaninf       fz_wm.l(fnaninf.o)
    0x08009472   0x08009472   0x0000000a   Code   RO         1474    x$fpl$fpinit        fz_wm.l(fpinit.o)
    0x0800947c   0x0800947c   0x0000000a   Code   RO         1299    x$fpl$fretinf       fz_wm.l(fretinf.o)
    0x08009486   0x08009486   0x00000000   Code   RO         1301    x$fpl$usenofp       fz_wm.l(usenofp.o)
    0x08009486   0x08009486   0x00000302   Data   RO          623    .constdata          crc.o
    0x08009788   0x08009788   0x00000050   Data   RO         1014    .constdata          inv_mpu.o
    0x080097d8   0x080097d8   0x00000bf6   Data   RO         1051    .constdata          inv_mpu_dmp_motion_driver.o
    0x0800a3ce   0x0800a3ce   0x00000028   Data   RO         1181    .constdata          c_w.l(_printf_hex_int.o)
    0x0800a3f6   0x0800a3f6   0x00000011   Data   RO         1211    .constdata          c_w.l(__printf_flags_wp.o)
    0x0800a407   0x0800a407   0x00000001   PAD
    0x0800a408   0x0800a408   0x00000050   Data   RO         1254    .constdata          m_wm.l(asin.o)
    0x0800a458   0x0800a458   0x00000098   Data   RO         1305    .constdata          m_wm.l(atan.o)
    0x0800a4f0   0x0800a4f0   0x00000008   Data   RO         1340    .constdata          m_wm.l(qnan.o)
    0x0800a4f8   0x0800a4f8   0x0000004d   Data   RO         1015    .conststring        inv_mpu.o
    0x0800a545   0x0800a545   0x00000003   PAD
    0x0800a548   0x0800a548   0x00000020   Data   RO         1532    Region$$Table       anon$$obj.o


    Execution Region RW_IRAM1 (Exec base: 0x20000000, Load base: 0x0800a568, Size: 0x00001168, Max: 0x00020000, ABSOLUTE, COMPRESSED[0x000000a0])

    Exec Addr    Load Addr    Size         Type   Attr      Idx    E Section Name        Object

    0x20000000   COMPRESSED   0x00000040   Data   RW            4    .data               main.o
    0x20000040   COMPRESSED   0x00000004   Data   RW          173    .data               stm32f4xx_it.o
    0x20000044   COMPRESSED   0x0000004c   Data   RW          258    .data               system.o
    0x20000090   COMPRESSED   0x000002c8   Data   RW          412    .data               pid.o
    0x20000358   COMPRESSED   0x0000001c   Data   RW          438    .data               2ms_analy.o
    0x20000374   COMPRESSED   0x00000059   Data   RW          474    .data               kalman.o
    0x200003cd   COMPRESSED   0x00000003   PAD
    0x200003d0   COMPRESSED   0x00000007   Data   RW          508    .data               can1.o
    0x200003d7   COMPRESSED   0x00000001   PAD
    0x200003d8   COMPRESSED   0x00000004   Data   RW          575    .data               usart2.o
    0x200003dc   COMPRESSED   0x00000002   Data   RW          624    .data               crc.o
    0x200003de   COMPRESSED   0x00000010   Data   RW          687    .data               stm32f4xx_rcc.o
    0x200003ee   COMPRESSED   0x00000002   PAD
    0x200003f0   COMPRESSED   0x00000014   Data   RW          756    .data               system_stm32f4xx.o
    0x20000404   COMPRESSED   0x00000004   Data   RW          922    .data               usart.o
    0x20000408   COMPRESSED   0x00000035   Data   RW         1016    .data               inv_mpu.o
    0x2000043d   COMPRESSED   0x00000003   PAD
    0x20000440   COMPRESSED   0x00000030   Data   RW         1084    .data               task_chassis.o
    0x20000470   COMPRESSED   0x00000010   Data   RW         1110    .data               task_gimble.o
    0x20000480   COMPRESSED   0x0000001d   Data   RW         1135    .data               remote.o
    0x2000049d   COMPRESSED   0x00000003   PAD
    0x200004a0        -       0x000002a8   Zero   RW          411    .bss                pid.o
    0x20000748        -       0x000001b8   Zero   RW          473    .bss                kalman.o
    0x20000900        -       0x000000d8   Zero   RW          507    .bss                can1.o
    0x200009d8        -       0x00000030   Zero   RW          574    .bss                usart2.o
    0x20000a08        -       0x00000010   Zero   RW         1050    .bss                inv_mpu_dmp_motion_driver.o
    0x20000a18        -       0x000000d8   Zero   RW         1083    .bss                task_chassis.o
    0x20000af0        -       0x00000014   Zero   RW         1134    .bss                remote.o
    0x20000b04        -       0x00000060   Zero   RW         1390    .bss                c_w.l(libspace.o)
    0x20000b64   COMPRESSED   0x00000004   PAD
    0x20000b68        -       0x00000200   Zero   RW          747    HEAP                startup_stm32f40xx.o
    0x20000d68        -       0x00000400   Zero   RW          746    STACK               startup_stm32f40xx.o


==============================================================================

Image component sizes


      Code (inc. data)   RO Data    RW Data    ZI Data      Debug   Object Name

       296         42          0         28          0       1263   2ms_analy.o
      1154         34          0          7        216       3944   can1.o
       340          8          0          0          0       1035   can2.o
       288         14        770          2          0       3161   crc.o
      8908        224        157         53          0      24513   inv_mpu.o
      3472        142       3062          0         16      15415   inv_mpu_dmp_motion_driver.o
       396         20          0         89        440       2090   kalman.o
        88          4          0          0          0        479   led.o
       280         78          0         64          0     233295   main.o
       224         20          0          0          0       1801   misc.o
       900         22          0          0          0       4311   mpu6050.o
       600         12          0          0          0       1892   myiic.o
      2858         50          0        712        680       5070   pid.o
       476         74          0         29         20       2392   remote.o
        64         26        392          0       1536        836   startup_stm32f40xx.o
      2544         38          0          0          0       8128   stm32f4xx_can.o
       936         32          0          0          0       6377   stm32f4xx_dma.o
       660         44          0          0          0       4141   stm32f4xx_gpio.o
        40          4          0          4          0     278926   stm32f4xx_it.o
      1588         52          0         16          0      12854   stm32f4xx_rcc.o
      1108         34          0          0          0       7868   stm32f4xx_usart.o
       740         92          0         76          0     308957   system.o
       528         46          0         20          0       1831   system_stm32f4xx.o
       664         90          0         48        216       2591   task_chassis.o
       260         36          0         16          0       1457   task_gimble.o
        36          4          0          4          0       2634   usart.o
       836         44          0          4         48       3484   usart2.o

    ----------------------------------------------------------------------
     30288       1286       4416       1184       3172     940745   Object Totals
         0          0         32          0          0          0   (incl. Generated)
         4          0          3         12          0          0   (incl. Padding)

    ----------------------------------------------------------------------

      Code (inc. data)   RO Data    RW Data    ZI Data      Debug   Library Member Name

        90          0          0          0          0          0   __dczerorl2.o
         8          0          0          0          0         68   __main.o
       312          4         17          0          0         92   __printf_flags_wp.o
        14          0          0          0          0         68   __printf_wp.o
         0          0          0          0          0          0   __rtentry.o
        12          0          0          0          0          0   __rtentry2.o
         6          0          0          0          0          0   __rtentry4.o
        52          8          0          0          0          0   __scatter.o
        28          0          0          0          0          0   __scatter_zi.o
        48          6          0          0          0         96   _printf_char_common.o
        36          4          0          0          0         80   _printf_char_file.o
         6          0          0          0          0          0   _printf_d.o
       120         16          0          0          0         92   _printf_dec.o
        88          4         40          0          0         88   _printf_hex_int.o
       178          0          0          0          0         88   _printf_intcommon.o
        78          0          0          0          0        108   _printf_pad.o
         0          0          0          0          0          0   _printf_percent.o
         4          0          0          0          0          0   _printf_percent_end.o
         6          0          0          0          0          0   _printf_x.o
        22          0          0          0          0        100   _rserrno.o
        16          0          0          0          0         68   aeabi_memset.o
        18          0          0          0          0         80   exit.o
         8          0          0          0          0         68   ferror.o
         6          0          0          0          0        152   heapauxi.o
         2          0          0          0          0          0   libinit.o
         6          0          0          0          0          0   libinit2.o
         2          0          0          0          0          0   libshutdown.o
         2          0          0          0          0          0   libshutdown2.o
         8          4          0          0         96         68   libspace.o
        72          0          0          0          0         76   llsdiv.o
       238          0          0          0          0        100   lludivv7m.o
        88          0          0          0          0         76   memcmp.o
        24          4          0          0          0         84   noretval__2printf.o
         8          4          0          0          0         68   rt_errno_addr_intlibspace.o
        68          0          0          0          0         68   rt_memclr.o
        78          0          0          0          0         80   rt_memclr_w.o
         2          0          0          0          0          0   rtexit.o
        10          0          0          0          0          0   rtexit2.o
        74          0          0          0          0         80   sys_stackheap_outer.o
         2          0          0          0          0         68   use_no_semi.o
         2          0          0          0          0         68   use_no_semi_2.o
        24          0          0          0          0        164   basic.o
        98          4          0          0          0        140   d2f.o
       826         16          0          0          0        492   daddsub_clz.o
       688        140          0          0          0        256   ddiv.o
        46          0          0          0          0        116   dflt_clz.o
       340         12          0          0          0        152   dmul.o
       156          4          0          0          0        140   dnaninf.o
        12          0          0          0          0        116   dretinf.o
       408         56          0          0          0        168   dsqrt_umaal.o
        86          4          0          0          0        132   f2d.o
       140          4          0          0          0        132   fnaninf.o
        10          0          0          0          0        116   fpinit.o
        10          0          0          0          0        116   fretinf.o
         0          0          0          0          0          0   usenofp.o
       864         94         80          0          0        280   asin.o
       744        106        152          0          0        352   atan.o
       496         64          0          0          0        192   atan2.o
       104         16          0          0          0        496   dunder.o
        24          0          0          0          0        124   fabs.o
        48          0          0          0          0        124   fpclassify.o
       248          0          0          0          0        152   poly.o
         0          0          8          0          0          0   qnan.o
       110          0          0          0          0        148   sqrt.o

    ----------------------------------------------------------------------
      7342        574        298          0        100       6192   Library Totals
        18          0          1          0          4          0   (incl. Padding)

    ----------------------------------------------------------------------

      Code (inc. data)   RO Data    RW Data    ZI Data      Debug   Library Name

      1842         54         57          0         96       2084   c_w.l
      2844        240          0          0          0       2240   fz_wm.l
      2638        280        240          0          0       1868   m_wm.l

    ----------------------------------------------------------------------
      7342        574        298          0        100       6192   Library Totals

    ----------------------------------------------------------------------

==============================================================================


      Code (inc. data)   RO Data    RW Data    ZI Data      Debug   

     37630       1860       4714       1184       3272     937945   Grand Totals
     37630       1860       4714        160       3272     937945   ELF Image Totals (compressed)
     37630       1860       4714        160          0          0   ROM Totals

==============================================================================

    Total RO  Size (Code + RO Data)                42344 (  41.35kB)
    Total RW  Size (RW Data + ZI Data)              4456 (   4.35kB)
    Total ROM Size (Code + RO Data + RW Data)      42504 (  41.51kB)

==============================================================================

