Component: ARM Compiler 5.05 update 1 (build 106) Tool: armlink [4d0efa]

==============================================================================

Section Cross References

    main.o(.text) refers to pid.o(.text) for PID_Init
    main.o(.text) refers to pwm.o(.text) for TIM3_PWM_Init
    main.o(.text) refers to stm32f4xx_tim.o(.text) for TIM_CtrlPWMOutputs
    main.o(.text) refers to system.o(.text) for System_Init
    main.o(.text) refers to pid.o(.bss) for PID_control
    main.o(.text) refers to main.o(.data) for Remote_time
    main.o(.text) refers to usart2.o(.bss) for RC_Ctl
    main.o(.text) refers to system.o(.data) for SystemMonitor
    main.o(.text) refers to varstruct.o(.bss) for Alldata
    stm32f4xx_it.o(.text) refers to stm32f4xx_it.o(.data) for sysTickUptime
    system.o(.text) refers to stm32f4xx_rcc.o(.text) for RCC_GetClocksFreq
    system.o(.text) refers to crc.o(.text) for CRC_init
    system.o(.text) refers to can1.o(.text) for CAN1_Init
    system.o(.text) refers to can2.o(.text) for CAN2_Init
    system.o(.text) refers to usart2.o(.text) for RC_Init
    system.o(.text) refers to led.o(.text) for Led_Init
    system.o(.text) refers to mpu6050.o(.text) for MPU_Init
    system.o(.text) refers to judge.o(.text) for UART5_Init
    system.o(.text) refers to inv_mpu.o(.text) for mpu_dmp_init
    system.o(.text) refers to 2ms_analy.o(.text) for analy_Flag
    system.o(.text) refers to control.o(.text) for SentAllData_CAN1
    system.o(.text) refers to system.o(.data) for usTicks
    system.o(.text) refers to stm32f4xx_it.o(.data) for sysTickUptime
    system.o(.text) refers to system_stm32f4xx.o(.data) for SystemCoreClock
    pid.o(.text) refers to pid.o(.data) for _KP
    2ms_analy.o(.text) refers to usart2.o(.data) for DMAinterruptnumber
    2ms_analy.o(.text) refers to 2ms_analy.o(.data) for record_DMAnow
    2ms_analy.o(.text) refers to can1.o(.data) for CAN1interruptnumber
    2ms_analy.o(.text) refers to varstruct.o(.bss) for AllFlag
    sinetable.o(.text) refers to f2d.o(x$fpl$f2d) for __aeabi_f2d
    sinetable.o(.text) refers to fabs.o(i.__hardfp_fabs) for __hardfp_fabs
    sinetable.o(.text) refers to dmul.o(x$fpl$dmul) for __aeabi_dmul
    sinetable.o(.text) refers to ddiv.o(x$fpl$ddiv) for __aeabi_ddiv
    sinetable.o(.text) refers to dfix.o(x$fpl$dfix) for __aeabi_d2iz
    sinetable.o(.text) refers to daddsub_clz.o(x$fpl$drsb) for __aeabi_drsub
    sinetable.o(.text) refers to d2f.o(x$fpl$d2f) for __aeabi_d2f
    sinetable.o(.text) refers to sinetable.o(.constdata) for sinetable
    can1.o(.text) refers to stm32f4xx_rcc.o(.text) for RCC_AHB1PeriphClockCmd
    can1.o(.text) refers to stm32f4xx_gpio.o(.text) for GPIO_Init
    can1.o(.text) refers to misc.o(.text) for NVIC_Init
    can1.o(.text) refers to stm32f4xx_can.o(.text) for CAN_Init
    can1.o(.text) refers to can1.o(.data) for ReceiveFlag
    can1.o(.text) refers to varstruct.o(.bss) for Alldata
    can2.o(.text) refers to stm32f4xx_rcc.o(.text) for RCC_AHB1PeriphClockCmd
    can2.o(.text) refers to stm32f4xx_gpio.o(.text) for GPIO_PinAFConfig
    can2.o(.text) refers to misc.o(.text) for NVIC_Init
    can2.o(.text) refers to stm32f4xx_can.o(.text) for CAN_DeInit
    can2.o(.text) refers to can2.o(.data) for Receive_alldata
    can2.o(.text) refers to varstruct.o(.bss) for Alldata
    control.o(.text) refers to dflt_clz.o(x$fpl$dflt) for __aeabi_i2d
    control.o(.text) refers to dmul.o(x$fpl$dmul) for __aeabi_dmul
    control.o(.text) refers to basic.o(x$fpl$basic) for __aeabi_dneg
    control.o(.text) refers to f2d.o(x$fpl$f2d) for __aeabi_f2d
    control.o(.text) refers to daddsub_clz.o(x$fpl$dadd) for __aeabi_dadd
    control.o(.text) refers to d2f.o(x$fpl$d2f) for __aeabi_d2f
    control.o(.text) refers to pid.o(.text) for pid_handle1
    control.o(.text) refers to can1.o(.text) for AngleAnaly
    control.o(.text) refers to usart2.o(.bss) for RC_Ctl
    control.o(.text) refers to varstruct.o(.bss) for remote_control
    control.o(.text) refers to pid.o(.bss) for PID_control
    control.o(.text) refers to control.o(.data) for Store_NextAngle_gimbel2
    control.o(.text) refers to system.o(.data) for realxspeed
    control.o(.text) refers to sinetable.o(.text) for lookup_sin
    control.o(.text) refers to can2.o(.text) for CAN2_Send_Dial
    control.o(.text) refers to stm32f4xx_tim.o(.text) for TIM_SetCompare2
    control.o(.text) refers to key_control.o(.text) for Key_control
    control.o(.text) refers to key.o(.text) for Key_uncontrol
    control.o(.text) refers to pwm.o(.text) for SteerEngine_condition
    control.o(.text) refers to dial.o(.text) for Dial_mech_onelattice
    control.o(.text) refers to dial.o(.data) for Store_Dial_speed
    usart2.o(.text) refers to stm32f4xx_rcc.o(.text) for RCC_AHB1PeriphClockCmd
    usart2.o(.text) refers to stm32f4xx_gpio.o(.text) for GPIO_PinAFConfig
    usart2.o(.text) refers to stm32f4xx_usart.o(.text) for USART_DeInit
[...]
    MechCondition                            0x08001755   Thumb Code  1000  control.o(.text)
    smallGyrocondition                       0x08001b3d   Thumb Code  1034  control.o(.text)
    GyroCondition                            0x08001f47   Thumb Code  1174  control.o(.text)
    sent_Motor                               0x080023dd   Thumb Code   132  control.o(.text)
    forwardcondition                         0x08002461   Thumb Code   440  control.o(.text)
    SentAllData_CAN1                         0x08002619   Thumb Code   472  control.o(.text)
    RC_Init                                  0x080027f5   Thumb Code   256  usart2.o(.text)
    Keyanaly                                 0x080028f5   Thumb Code   158  usart2.o(.text)
    DMA1_Stream5_IRQHandler                  0x08002993   Thumb Code  1060  usart2.o(.text)
    Led_Init                                 0x08002dc1   Thumb Code    84  led.o(.text)
    CRC_init                                 0x08002e19   Thumb Code    12  crc.o(.text)
    Get_CRC8_Check_Sum                       0x08002e25   Thumb Code    30  crc.o(.text)
    Verify_CRC8_Check_Sum                    0x08002e43   Thumb Code    46  crc.o(.text)
    Append_CRC8_Check_Sum                    0x08002e71   Thumb Code    36  crc.o(.text)
    Get_CRC16_Check_Sum                      0x08002e95   Thumb Code    46  crc.o(.text)
    Verify_CRC16_Check_Sum                   0x08002ec3   Thumb Code    60  crc.o(.text)
    Append_CRC16_Check_Sum                   0x08002eff   Thumb Code    44  crc.o(.text)
    TIM3_PWM_Init                            0x08002f39   Thumb Code   176  pwm.o(.text)
    Friction_condition                       0x08002fe9   Thumb Code   178  pwm.o(.text)
    TIM1_PWM_Init                            0x0800309b   Thumb Code   156  pwm.o(.text)
    SteerEngine_condition                    0x08003137   Thumb Code   120  pwm.o(.text)
    Dial_smallgyro_comlattice                0x080031cd   Thumb Code   524  dial.o(.text)
    Dial_mech_onelattice                     0x080033d9   Thumb Code   606  dial.o(.text)
    Dial_gyro_continuelattice                0x08003637   Thumb Code   502  dial.o(.text)
    Judege_read_data                         0x08003861   Thumb Code   412  judge.o(.text)
    UART5_DMA_Init                           0x080039fd   Thumb Code    94  judge.o(.text)
    UART5_Init                               0x08003a5b   Thumb Code   224  judge.o(.text)
    UART5_IRQHandler                         0x08003b3b   Thumb Code    96  judge.o(.text)
    UART5_SendChar                           0x08003b9b   Thumb Code    32  judge.o(.text)
    Key_uncontrol                            0x08003c2d   Thumb Code    82  key.o(.text)
    Key_Initcondition                        0x08003c7f   Thumb Code   110  key.o(.text)
    Key_movement                             0x08003ced   Thumb Code   606  key.o(.text)
    Key_pitchgimbel                          0x08003f4b   Thumb Code   398  key.o(.text)
    Key_levelFlag                            0x080040d9   Thumb Code   162  key.o(.text)
    Key_turnaround                           0x0800417b   Thumb Code   136  key.o(.text)
    Key_GyroCondition                        0x08004203   Thumb Code  1260  key.o(.text)
    Key_shoot                                0x080046ef   Thumb Code   736  key.o(.text)
    Key_mechgimbel                           0x080049cf   Thumb Code   438  key.o(.text)
    Key_mechcondition                        0x08004b85   Thumb Code   974  key.o(.text)
    Key_SteerEngine_condition                0x08004f53   Thumb Code   224  key.o(.text)
    Key_Smallgyro_condition                  0x08005033   Thumb Code  1174  key.o(.text)
    Key_control                              0x080054fd   Thumb Code    32  key_control.o(.text)
    NVIC_PriorityGroupConfig                 0x0800551d   Thumb Code    10  misc.o(.text)
    NVIC_Init                                0x08005527   Thumb Code   106  misc.o(.text)
    NVIC_SetVectorTable                      0x08005591   Thumb Code    14  misc.o(.text)
    NVIC_SystemLPConfig                      0x0800559f   Thumb Code    34  misc.o(.text)
    SysTick_CLKSourceConfig                  0x080055c1   Thumb Code    40  misc.o(.text)
    GPIO_DeInit                              0x080055fd   Thumb Code   268  stm32f4xx_gpio.o(.text)
    GPIO_Init                                0x08005709   Thumb Code   144  stm32f4xx_gpio.o(.text)
    GPIO_StructInit                          0x08005799   Thumb Code    18  stm32f4xx_gpio.o(.text)
    GPIO_PinLockConfig                       0x080057ab   Thumb Code    34  stm32f4xx_gpio.o(.text)
    GPIO_ReadInputDataBit                    0x080057cd   Thumb Code    18  stm32f4xx_gpio.o(.text)
    GPIO_ReadInputData                       0x080057df   Thumb Code     8  stm32f4xx_gpio.o(.text)
    GPIO_ReadOutputDataBit                   0x080057e7   Thumb Code    18  stm32f4xx_gpio.o(.text)
    GPIO_ReadOutputData                      0x080057f9   Thumb Code     8  stm32f4xx_gpio.o(.text)
    GPIO_SetBits                             0x08005801   Thumb Code     4  stm32f4xx_gpio.o(.text)
    GPIO_ResetBits                           0x08005805   Thumb Code     4  stm32f4xx_gpio.o(.text)
    GPIO_WriteBit                            0x08005809   Thumb Code    10  stm32f4xx_gpio.o(.text)
    GPIO_Write                               0x08005813   Thumb Code     4  stm32f4xx_gpio.o(.text)
    GPIO_ToggleBits                          0x08005817   Thumb Code     8  stm32f4xx_gpio.o(.text)
    GPIO_PinAFConfig                         0x0800581f   Thumb Code    70  stm32f4xx_gpio.o(.text)
    RCC_DeInit                               0x08005891   Thumb Code    82  stm32f4xx_rcc.o(.text)
    RCC_HSEConfig                            0x080058e3   Thumb Code    14  stm32f4xx_rcc.o(.text)
    RCC_GetFlagStatus                        0x080058f1   Thumb Code    60  stm32f4xx_rcc.o(.text)
    RCC_WaitForHSEStartUp                    0x0800592d   Thumb Code    56  stm32f4xx_rcc.o(.text)
    RCC_AdjustHSICalibrationValue            0x08005965   Thumb Code    20  stm32f4xx_rcc.o(.text)
    RCC_HSICmd                               0x08005979   Thumb Code     6  stm32f4xx_rcc.o(.text)
    RCC_LSEConfig                            0x0800597f   Thumb Code    46  stm32f4xx_rcc.o(.text)
    RCC_LSICmd                               0x080059ad   Thumb Code     6  stm32f4xx_rcc.o(.text)
    RCC_PLLConfig                            0x080059b3   Thumb Code    32  stm32f4xx_rcc.o(.text)
    RCC_PLLCmd                               0x080059d3   Thumb Code     6  stm32f4xx_rcc.o(.text)
    RCC_PLLI2SConfig                         0x080059d9   Thumb Code    14  stm32f4xx_rcc.o(.text)
    RCC_PLLI2SCmd                            0x080059e7   Thumb Code     6  stm32f4xx_rcc.o(.text)
    RCC_PLLSAIConfig                         0x080059ed   Thumb Code    20  stm32f4xx_rcc.o(.text)
    RCC_PLLSAICmd                            0x08005a01   Thumb Code     6  stm32f4xx_rcc.o(.text)
    RCC_ClockSecuritySystemCmd               0x08005a07   Thumb Code     6  stm32f4xx_rcc.o(.text)
    RCC_MCO1Config                           0x08005a0d   Thumb Code    28  stm32f4xx_rcc.o(.text)
    RCC_MCO2Config                           0x08005a29   Thumb Code    28  stm32f4xx_rcc.o(.text)
    RCC_SYSCLKConfig                         0x08005a45   Thumb Code    20  stm32f4xx_rcc.o(.text)
    RCC_GetSYSCLKSource                      0x08005a59   Thumb Code    12  stm32f4xx_rcc.o(.text)
    RCC_HCLKConfig                           0x08005a65   Thumb Code    20  stm32f4xx_rcc.o(.text)
    RCC_PCLK1Config                          0x08005a79   Thumb Code    20  stm32f4xx_rcc.o(.text)
    RCC_PCLK2Config                          0x08005a8d   Thumb Code    22  stm32f4xx_rcc.o(.text)
    RCC_GetClocksFreq                        0x08005aa3   Thumb Code   222  stm32f4xx_rcc.o(.text)
    RCC_RTCCLKConfig                         0x08005b81   Thumb Code    54  stm32f4xx_rcc.o(.text)
    RCC_RTCCLKCmd                            0x08005bb7   Thumb Code     8  stm32f4xx_rcc.o(.text)
    RCC_BackupResetCmd                       0x08005bbf   Thumb Code     8  stm32f4xx_rcc.o(.text)
    RCC_I2SCLKConfig                         0x08005bc7   Thumb Code     6  stm32f4xx_rcc.o(.text)
    RCC_SAIPLLI2SClkDivConfig                0x08005bcd   Thumb Code    26  stm32f4xx_rcc.o(.text)
    RCC_SAIPLLSAIClkDivConfig                0x08005be7   Thumb Code    28  stm32f4xx_rcc.o(.text)
    RCC_SAIBlockACLKConfig                   0x08005c03   Thumb Code    20  stm32f4xx_rcc.o(.text)
    RCC_SAIBlockBCLKConfig                   0x08005c17   Thumb Code    20  stm32f4xx_rcc.o(.text)
    RCC_LTDCCLKDivConfig                     0x08005c2b   Thumb Code    20  stm32f4xx_rcc.o(.text)
    RCC_TIMCLKPresConfig                     0x08005c3f   Thumb Code     6  stm32f4xx_rcc.o(.text)
    RCC_AHB1PeriphClockCmd                   0x08005c45   Thumb Code    34  stm32f4xx_rcc.o(.text)
    RCC_AHB2PeriphClockCmd                   0x08005c67   Thumb Code    78  stm32f4xx_rcc.o(.text)
    RCC_AHB3PeriphClockCmd                   0x08005cb5   Thumb Code    34  stm32f4xx_rcc.o(.text)
    RCC_APB1PeriphClockCmd                   0x08005cd7   Thumb Code    34  stm32f4xx_rcc.o(.text)
    RCC_APB2PeriphClockCmd                   0x08005cf9   Thumb Code    34  stm32f4xx_rcc.o(.text)
    RCC_AHB1PeriphResetCmd                   0x08005d1b   Thumb Code    34  stm32f4xx_rcc.o(.text)
    RCC_AHB2PeriphResetCmd                   0x08005d3d   Thumb Code    34  stm32f4xx_rcc.o(.text)
    RCC_AHB3PeriphResetCmd                   0x08005d5f   Thumb Code    34  stm32f4xx_rcc.o(.text)
    RCC_APB1PeriphResetCmd                   0x08005d81   Thumb Code    34  stm32f4xx_rcc.o(.text)
    RCC_APB2PeriphResetCmd                   0x08005da3   Thumb Code    34  stm32f4xx_rcc.o(.text)
    RCC_AHB1PeriphClockLPModeCmd             0x08005dc5   Thumb Code    34  stm32f4xx_rcc.o(.text)
    RCC_AHB2PeriphClockLPModeCmd             0x08005de7   Thumb Code    34  stm32f4xx_rcc.o(.text)
    RCC_AHB3PeriphClockLPModeCmd             0x08005e09   Thumb Code    34  stm32f4xx_rcc.o(.text)
    RCC_APB1PeriphClockLPModeCmd             0x08005e2b   Thumb Code    34  stm32f4xx_rcc.o(.text)
    RCC_APB2PeriphClockLPModeCmd             0x08005e4d   Thumb Code    34  stm32f4xx_rcc.o(.text)
    RCC_ITConfig                             0x08005e6f   Thumb Code    34  stm32f4xx_rcc.o(.text)
    RCC_ClearFlag                            0x08005e91   Thumb Code    18  stm32f4xx_rcc.o(.text)
    RCC_GetITStatus                          0x08005ea3   Thumb Code    22  stm32f4xx_rcc.o(.text)
    RCC_ClearITPendingBit                    0x08005eb9   Thumb Code     8  stm32f4xx_rcc.o(.text)
    TIM_DeInit                               0x08005ec5   Thumb Code   346  stm32f4xx_tim.o(.text)
    TIM_TimeBaseInit                         0x0800601f   Thumb Code   104  stm32f4xx_tim.o(.text)
    TIM_TimeBaseStructInit                   0x08006087   Thumb Code    18  stm32f4xx_tim.o(.text)
    TIM_PrescalerConfig                      0x08006099   Thumb Code     6  stm32f4xx_tim.o(.text)
    TIM_CounterModeConfig                    0x0800609f   Thumb Code    18  stm32f4xx_tim.o(.text)
    TIM_SetCounter                           0x080060b1   Thumb Code     4  stm32f4xx_tim.o(.text)
    TIM_SetAutoreload                        0x080060b5   Thumb Code     4  stm32f4xx_tim.o(.text)
    TIM_GetCounter                           0x080060b9   Thumb Code     6  stm32f4xx_tim.o(.text)
    TIM_GetPrescaler                         0x080060bf   Thumb Code     6  stm32f4xx_tim.o(.text)
    TIM_UpdateDisableConfig                  0x080060c5   Thumb Code    24  stm32f4xx_tim.o(.text)
    TIM_UpdateRequestConfig                  0x080060dd   Thumb Code    24  stm32f4xx_tim.o(.text)
    TIM_ARRPreloadConfig                     0x080060f5   Thumb Code    24  stm32f4xx_tim.o(.text)
    TIM_SelectOnePulseMode                   0x0800610d   Thumb Code    18  stm32f4xx_tim.o(.text)
    TIM_SetClockDivision                     0x0800611f   Thumb Code    18  stm32f4xx_tim.o(.text)
    TIM_Cmd                                  0x08006131   Thumb Code    24  stm32f4xx_tim.o(.text)
    TIM_OC1Init                              0x08006149   Thumb Code   114  stm32f4xx_tim.o(.text)
    TIM_OC2Init                              0x080061bb   Thumb Code   154  stm32f4xx_tim.o(.text)
    TIM_OC3Init                              0x08006255   Thumb Code   204  stm32f4xx_tim.o(.text)
    TIM_OC4Init                              0x08006321   Thumb Code   112  stm32f4xx_tim.o(.text)
    TIM_OCStructInit                         0x08006391   Thumb Code    20  stm32f4xx_tim.o(.text)
    TIM_SelectOCxM                           0x080063a5   Thumb Code    86  stm32f4xx_tim.o(.text)
    TIM_SetCompare1                          0x080063fb   Thumb Code     4  stm32f4xx_tim.o(.text)
    TIM_SetCompare2                          0x080063ff   Thumb Code     4  stm32f4xx_tim.o(.text)
    TIM_SetCompare3                          0x08006403   Thumb Code     4  stm32f4xx_tim.o(.text)
    TIM_SetCompare4                          0x08006407   Thumb Code     4  stm32f4xx_tim.o(.text)
    TIM_ForcedOC1Config                      0x0800640b   Thumb Code    18  stm32f4xx_tim.o(.text)
    TIM_ForcedOC2Config                      0x0800641d   Thumb Code    26  stm32f4xx_tim.o(.text)
    TIM_ForcedOC3Config                      0x08006437   Thumb Code    18  stm32f4xx_tim.o(.text)
    TIM_ForcedOC4Config                      0x08006449   Thumb Code    26  stm32f4xx_tim.o(.text)
    TIM_OC1PreloadConfig                     0x08006463   Thumb Code    18  stm32f4xx_tim.o(.text)
    TIM_OC2PreloadConfig                     0x08006475   Thumb Code    26  stm32f4xx_tim.o(.text)
    TIM_OC3PreloadConfig                     0x0800648f   Thumb Code    18  stm32f4xx_tim.o(.text)
    TIM_OC4PreloadConfig                     0x080064a1   Thumb Code    26  stm32f4xx_tim.o(.text)
    TIM_OC1FastConfig                        0x080064bb   Thumb Code    18  stm32f4xx_tim.o(.text)
    TIM_OC2FastConfig                        0x080064cd   Thumb Code    26  stm32f4xx_tim.o(.text)
    TIM_OC3FastConfig                        0x080064e7   Thumb Code    18  stm32f4xx_tim.o(.text)
    TIM_OC4FastConfig                        0x080064f9   Thumb Code    26  stm32f4xx_tim.o(.text)
    TIM_ClearOC1Ref                          0x08006513   Thumb Code    18  stm32f4xx_tim.o(.text)
    TIM_ClearOC2Ref                          0x08006525   Thumb Code    24  stm32f4xx_tim.o(.text)
    TIM_ClearOC3Ref                          0x0800653d   Thumb Code    18  stm32f4xx_tim.o(.text)
    TIM_ClearOC4Ref                          0x0800654f   Thumb Code    24  stm32f4xx_tim.o(.text)
    TIM_OC1PolarityConfig                    0x08006567   Thumb Code    18  stm32f4xx_tim.o(.text)
    TIM_OC1NPolarityConfig                   0x08006579   Thumb Code    18  stm32f4xx_tim.o(.text)
    TIM_OC2PolarityConfig                    0x0800658b   Thumb Code    26  stm32f4xx_tim.o(.text)
    TIM_OC2NPolarityConfig                   0x080065a5   Thumb Code    26  stm32f4xx_tim.o(.text)
    TIM_OC3PolarityConfig                    0x080065bf   Thumb Code    26  stm32f4xx_tim.o(.text)
    TIM_OC3NPolarityConfig                   0x080065d9   Thumb Code    26  stm32f4xx_tim.o(.text)
    TIM_OC4PolarityConfig                    0x080065f3   Thumb Code    26  stm32f4xx_tim.o(.text)
    TIM_CCxCmd                               0x0800660d   Thumb Code    30  stm32f4xx_tim.o(.text)
    TIM_CCxNCmd                              0x0800662b   Thumb Code    30  stm32f4xx_tim.o(.text)
    TIM_SetIC4Prescaler                      0x08006649   Thumb Code    26  stm32f4xx_tim.o(.text)
    TIM_SetIC3Prescaler                      0x080066b3   Thumb Code    18  stm32f4xx_tim.o(.text)
    TIM_SetIC2Prescaler                      0x0800670d   Thumb Code    26  stm32f4xx_tim.o(.text)
    TIM_SetIC1Prescaler                      0x08006781   Thumb Code    18  stm32f4xx_tim.o(.text)
    TIM_ICInit                               0x080067cd   Thumb Code   110  stm32f4xx_tim.o(.text)
    TIM_ICStructInit                         0x0800683b   Thumb Code    18  stm32f4xx_tim.o(.text)
    TIM_PWMIConfig                           0x0800684d   Thumb Code   124  stm32f4xx_tim.o(.text)
    TIM_GetCapture1                          0x080068c9   Thumb Code     6  stm32f4xx_tim.o(.text)
    TIM_GetCapture2                          0x080068cf   Thumb Code     6  stm32f4xx_tim.o(.text)
    TIM_GetCapture3                          0x080068d5   Thumb Code     6  stm32f4xx_tim.o(.text)
    TIM_GetCapture4                          0x080068db   Thumb Code     6  stm32f4xx_tim.o(.text)
    TIM_BDTRConfig                           0x080068e1   Thumb Code    32  stm32f4xx_tim.o(.text)
    TIM_BDTRStructInit                       0x08006901   Thumb Code    18  stm32f4xx_tim.o(.text)
    TIM_CtrlPWMOutputs                       0x08006913   Thumb Code    30  stm32f4xx_tim.o(.text)
    TIM_SelectCOM                            0x08006931   Thumb Code    24  stm32f4xx_tim.o(.text)
    TIM_CCPreloadControl                     0x08006949   Thumb Code    24  stm32f4xx_tim.o(.text)
    TIM_ITConfig                             0x08006961   Thumb Code    18  stm32f4xx_tim.o(.text)
    TIM_GenerateEvent                        0x08006973   Thumb Code     4  stm32f4xx_tim.o(.text)
    TIM_GetFlagStatus                        0x08006977   Thumb Code    18  stm32f4xx_tim.o(.text)
    TIM_ClearFlag                            0x08006989   Thumb Code     6  stm32f4xx_tim.o(.text)
    TIM_GetITStatus                          0x0800698f   Thumb Code    34  stm32f4xx_tim.o(.text)
    TIM_ClearITPendingBit                    0x080069b1   Thumb Code     6  stm32f4xx_tim.o(.text)
    TIM_DMAConfig                            0x080069b7   Thumb Code    10  stm32f4xx_tim.o(.text)
    TIM_DMACmd                               0x080069c1   Thumb Code    18  stm32f4xx_tim.o(.text)
    TIM_SelectCCDMA                          0x080069d3   Thumb Code    24  stm32f4xx_tim.o(.text)
    TIM_InternalClockConfig                  0x080069eb   Thumb Code    12  stm32f4xx_tim.o(.text)
    TIM_SelectInputTrigger                   0x080069f7   Thumb Code    18  stm32f4xx_tim.o(.text)
    TIM_ITRxExternalClockConfig              0x08006a09   Thumb Code    24  stm32f4xx_tim.o(.text)
    TIM_TIxExternalClockConfig               0x08006a21   Thumb Code    62  stm32f4xx_tim.o(.text)
    TIM_ETRConfig                            0x08006a5f   Thumb Code    28  stm32f4xx_tim.o(.text)
    TIM_ETRClockMode1Config                  0x08006a7b   Thumb Code    54  stm32f4xx_tim.o(.text)
    TIM_ETRClockMode2Config                  0x08006ab1   Thumb Code    32  stm32f4xx_tim.o(.text)
    TIM_SelectOutputTrigger                  0x08006ad1   Thumb Code    18  stm32f4xx_tim.o(.text)
    TIM_SelectSlaveMode                      0x08006ae3   Thumb Code    18  stm32f4xx_tim.o(.text)
    TIM_SelectMasterSlaveMode                0x08006af5   Thumb Code    18  stm32f4xx_tim.o(.text)
    TIM_EncoderInterfaceConfig               0x08006b07   Thumb Code    66  stm32f4xx_tim.o(.text)
    TIM_SelectHallSensor                     0x08006b49   Thumb Code    24  stm32f4xx_tim.o(.text)
    TIM_RemapConfig                          0x08006b61   Thumb Code     6  stm32f4xx_tim.o(.text)
    USART_DeInit                             0x08006b69   Thumb Code   206  stm32f4xx_usart.o(.text)
    USART_Init                               0x08006c37   Thumb Code   204  stm32f4xx_usart.o(.text)
    USART_StructInit                         0x08006d03   Thumb Code    24  stm32f4xx_usart.o(.text)
    USART_ClockInit                          0x08006d1b   Thumb Code    32  stm32f4xx_usart.o(.text)
    USART_ClockStructInit                    0x08006d3b   Thumb Code    12  stm32f4xx_usart.o(.text)
    USART_Cmd                                0x08006d47   Thumb Code    24  stm32f4xx_usart.o(.text)
    USART_SetPrescaler                       0x08006d5f   Thumb Code    16  stm32f4xx_usart.o(.text)
    USART_OverSampling8Cmd                   0x08006d6f   Thumb Code    22  stm32f4xx_usart.o(.text)
    USART_OneBitMethodCmd                    0x08006d85   Thumb Code    24  stm32f4xx_usart.o(.text)
    USART_SendData                           0x08006d9d   Thumb Code     8  stm32f4xx_usart.o(.text)
    USART_ReceiveData                        0x08006da5   Thumb Code    10  stm32f4xx_usart.o(.text)
    USART_SetAddress                         0x08006daf   Thumb Code    18  stm32f4xx_usart.o(.text)
    USART_ReceiverWakeUpCmd                  0x08006dc1   Thumb Code    24  stm32f4xx_usart.o(.text)
    USART_WakeUpConfig                       0x08006dd9   Thumb Code    18  stm32f4xx_usart.o(.text)
    USART_LINBreakDetectLengthConfig         0x08006deb   Thumb Code    18  stm32f4xx_usart.o(.text)
    USART_LINCmd                             0x08006dfd   Thumb Code    24  stm32f4xx_usart.o(.text)
    USART_SendBreak                          0x08006e15   Thumb Code    10  stm32f4xx_usart.o(.text)
    USART_HalfDuplexCmd                      0x08006e1f   Thumb Code    24  stm32f4xx_usart.o(.text)
    USART_SetGuardTime                       0x08006e37   Thumb Code    16  stm32f4xx_usart.o(.text)
    USART_SmartCardCmd                       0x08006e47   Thumb Code    24  stm32f4xx_usart.o(.text)
    USART_SmartCardNACKCmd                   0x08006e5f   Thumb Code    24  stm32f4xx_usart.o(.text)
    USART_IrDAConfig                         0x08006e77   Thumb Code    18  stm32f4xx_usart.o(.text)
    USART_IrDACmd                            0x08006e89   Thumb Code    24  stm32f4xx_usart.o(.text)
    USART_DMACmd                             0x08006ea1   Thumb Code    18  stm32f4xx_usart.o(.text)
    USART_ITConfig                           0x08006eb3   Thumb Code    74  stm32f4xx_usart.o(.text)
    USART_GetFlagStatus                      0x08006efd   Thumb Code    26  stm32f4xx_usart.o(.text)
    USART_ClearFlag                          0x08006f17   Thumb Code    18  stm32f4xx_usart.o(.text)
    USART_GetITStatus                        0x08006f29   Thumb Code   118  stm32f4xx_usart.o(.text)
    USART_ClearITPendingBit                  0x08006f9f   Thumb Code    30  stm32f4xx_usart.o(.text)
    Reset_Handler                            0x08006fbd   Thumb Code     8  startup_stm32f40xx.o(.text)
    ADC_IRQHandler                           0x08006fd7   Thumb Code     0  startup_stm32f40xx.o(.text)
    CAN1_RX1_IRQHandler                      0x08006fd7   Thumb Code     0  startup_stm32f40xx.o(.text)
    CAN1_SCE_IRQHandler                      0x08006fd7   Thumb Code     0  startup_stm32f40xx.o(.text)
    CAN1_TX_IRQHandler                       0x08006fd7   Thumb Code     0  startup_stm32f40xx.o(.text)
    CAN2_RX1_IRQHandler                      0x08006fd7   Thumb Code     0  startup_stm32f40xx.o(.text)
    CAN2_SCE_IRQHandler                      0x08006fd7   Thumb Code     0  startup_stm32f40xx.o(.text)
    CAN2_TX_IRQHandler                       0x08006fd7   Thumb Code     0  startup_stm32f40xx.o(.text)
    CRYP_IRQHandler                          0x08006fd7   Thumb Code     0  startup_stm32f40xx.o(.text)
    DCMI_IRQHandler                          0x08006fd7   Thumb Code     0  startup_stm32f40xx.o(.text)
    DMA1_Stream0_IRQHandler                  0x08006fd7   Thumb Code     0  startup_stm32f40xx.o(.text)
    DMA1_Stream1_IRQHandler                  0x08006fd7   Thumb Code     0  startup_stm32f40xx.o(.text)
    DMA1_Stream2_IRQHandler                  0x08006fd7   Thumb Code     0  startup_stm32f40xx.o(.text)
    DMA1_Stream3_IRQHandler                  0x08006fd7   Thumb Code     0  startup_stm32f40xx.o(.text)
    DMA1_Stream4_IRQHandler                  0x08006fd7   Thumb Code     0  startup_stm32f40xx.o(.text)
    DMA1_Stream6_IRQHandler                  0x08006fd7   Thumb Code     0  startup_stm32f40xx.o(.text)
    DMA1_Stream7_IRQHandler                  0x08006fd7   Thumb Code     0  startup_stm32f40xx.o(.text)
    DMA2_Stream0_IRQHandler                  0x08006fd7   Thumb Code     0  startup_stm32f40xx.o(.text)
    DMA2_Stream1_IRQHandler                  0x08006fd7   Thumb Code     0  startup_stm32f40xx.o(.text)
    DMA2_Stream2_IRQHandler                  0x08006fd7   Thumb Code     0  startup_stm32f40xx.o(.text)
    DMA2_Stream3_IRQHandler                  0x08006fd7   Thumb Code     0  startup_stm32f40xx.o(.text)
    DMA2_Stream4_IRQHandler                  0x08006fd7   Thumb Code     0  startup_stm32f40xx.o(.text)
    DMA2_Stream5_IRQHandler                  0x08006fd7   Thumb Code     0  startup_stm32f40xx.o(.text)
    DMA2_Stream6_IRQHandler                  0x08006fd7   Thumb Code     0  startup_stm32f40xx.o(.text)
    DMA2_Stream7_IRQHandler                  0x08006fd7   Thumb Code     0  startup_stm32f40xx.o(.text)
    ETH_IRQHandler                           0x08006fd7   Thumb Code     0  startup_stm32f40xx.o(.text)
    ETH_WKUP_IRQHandler                      0x08006fd7   Thumb Code     0  startup_stm32f40xx.o(.text)
    EXTI0_IRQHandler                         0x08006fd7   Thumb Code     0  startup_stm32f40xx.o(.text)
    EXTI15_10_IRQHandler                     0x08006fd7   Thumb Code     0  startup_stm32f40xx.o(.text)
    EXTI1_IRQHandler                         0x08006fd7   Thumb Code     0  startup_stm32f40xx.o(.text)
    EXTI2_IRQHandler                         0x08006fd7   Thumb Code     0  startup_stm32f40xx.o(.text)
    EXTI3_IRQHandler                         0x08006fd7   Thumb Code     0  startup_stm32f40xx.o(.text)
    EXTI4_IRQHandler                         0x08006fd7   Thumb Code     0  startup_stm32f40xx.o(.text)
    EXTI9_5_IRQHandler                       0x08006fd7   Thumb Code     0  startup_stm32f40xx.o(.text)
    FLASH_IRQHandler                         0x08006fd7   Thumb Code     0  startup_stm32f40xx.o(.text)
    FPU_IRQHandler                           0x08006fd7   Thumb Code     0  startup_stm32f40xx.o(.text)
    FSMC_IRQHandler                          0x08006fd7   Thumb Code     0  startup_stm32f40xx.o(.text)
    HASH_RNG_IRQHandler                      0x08006fd7   Thumb Code     0  startup_stm32f40xx.o(.text)
    I2C1_ER_IRQHandler                       0x08006fd7   Thumb Code     0  startup_stm32f40xx.o(.text)
    I2C1_EV_IRQHandler                       0x08006fd7   Thumb Code     0  startup_stm32f40xx.o(.text)
    I2C2_ER_IRQHandler                       0x08006fd7   Thumb Code     0  startup_stm32f40xx.o(.text)
    I2C2_EV_IRQHandler                       0x08006fd7   Thumb Code     0  startup_stm32f40xx.o(.text)
    I2C3_ER_IRQHandler                       0x08006fd7   Thumb Code     0  startup_stm32f40xx.o(.text)
    I2C3_EV_IRQHandler                       0x08006fd7   Thumb Code     0  startup_stm32f40xx.o(.text)
    OTG_FS_IRQHandler                        0x08006fd7   Thumb Code     0  startup_stm32f40xx.o(.text)
    OTG_FS_WKUP_IRQHandler                   0x08006fd7   Thumb Code     0  startup_stm32f40xx.o(.text)
    OTG_HS_EP1_IN_IRQHandler                 0x08006fd7   Thumb Code     0  startup_stm32f40xx.o(.text)
    OTG_HS_EP1_OUT_IRQHandler                0x08006fd7   Thumb Code     0  startup_stm32f40xx.o(.text)
    OTG_HS_IRQHandler                        0x08006fd7   Thumb Code     0  startup_stm32f40xx.o(.text)
    OTG_HS_WKUP_IRQHandler                   0x08006fd7   Thumb Code     0  startup_stm32f40xx.o(.text)
    PVD_IRQHandler                           0x08006fd7   Thumb Code     0  startup_stm32f40xx.o(.text)
    RCC_IRQHandler                           0x08006fd7   Thumb Code     0  startup_stm32f40xx.o(.text)
    RTC_Alarm_IRQHandler                     0x08006fd7   Thumb Code     0  startup_stm32f40xx.o(.text)
    RTC_WKUP_IRQHandler                      0x08006fd7   Thumb Code     0  startup_stm32f40xx.o(.text)
    SDIO_IRQHandler                          0x08006fd7   Thumb Code     0  startup_stm32f40xx.o(.text)
    SPI1_IRQHandler                          0x08006fd7   Thumb Code     0  startup_stm32f40xx.o(.text)
    SPI2_IRQHandler                          0x08006fd7   Thumb Code     0  startup_stm32f40xx.o(.text)
    SPI3_IRQHandler                          0x08006fd7   Thumb Code     0  startup_stm32f40xx.o(.text)
    TAMP_STAMP_IRQHandler                    0x08006fd7   Thumb Code     0  startup_stm32f40xx.o(.text)
    TIM1_BRK_TIM9_IRQHandler                 0x08006fd7   Thumb Code     0  startup_stm32f40xx.o(.text)
    TIM1_CC_IRQHandler                       0x08006fd7   Thumb Code     0  startup_stm32f40xx.o(.text)
    TIM1_TRG_COM_TIM11_IRQHandler            0x08006fd7   Thumb Code     0  startup_stm32f40xx.o(.text)
    TIM1_UP_TIM10_IRQHandler                 0x08006fd7   Thumb Code     0  startup_stm32f40xx.o(.text)
    TIM2_IRQHandler                          0x08006fd7   Thumb Code     0  startup_stm32f40xx.o(.text)
    TIM3_IRQHandler                          0x08006fd7   Thumb Code     0  startup_stm32f40xx.o(.text)
    TIM4_IRQHandler                          0x08006fd7   Thumb Code     0  startup_stm32f40xx.o(.text)
    TIM5_IRQHandler                          0x08006fd7   Thumb Code     0  startup_stm32f40xx.o(.text)
    TIM6_DAC_IRQHandler                      0x08006fd7   Thumb Code     0  startup_stm32f40xx.o(.text)
    TIM7_IRQHandler                          0x08006fd7   Thumb Code     0  startup_stm32f40xx.o(.text)
    TIM8_BRK_TIM12_IRQHandler                0x08006fd7   Thumb Code     0  startup_stm32f40xx.o(.text)
    TIM8_CC_IRQHandler                       0x08006fd7   Thumb Code     0  startup_stm32f40xx.o(.text)
    TIM8_TRG_COM_TIM14_IRQHandler            0x08006fd7   Thumb Code     0  startup_stm32f40xx.o(.text)
    TIM8_UP_TIM13_IRQHandler                 0x08006fd7   Thumb Code     0  startup_stm32f40xx.o(.text)
    UART4_IRQHandler                         0x08006fd7   Thumb Code     0  startup_stm32f40xx.o(.text)
    USART1_IRQHandler                        0x08006fd7   Thumb Code     0  startup_stm32f40xx.o(.text)
    USART2_IRQHandler                        0x08006fd7   Thumb Code     0  startup_stm32f40xx.o(.text)
    USART3_IRQHandler                        0x08006fd7   Thumb Code     0  startup_stm32f40xx.o(.text)
    USART6_IRQHandler                        0x08006fd7   Thumb Code     0  startup_stm32f40xx.o(.text)
    WWDG_IRQHandler                          0x08006fd7   Thumb Code     0  startup_stm32f40xx.o(.text)
    __user_initial_stackheap                 0x08006fd9   Thumb Code     0  startup_stm32f40xx.o(.text)
    SystemInit                               0x080070d9   Thumb Code    88  system_stm32f4xx.o(.text)
    SystemCoreClockUpdate                    0x08007131   Thumb Code   174  system_stm32f4xx.o(.text)
    CAN_DeInit                               0x0800720d   Thumb Code    50  stm32f4xx_can.o(.text)
    CAN_Init                                 0x0800723f   Thumb Code   276  stm32f4xx_can.o(.text)
    CAN_FilterInit                           0x08007353   Thumb Code   258  stm32f4xx_can.o(.text)
    CAN_StructInit                           0x08007455   Thumb Code    32  stm32f4xx_can.o(.text)
    CAN_SlaveStartBank                       0x08007475   Thumb Code    48  stm32f4xx_can.o(.text)
    CAN_DBGFreeze                            0x080074a5   Thumb Code    22  stm32f4xx_can.o(.text)
    CAN_TTComModeCmd                         0x080074bb   Thumb Code   118  stm32f4xx_can.o(.text)
    CAN_Transmit                             0x08007531   Thumb Code   304  stm32f4xx_can.o(.text)
    CAN_TransmitStatus                       0x08007661   Thumb Code   138  stm32f4xx_can.o(.text)
    CAN_CancelTransmit                       0x080076eb   Thumb Code    48  stm32f4xx_can.o(.text)
    CAN_Receive                              0x0800771b   Thumb Code   240  stm32f4xx_can.o(.text)
    CAN_FIFORelease                          0x0800780b   Thumb Code    22  stm32f4xx_can.o(.text)
    CAN_MessagePending                       0x08007821   Thumb Code    30  stm32f4xx_can.o(.text)
    CAN_OperatingModeRequest                 0x0800783f   Thumb Code   162  stm32f4xx_can.o(.text)
    CAN_Sleep                                0x080078e1   Thumb Code    30  stm32f4xx_can.o(.text)
    CAN_WakeUp                               0x080078ff   Thumb Code    48  stm32f4xx_can.o(.text)
    CAN_GetLastErrorCode                     0x0800792f   Thumb Code    12  stm32f4xx_can.o(.text)
    CAN_GetReceiveErrorCounter               0x0800793b   Thumb Code    10  stm32f4xx_can.o(.text)
    CAN_GetLSBTransmitErrorCounter           0x08007945   Thumb Code    12  stm32f4xx_can.o(.text)
    CAN_ITConfig                             0x08007951   Thumb Code    18  stm32f4xx_can.o(.text)
    CAN_GetFlagStatus                        0x08007963   Thumb Code   120  stm32f4xx_can.o(.text)
    CAN_ClearFlag                            0x080079db   Thumb Code    52  stm32f4xx_can.o(.text)
    CAN_GetITStatus                          0x08007a21   Thumb Code   310  stm32f4xx_can.o(.text)
    CAN_ClearITPendingBit                    0x08007b57   Thumb Code   162  stm32f4xx_can.o(.text)
    DMA_DeInit                               0x08007bfd   Thumb Code   324  stm32f4xx_dma.o(.text)
    DMA_Init                                 0x08007d41   Thumb Code    82  stm32f4xx_dma.o(.text)
    DMA_StructInit                           0x08007d93   Thumb Code    34  stm32f4xx_dma.o(.text)
    DMA_Cmd                                  0x08007db5   Thumb Code    22  stm32f4xx_dma.o(.text)
    DMA_PeriphIncOffsetSizeConfig            0x08007dcb   Thumb Code    22  stm32f4xx_dma.o(.text)
    DMA_FlowControllerConfig                 0x08007de1   Thumb Code    22  stm32f4xx_dma.o(.text)
    DMA_SetCurrDataCounter                   0x08007df7   Thumb Code     4  stm32f4xx_dma.o(.text)
    DMA_GetCurrDataCounter                   0x08007dfb   Thumb Code     8  stm32f4xx_dma.o(.text)
    DMA_DoubleBufferModeConfig               0x08007e03   Thumb Code    24  stm32f4xx_dma.o(.text)
    DMA_DoubleBufferModeCmd                  0x08007e1b   Thumb Code    22  stm32f4xx_dma.o(.text)
    DMA_MemoryTargetConfig                   0x08007e31   Thumb Code    10  stm32f4xx_dma.o(.text)
    DMA_GetCurrentMemoryTarget               0x08007e3b   Thumb Code    20  stm32f4xx_dma.o(.text)
    DMA_GetCmdStatus                         0x08007e4f   Thumb Code    20  stm32f4xx_dma.o(.text)
    DMA_GetFIFOStatus                        0x08007e63   Thumb Code    12  stm32f4xx_dma.o(.text)
    DMA_GetFlagStatus                        0x08007e6f   Thumb Code    56  stm32f4xx_dma.o(.text)
    DMA_ClearFlag                            0x08007ea7   Thumb Code    40  stm32f4xx_dma.o(.text)
    DMA_ITConfig                             0x08007ecf   Thumb Code    58  stm32f4xx_dma.o(.text)
    DMA_GetITStatus                          0x08007f09   Thumb Code    84  stm32f4xx_dma.o(.text)
    DMA_ClearITPendingBit                    0x08007f5d   Thumb Code    40  stm32f4xx_dma.o(.text)
    _sys_exit                                0x08007fa5   Thumb Code     8  usart.o(.text)
    fputc                                    0x08007fad   Thumb Code    22  usart.o(.text)
    uart_init                                0x08007fc3   Thumb Code     2  usart.o(.text)
    IIC_Init                                 0x08007fc9   Thumb Code    60  myiic.o(.text)
    IIC_Start                                0x08008005   Thumb Code    68  myiic.o(.text)
    IIC_Stop                                 0x08008049   Thumb Code    62  myiic.o(.text)
    IIC_Wait_Ack                             0x08008087   Thumb Code    82  myiic.o(.text)
    IIC_Ack                                  0x080080d9   Thumb Code    66  myiic.o(.text)
    IIC_NAck                                 0x0800811b   Thumb Code    66  myiic.o(.text)
    IIC_Send_Byte                            0x0800815d   Thumb Code    90  myiic.o(.text)
    IIC_Read_Byte                            0x080081b7   Thumb Code    94  myiic.o(.text)
    MPU_Write_Byte                           0x08008221   Thumb Code    68  mpu6050.o(.text)
    MPU_Set_LPF                              0x08008265   Thumb Code    58  mpu6050.o(.text)
    MPU_Set_Rate                             0x0800829f   Thumb Code    58  mpu6050.o(.text)
    MPU_Read_Byte                            0x080082d9   Thumb Code    58  mpu6050.o(.text)
    MPU_Set_Accel_Fsr                        0x08008313   Thumb Code    16  mpu6050.o(.text)
    MPU_Set_Gyro_Fsr                         0x08008323   Thumb Code    16  mpu6050.o(.text)
    MPU_Init                                 0x08008333   Thumb Code   122  mpu6050.o(.text)
    MPU_Read_Len                             0x080083ad   Thumb Code   116  mpu6050.o(.text)
    MPU_Get_Temperature                      0x08008421   Thumb Code   110  mpu6050.o(.text)
    MPU_Get_Gyroscope                        0x0800848f   Thumb Code    80  mpu6050.o(.text)
    MPU_Get_Accelerometer                    0x080084df   Thumb Code    80  mpu6050.o(.text)
    MPU_Write_Len                            0x0800852f   Thumb Code    96  mpu6050.o(.text)
    mpu_reg_dump                             0x0800862f   Thumb Code    84  inv_mpu.o(.text)
    mpu_read_reg                             0x08008683   Thumb Code    66  inv_mpu.o(.text)
    mpu_set_int_latched                      0x080086c5   Thumb Code   102  inv_mpu.o(.text)
    mpu_set_sensors                          0x0800872b   Thumb Code   202  inv_mpu.o(.text)
    mpu_set_bypass                           0x080087f5   Thumb Code   328  inv_mpu.o(.text)
    mpu_reset_fifo                           0x0800893d   Thumb Code   472  inv_mpu.o(.text)
    mpu_configure_fifo                       0x08008b15   Thumb Code   106  inv_mpu.o(.text)
    mpu_set_lpf                              0x08008b7f   Thumb Code   126  inv_mpu.o(.text)
    mpu_lp_accel_mode                        0x08008bfd   Thumb Code   218  inv_mpu.o(.text)
    mpu_set_sample_rate                      0x08008cd7   Thumb Code   152  inv_mpu.o(.text)
    mpu_set_accel_fsr                        0x08008d6f   Thumb Code   132  inv_mpu.o(.text)
    mpu_set_gyro_fsr                         0x08008df3   Thumb Code   132  inv_mpu.o(.text)
    mpu_init                                 0x08008e77   Thumb Code   416  inv_mpu.o(.text)
    mget_ms                                  0x08009017   Thumb Code     2  inv_mpu.o(.text)
    mpu_get_gyro_reg                         0x08009019   Thumb Code   110  inv_mpu.o(.text)
    mpu_get_accel_reg                        0x08009087   Thumb Code   110  inv_mpu.o(.text)
    mpu_get_temperature                      0x080090f5   Thumb Code   142  inv_mpu.o(.text)
    mpu_set_accel_bias                       0x08009183   Thumb Code   472  inv_mpu.o(.text)
    mpu_get_gyro_fsr                         0x0800935b   Thumb Code    64  inv_mpu.o(.text)
    mpu_get_accel_fsr                        0x0800939b   Thumb Code    72  inv_mpu.o(.text)
    mpu_get_lpf                              0x080093e3   Thumb Code    74  inv_mpu.o(.text)
    mpu_get_sample_rate                      0x0800942d   Thumb Code    26  inv_mpu.o(.text)
    mpu_get_compass_sample_rate              0x08009447   Thumb Code    10  inv_mpu.o(.text)
    mpu_set_compass_sample_rate              0x08009451   Thumb Code     8  inv_mpu.o(.text)
    mpu_get_gyro_sens                        0x08009459   Thumb Code    74  inv_mpu.o(.text)
    mpu_get_accel_sens                       0x080094a3   Thumb Code    78  inv_mpu.o(.text)
    mpu_get_fifo_config                      0x080094f1   Thumb Code    12  inv_mpu.o(.text)
    mpu_get_power_state                      0x080094fd   Thumb Code    22  inv_mpu.o(.text)
    mpu_get_int_status                       0x08009513   Thumb Code    64  inv_mpu.o(.text)
    mpu_read_fifo                            0x08009553   Thumb Code   520  inv_mpu.o(.text)
    mpu_read_fifo_stream                     0x0800975b   Thumb Code   186  inv_mpu.o(.text)
    mpu_set_int_level                        0x08009815   Thumb Code    12  inv_mpu.o(.text)
    mpu_set_dmp_state                        0x08009f25   Thumb Code   138  inv_mpu.o(.text)
    mpu_run_self_test                        0x08009faf   Thumb Code   278  inv_mpu.o(.text)
    mpu_write_mem                            0x0800a0c5   Thumb Code   122  inv_mpu.o(.text)
    mpu_read_mem                             0x0800a13f   Thumb Code   122  inv_mpu.o(.text)
    mpu_load_firmware                        0x0800a1b9   Thumb Code   190  inv_mpu.o(.text)
    mpu_get_dmp_state                        0x0800a277   Thumb Code    14  inv_mpu.o(.text)
    setup_compass                            0x0800a285   Thumb Code     6  inv_mpu.o(.text)
    mpu_get_compass_reg                      0x0800a28b   Thumb Code     8  inv_mpu.o(.text)
    mpu_get_compass_fsr                      0x0800a293   Thumb Code     8  inv_mpu.o(.text)
    mpu_lp_motion_interrupt                  0x0800a29b   Thumb Code   512  inv_mpu.o(.text)
    run_self_test                            0x0800a49b   Thumb Code   158  inv_mpu.o(.text)
    inv_row_2_scale                          0x0800a539   Thumb Code    78  inv_mpu.o(.text)
    inv_orientation_matrix_to_scalar         0x0800a587   Thumb Code    40  inv_mpu.o(.text)
    mpu_dmp_init                             0x0800a5af   Thumb Code   166  inv_mpu.o(.text)
    mpu_dmp_get_data                         0x0800a655   Thumb Code   520  inv_mpu.o(.text)
    dmp_load_motion_driver_firmware          0x0800a871   Thumb Code    20  inv_mpu_dmp_motion_driver.o(.text)
    dmp_set_orientation                      0x0800a885   Thumb Code   290  inv_mpu_dmp_motion_driver.o(.text)
    dmp_set_gyro_bias                        0x0800a9a7   Thumb Code   294  inv_mpu_dmp_motion_driver.o(.text)
    dmp_set_accel_bias                       0x0800aacd   Thumb Code   300  inv_mpu_dmp_motion_driver.o(.text)
    dmp_set_fifo_rate                        0x0800abf9   Thumb Code   136  inv_mpu_dmp_motion_driver.o(.text)
    dmp_get_fifo_rate                        0x0800ac81   Thumb Code    12  inv_mpu_dmp_motion_driver.o(.text)
    dmp_set_tap_thresh                       0x0800ac8d   Thumb Code   412  inv_mpu_dmp_motion_driver.o(.text)
    dmp_set_tap_axes                         0x0800ae29   Thumb Code    70  inv_mpu_dmp_motion_driver.o(.text)
    dmp_set_tap_count                        0x0800ae6f   Thumb Code    38  inv_mpu_dmp_motion_driver.o(.text)
    dmp_set_tap_time                         0x0800ae95   Thumb Code    38  inv_mpu_dmp_motion_driver.o(.text)
    dmp_set_tap_time_multi                   0x0800aebb   Thumb Code    38  inv_mpu_dmp_motion_driver.o(.text)
    dmp_set_shake_reject_thresh              0x0800aee1   Thumb Code    56  inv_mpu_dmp_motion_driver.o(.text)
    dmp_set_shake_reject_time                0x0800af19   Thumb Code    38  inv_mpu_dmp_motion_driver.o(.text)
    dmp_set_shake_reject_timeout             0x0800af3f   Thumb Code    38  inv_mpu_dmp_motion_driver.o(.text)
    dmp_get_pedometer_step_count             0x0800af65   Thumb Code    66  inv_mpu_dmp_motion_driver.o(.text)
    dmp_set_pedometer_step_count             0x0800afa7   Thumb Code    42  inv_mpu_dmp_motion_driver.o(.text)
    dmp_get_pedometer_walk_time              0x0800afd1   Thumb Code    72  inv_mpu_dmp_motion_driver.o(.text)
    dmp_set_pedometer_walk_time              0x0800b019   Thumb Code    48  inv_mpu_dmp_motion_driver.o(.text)
    dmp_enable_6x_lp_quat                    0x0800b049   Thumb Code   100  inv_mpu_dmp_motion_driver.o(.text)
    dmp_enable_lp_quat                       0x0800b0ad   Thumb Code    60  inv_mpu_dmp_motion_driver.o(.text)
    dmp_enable_gyro_cal                      0x0800b0e9   Thumb Code    62  inv_mpu_dmp_motion_driver.o(.text)
    dmp_enable_feature                       0x0800b127   Thumb Code   530  inv_mpu_dmp_motion_driver.o(.text)
    dmp_get_enabled_features                 0x0800b339   Thumb Code    12  inv_mpu_dmp_motion_driver.o(.text)
    dmp_set_interrupt_mode                   0x0800b3a3   Thumb Code    66  inv_mpu_dmp_motion_driver.o(.text)
    dmp_read_fifo                            0x0800b3e5   Thumb Code   514  inv_mpu_dmp_motion_driver.o(.text)
    dmp_register_tap_cb                      0x0800b5e7   Thumb Code    10  inv_mpu_dmp_motion_driver.o(.text)
    dmp_register_android_orient_cb           0x0800b5f1   Thumb Code    10  inv_mpu_dmp_motion_driver.o(.text)
    __use_no_semihosting                     0x0800b601   Thumb Code     2  use_no_semi_2.o(.text)
    __aeabi_ldivmod                          0x0800b603   Thumb Code     0  llsdiv.o(.text)
    _ll_sdiv                                 0x0800b603   Thumb Code    72  llsdiv.o(.text)
    __2printf                                0x0800b64d   Thumb Code    20  noretval__2printf.o(.text)
    _printf_pre_padding                      0x0800b665   Thumb Code    44  _printf_pad.o(.text)
    _printf_post_padding                     0x0800b691   Thumb Code    34  _printf_pad.o(.text)
    _printf_int_dec                          0x0800b6b5   Thumb Code   104  _printf_dec.o(.text)
    _printf_int_hex                          0x0800b72d   Thumb Code    84  _printf_hex_int.o(.text)
    _printf_longlong_hex                     0x0800b72d   Thumb Code     0  _printf_hex_int.o(.text)
    __printf                                 0x0800b785   Thumb Code   308  __printf_flags_wp.o(.text)
    memcmp                                   0x0800b8bd   Thumb Code    88  memcmp.o(.text)
    __aeabi_memcpy                           0x0800b915   Thumb Code     0  rt_memcpy_v6.o(.text)
    __rt_memcpy                              0x0800b915   Thumb Code   138  rt_memcpy_v6.o(.text)
    _memcpy_lastbytes                        0x0800b97b   Thumb Code     0  rt_memcpy_v6.o(.text)
    __aeabi_memset                           0x0800b99f   Thumb Code    16  aeabi_memset.o(.text)
    __aeabi_memclr                           0x0800b9af   Thumb Code     0  rt_memclr.o(.text)
    __rt_memclr                              0x0800b9af   Thumb Code    68  rt_memclr.o(.text)
    _memset                                  0x0800b9b3   Thumb Code     0  rt_memclr.o(.text)
    __use_two_region_memory                  0x0800b9f3   Thumb Code     2  heapauxi.o(.text)
    __rt_heap_escrow$2region                 0x0800b9f5   Thumb Code     2  heapauxi.o(.text)
    __rt_heap_expand$2region                 0x0800b9f7   Thumb Code     2  heapauxi.o(.text)
    __I$use$semihosting                      0x0800b9f9   Thumb Code     0  use_no_semi.o(.text)
    __use_no_semihosting_swi                 0x0800b9f9   Thumb Code     2  use_no_semi.o(.text)
    __aeabi_uldivmod                         0x0800b9fb   Thumb Code     0  lludivv7m.o(.text)
    _ll_udiv                                 0x0800b9fb   Thumb Code   238  lludivv7m.o(.text)
    __read_errno                             0x0800bae9   Thumb Code    10  _rserrno.o(.text)
    __set_errno                              0x0800baf3   Thumb Code    12  _rserrno.o(.text)
    _printf_int_common                       0x0800baff   Thumb Code   178  _printf_intcommon.o(.text)
    _printf_char_file                        0x0800bbb1   Thumb Code    32  _printf_char_file.o(.text)
    __aeabi_memcpy4                          0x0800bbd5   Thumb Code     0  rt_memcpy_w.o(.text)
    __aeabi_memcpy8                          0x0800bbd5   Thumb Code     0  rt_memcpy_w.o(.text)
    __rt_memcpy_w                            0x0800bbd5   Thumb Code   100  rt_memcpy_w.o(.text)
    _memcpy_lastbytes_aligned                0x0800bc1d   Thumb Code     0  rt_memcpy_w.o(.text)
    __aeabi_memclr4                          0x0800bc39   Thumb Code     0  rt_memclr_w.o(.text)
    __aeabi_memclr8                          0x0800bc39   Thumb Code     0  rt_memclr_w.o(.text)
    __rt_memclr_w                            0x0800bc39   Thumb Code    78  rt_memclr_w.o(.text)
    _memset_w                                0x0800bc3d   Thumb Code     0  rt_memclr_w.o(.text)
    __aeabi_errno_addr                       0x0800bc89   Thumb Code     8  rt_errno_addr_intlibspace.o(.text)
    __errno$intlibspace                      0x0800bc89   Thumb Code     0  rt_errno_addr_intlibspace.o(.text)
    __rt_errno_addr$intlibspace              0x0800bc89   Thumb Code     0  rt_errno_addr_intlibspace.o(.text)
    _printf_char_common                      0x0800bc9b   Thumb Code    32  _printf_char_common.o(.text)
    ferror                                   0x0800bcc1   Thumb Code     8  ferror.o(.text)
    __user_libspace                          0x0800bcc9   Thumb Code     8  libspace.o(.text)
    __user_perproc_libspace                  0x0800bcc9   Thumb Code     0  libspace.o(.text)
    __user_perthread_libspace                0x0800bcc9   Thumb Code     0  libspace.o(.text)
    __user_setup_stackheap                   0x0800bcd1   Thumb Code    74  sys_stackheap_outer.o(.text)
    exit                                     0x0800bd1b   Thumb Code    12  exit.o(.text)
    __ARM_fpclassify                         0x0800bd27   Thumb Code    48  fpclassify.o(i.__ARM_fpclassify)
    __hardfp_asin                            0x0800bd59   Thumb Code   770  asin.o(i.__hardfp_asin)
    __hardfp_atan                            0x0800c0b9   Thumb Code   622  atan.o(i.__hardfp_atan)
    __hardfp_atan2                           0x0800c391   Thumb Code   432  atan2.o(i.__hardfp_atan2)
    __hardfp_fabs                            0x0800c581   Thumb Code    20  fabs.o(i.__hardfp_fabs)
    __kernel_poly                            0x0800c595   Thumb Code   248  poly.o(i.__kernel_poly)
    __mathlib_dbl_infnan                     0x0800c68d   Thumb Code    20  dunder.o(i.__mathlib_dbl_infnan)
    __mathlib_dbl_infnan2                    0x0800c6a1   Thumb Code    20  dunder.o(i.__mathlib_dbl_infnan2)
    __mathlib_dbl_invalid                    0x0800c6b9   Thumb Code    24  dunder.o(i.__mathlib_dbl_invalid)
    __mathlib_dbl_underflow                  0x0800c6d9   Thumb Code    24  dunder.o(i.__mathlib_dbl_underflow)
    _is_digit                                0x0800c6f9   Thumb Code    14  __printf_wp.o(i._is_digit)
    atan                                     0x0800c707   Thumb Code    16  atan.o(i.atan)
    fabs                                     0x0800c717   Thumb Code    24  fabs.o(i.fabs)
    sqrt                                     0x0800c72f   Thumb Code   110  sqrt.o(i.sqrt)
    __aeabi_dneg                             0x0800c79d   Thumb Code     0  basic.o(x$fpl$basic)
    _dneg                                    0x0800c79d   Thumb Code     6  basic.o(x$fpl$basic)
    __aeabi_fneg                             0x0800c7a3   Thumb Code     0  basic.o(x$fpl$basic)
    _fneg                                    0x0800c7a3   Thumb Code     6  basic.o(x$fpl$basic)
    _dabs                                    0x0800c7a9   Thumb Code     6  basic.o(x$fpl$basic)
    _fabs                                    0x0800c7af   Thumb Code     6  basic.o(x$fpl$basic)
    __aeabi_d2f                              0x0800c7b5   Thumb Code     0  d2f.o(x$fpl$d2f)
    _d2f                                     0x0800c7b5   Thumb Code    98  d2f.o(x$fpl$d2f)
    __aeabi_dadd                             0x0800c819   Thumb Code     0  daddsub_clz.o(x$fpl$dadd)
    _dadd                                    0x0800c819   Thumb Code   332  daddsub_clz.o(x$fpl$dadd)
    __aeabi_ddiv                             0x0800c969   Thumb Code     0  ddiv.o(x$fpl$ddiv)
    _ddiv                                    0x0800c969   Thumb Code   552  ddiv.o(x$fpl$ddiv)
    __aeabi_d2iz                             0x0800cc19   Thumb Code     0  dfix.o(x$fpl$dfix)
    _dfix                                    0x0800cc19   Thumb Code    94  dfix.o(x$fpl$dfix)
    __aeabi_i2d                              0x0800cc77   Thumb Code     0  dflt_clz.o(x$fpl$dflt)
    _dflt                                    0x0800cc77   Thumb Code    46  dflt_clz.o(x$fpl$dflt)
    __aeabi_dmul                             0x0800cca5   Thumb Code     0  dmul.o(x$fpl$dmul)
    _dmul                                    0x0800cca5   Thumb Code   332  dmul.o(x$fpl$dmul)
    __fpl_dnaninf                            0x0800cdf9   Thumb Code   156  dnaninf.o(x$fpl$dnaninf)
    __fpl_dretinf                            0x0800ce95   Thumb Code    12  dretinf.o(x$fpl$dretinf)
    __aeabi_drsub                            0x0800cea1   Thumb Code     0  daddsub_clz.o(x$fpl$drsb)
    _drsb                                    0x0800cea1   Thumb Code    22  daddsub_clz.o(x$fpl$drsb)
    _dsqrt                                   0x0800ceb9   Thumb Code   404  dsqrt_umaal.o(x$fpl$dsqrt)
    __aeabi_dsub                             0x0800d051   Thumb Code     0  daddsub_clz.o(x$fpl$dsub)
    _dsub                                    0x0800d051   Thumb Code   464  daddsub_clz.o(x$fpl$dsub)
    __aeabi_f2d                              0x0800d225   Thumb Code     0  f2d.o(x$fpl$f2d)
    _f2d                                     0x0800d225   Thumb Code    86  f2d.o(x$fpl$f2d)
    __fpl_fnaninf                            0x0800d27b   Thumb Code   140  fnaninf.o(x$fpl$fnaninf)
    _fp_init                                 0x0800d307   Thumb Code    10  fpinit.o(x$fpl$fpinit)
    __fplib_config_fpu_vfp                   0x0800d30f   Thumb Code     0  fpinit.o(x$fpl$fpinit)
    __fplib_config_pureend_doubles           0x0800d30f   Thumb Code     0  fpinit.o(x$fpl$fpinit)
    __fpl_fretinf                            0x0800d311   Thumb Code    10  fretinf.o(x$fpl$fretinf)
    __I$use$fp                               0x0800d31a   Number         0  usenofp.o(x$fpl$usenofp)
    sinetable                                0x0800d31c   Data       32772  sinetable.o(.constdata)
    CRC8_INIT                                0x08015320   Data           1  crc.o(.constdata)
    CRC8_TAB                                 0x08015321   Data         256  crc.o(.constdata)
    wCRC_Table                               0x08015422   Data         512  crc.o(.constdata)
    reg                                      0x08015624   Data          27  inv_mpu.o(.constdata)
    hw                                       0x08015640   Data          12  inv_mpu.o(.constdata)
    test                                     0x0801564c   Data          40  inv_mpu.o(.constdata)
    __mathlib_zero                           0x08016390   Data           8  qnan.o(.constdata)
    Region$$Table$$Base                      0x080163e8   Number         0  anon$$obj.o(Region$$Table)
    Region$$Table$$Limit                     0x08016408   Number         0  anon$$obj.o(Region$$Table)
    Remote_time                              0x20000000   Data           4  main.o(.data)
    see1                                     0x20000004   Data           4  main.o(.data)
    see2                                     0x20000008   Data           4  main.o(.data)
    see3                                     0x2000000c   Data           4  main.o(.data)
    see4                                     0x20000010   Data           4  main.o(.data)
    sysTickUptime                            0x20000014   Data           4  stm32f4xx_it.o(.data)
    currentTime                              0x2000001c   Data           4  system.o(.data)
    loopTime_1ms                             0x20000020   Data           4  system.o(.data)
    previousTime                             0x20000024   Data           4  system.o(.data)
    cycleTime                                0x20000028   Data           2  system.o(.data)
    gyrox                                    0x2000002a   Data           2  system.o(.data)
    gyroy                                    0x2000002c   Data           2  system.o(.data)
    gyroz                                    0x2000002e   Data           2  system.o(.data)
    pitch                                    0x20000030   Data           4  system.o(.data)
    roll                                     0x20000034   Data           4  system.o(.data)
    yaw                                      0x20000038   Data           4  system.o(.data)
    yaw_10                                   0x2000003c   Data           4  system.o(.data)
    SystemMonitor                            0x20000040   Data           4  system.o(.data)
    pass_num                                 0x20000044   Data           4  system.o(.data)
    pass_flag                                0x20000048   Data           1  system.o(.data)
    realxspeed                               0x2000004c   Data           4  system.o(.data)
    realzspeed                               0x20000050   Data           4  system.o(.data)
    _KP                                      0x20000064   Data          80  pid.o(.data)
    _KI                                      0x200000b4   Data          80  pid.o(.data)
    _KD                                      0x20000104   Data          80  pid.o(.data)
    KI_addlimit                              0x20000154   Data          80  pid.o(.data)
    Set_out_limit                            0x200001a4   Data          80  pid.o(.data)
    Blind                                    0x200001f4   Data          80  pid.o(.data)
    i                                        0x20000244   Data           4  2ms_analy.o(.data)
    j                                        0x20000248   Data           4  2ms_analy.o(.data)
    record_CAN1pre                           0x2000024c   Data           4  2ms_analy.o(.data)
    record_CAN1now                           0x20000250   Data           4  2ms_analy.o(.data)
    record_DMApre                            0x20000254   Data           4  2ms_analy.o(.data)
    record_DMAnow                            0x20000258   Data           4  2ms_analy.o(.data)
    CAN1interruptnumber                      0x20000260   Data           4  can1.o(.data)
    Receive_alldata                          0x20000264   Data           1  can2.o(.data)
    ProportionRemote_speed                   0x20000268   Data           4  control.o(.data)
    ProportionCrable_angle2                  0x2000026c   Data           4  control.o(.data)
    Store_NextSpeed1                         0x20000270   Data           2  control.o(.data)
    Store_NextSpeed2                         0x20000272   Data           2  control.o(.data)
    Store_NextSpeed3                         0x20000274   Data           2  control.o(.data)
    Store_NextSpeed4                         0x20000276   Data           2  control.o(.data)
    Store_NextSpeed_gimbel1                  0x20000278   Data           2  control.o(.data)
    Store_NextAngle_gimbel1                  0x2000027a   Data           2  control.o(.data)
    Store_NextSpeed_gimbel2                  0x2000027c   Data           2  control.o(.data)
    Store_NextAngle_gimbel2                  0x2000027e   Data           2  control.o(.data)
    pid_around                               0x20000280   Data           2  control.o(.data)
    centeryaw                                0x20000284   Data           4  control.o(.data)
    startone                                 0x20000288   Data           4  control.o(.data)
    deta_angle                               0x2000028c   Data           4  control.o(.data)
    Send_buf                                 0x20000290   Data           8  control.o(.data)
    Send_buf_crable                          0x20000298   Data           8  control.o(.data)
    Send_buf_dial                            0x200002a0   Data           8  control.o(.data)
    DMAinterruptnumber                       0x200002a8   Data           4  usart2.o(.data)
    W_key                                    0x200002ac   Data           1  usart2.o(.data)
    S_key                                    0x200002ad   Data           1  usart2.o(.data)
    A_key                                    0x200002ae   Data           1  usart2.o(.data)
    D_key                                    0x200002af   Data           1  usart2.o(.data)
    V_key                                    0x200002b0   Data           1  usart2.o(.data)
    Q_key                                    0x200002b1   Data           1  usart2.o(.data)
    E_key                                    0x200002b2   Data           1  usart2.o(.data)
    C_key                                    0x200002b3   Data           1  usart2.o(.data)
    F_key                                    0x200002b4   Data           1  usart2.o(.data)
    G_key                                    0x200002b5   Data           1  usart2.o(.data)
    R_key                                    0x200002b6   Data           1  usart2.o(.data)
    Shift_key                                0x200002b7   Data           1  usart2.o(.data)
    Ctrl_key                                 0x200002b8   Data           1  usart2.o(.data)
    CRC_INIT                                 0x200002ba   Data           2  crc.o(.data)
    donumber_Fiction                         0x200002bc   Data           4  pwm.o(.data)
    donumber_SteerEngine                     0x200002c0   Data           4  pwm.o(.data)
    donumber_Dial_gyro                       0x200002c4   Data           4  pwm.o(.data)
    change                                   0x200002c8   Data           4  pwm.o(.data)
    Store_Dial_speed                         0x200002cc   Data           2  dial.o(.data)
    Store_Dial_angle                         0x200002ce   Data           2  dial.o(.data)
    detadial_angle                           0x200002d0   Data           4  dial.o(.data)
    firstdial_angle                          0x200002d4   Data           4  dial.o(.data)
    unshoot                                  0x200002d8   Data           4  dial.o(.data)
    longtime                                 0x200002dc   Data           4  dial.o(.data)
    tyrtyr                                   0x200002e0   Data           4  dial.o(.data)
    shoot                                    0x200002e4   Data           4  dial.o(.data)
    GameState                                0x200002e8   Data           3  judge.o(.data)
    GameResult                               0x200002eb   Data           1  judge.o(.data)
    GameRobotmissile                         0x200002ec   Data           3  judge.o(.data)
    Game_ICRA_buff                           0x200002ef   Data           3  judge.o(.data)
    EventData                                0x200002f2   Data           4  judge.o(.data)
    SupplyProjectileAction                   0x200002f6   Data           3  judge.o(.data)
    Supplywarming                            0x200002f9   Data           2  judge.o(.data)
    dart_remaining_time_t                    0x200002fb   Data           1  judge.o(.data)
    BuffMusk                                 0x200002fc   Data           1  judge.o(.data)
    AerialRobotEnergy                        0x200002fd   Data           2  judge.o(.data)
    RobotHurt                                0x200002ff   Data           1  judge.o(.data)
    ShootData                                0x20000300   Data           6  judge.o(.data)
    bullet_remaining_t                       0x20000306   Data           2  judge.o(.data)
    FrameHeader                              0x20000308   Data           5  judge.o(.data)
    Judge_Data_TF                            0x2000030d   Data           1  judge.o(.data)
    Judge_Self_ID                            0x2000030e   Data           1  judge.o(.data)
    Judge_SelfClient_ID                      0x20000310   Data           2  judge.o(.data)
    ShootNum                                 0x20000312   Data           2  judge.o(.data)
    Hurt_Data_Update                         0x20000314   Data           1  judge.o(.data)
    Usart5_Clean_IDLE_Flag                   0x20000318   Data           4  judge.o(.data)
    KeygimbelProportion                      0x2000031c   Data           4  key.o(.data)
    TurnAround                               0x20000320   Data           4  key.o(.data)
    Key_Turnforward                          0x20000324   Data           4  key.o(.data)
    donumbersmallgyro                        0x20000328   Data           4  key.o(.data)
    forward_Direction                        0x2000032c   Data           4  key.o(.data)
    right_Direction                          0x20000330   Data           4  key.o(.data)
    S_longtiome                              0x20000334   Data           4  key.o(.data)
    none_longtiome                           0x20000338   Data           4  key.o(.data)
    W_number                                 0x2000033c   Data           4  key.o(.data)
    S_number                                 0x20000340   Data           4  key.o(.data)
    A_number                                 0x20000344   Data           4  key.o(.data)
    D_number                                 0x20000348   Data           4  key.o(.data)
    SystemCoreClock                          0x2000035c   Data           4  system_stm32f4xx.o(.data)
    AHBPrescTable                            0x20000360   Data          16  system_stm32f4xx.o(.data)
    __stdout                                 0x20000370   Data           4  usart.o(.data)
    Alldata                                  0x200003ac   Data         360  varstruct.o(.bss)
    AllFlag                                  0x20000514   Data          27  varstruct.o(.bss)
    remote_control                           0x20000530   Data          32  varstruct.o(.bss)
    KeyFlag                                  0x20000550   Data          17  varstruct.o(.bss)
    PID_control                              0x20000564   Data        1200  pid.o(.bss)
    sbus_rx_buffer                           0x20000a14   Data          25  usart2.o(.bss)
    RC_Ctl                                   0x20000a2e   Data          22  usart2.o(.bss)
    GameRobotSurvivors                       0x20000a44   Data          36  judge.o(.bss)
    GameRobotStat                            0x20000a68   Data          18  judge.o(.bss)
    PowerHeatData                            0x20000a7a   Data          16  judge.o(.bss)
    GameRobotPos                             0x20000a8a   Data          16  judge.o(.bss)
    Judge_Buffer                             0x20000a9a   Data         200  judge.o(.bss)
    xCom5DMAInit                             0x20000b64   Data          60  judge.o(.bss)
    __libspace_start                         0x20000bb0   Data          96  libspace.o(.bss)
    __temporary_stack_top$libspace           0x20000c10   Data           0  libspace.o(.bss)



==============================================================================

Memory Map of the image

  Image Entry point : 0x08000189

  Load Region LR_IROM1 (Base: 0x08000000, Size: 0x000167b4, Max: 0x00100000, ABSOLUTE, COMPRESSED[0x000164d4])

    Execution Region ER_IROM1 (Base: 0x08000000, Size: 0x00016408, Max: 0x00100000, ABSOLUTE)

    Base Addr    Size         Type   Attr      Idx    E Section Name        Object

    0x08000000   0x00000188   Data   RO          687    RESET               startup_stm32f40xx.o
    0x08000188   0x00000008   Code   RO         1078  * !!!main             c_w.l(__main.o)
    0x08000190   0x00000034   Code   RO         1390    !!!scatter          c_w.l(__scatter.o)
    0x080001c4   0x0000005a   Code   RO         1388    !!dczerorl2         c_w.l(__dczerorl2.o)
    0x0800021e   0x00000002   PAD
    0x08000220   0x0000001c   Code   RO         1392    !!handler_zi        c_w.l(__scatter_zi.o)
    0x0800023c   0x00000000   Code   RO         1067    .ARM.Collect$$_printf_percent$$00000000  c_w.l(_printf_percent.o)
    0x0800023c   0x00000006   Code   RO         1066    .ARM.Collect$$_printf_percent$$00000009  c_w.l(_printf_d.o)
    0x08000242   0x00000006   Code   RO         1065    .ARM.Collect$$_printf_percent$$0000000C  c_w.l(_printf_x.o)
    0x08000248   0x00000004   Code   RO         1151    .ARM.Collect$$_printf_percent$$00000017  c_w.l(_printf_percent_end.o)
    0x0800024c   0x00000002   Code   RO         1260    .ARM.Collect$$libinit$$00000000  c_w.l(libinit.o)
    0x0800024e   0x00000004   Code   RO         1269    .ARM.Collect$$libinit$$00000001  c_w.l(libinit2.o)
    0x08000252   0x00000000   Code   RO         1272    .ARM.Collect$$libinit$$00000004  c_w.l(libinit2.o)
    0x08000252   0x00000000   Code   RO         1275    .ARM.Collect$$libinit$$0000000A  c_w.l(libinit2.o)
    0x08000252   0x00000000   Code   RO         1277    .ARM.Collect$$libinit$$0000000C  c_w.l(libinit2.o)
    0x08000252   0x00000000   Code   RO         1279    .ARM.Collect$$libinit$$0000000E  c_w.l(libinit2.o)
    0x08000252   0x00000000   Code   RO         1282    .ARM.Collect$$libinit$$00000011  c_w.l(libinit2.o)
    0x08000252   0x00000000   Code   RO         1284    .ARM.Collect$$libinit$$00000013  c_w.l(libinit2.o)
    0x08000252   0x00000000   Code   RO         1286    .ARM.Collect$$libinit$$00000015  c_w.l(libinit2.o)
    0x08000252   0x00000000   Code   RO         1288    .ARM.Collect$$libinit$$00000017  c_w.l(libinit2.o)
    0x08000252   0x00000000   Code   RO         1290    .ARM.Collect$$libinit$$00000019  c_w.l(libinit2.o)
    0x08000252   0x00000000   Code   RO         1292    .ARM.Collect$$libinit$$0000001B  c_w.l(libinit2.o)
    0x08000252   0x00000000   Code   RO         1294    .ARM.Collect$$libinit$$0000001D  c_w.l(libinit2.o)
    0x08000252   0x00000000   Code   RO         1296    .ARM.Collect$$libinit$$0000001F  c_w.l(libinit2.o)
    0x08000252   0x00000000   Code   RO         1298    .ARM.Collect$$libinit$$00000021  c_w.l(libinit2.o)
    0x08000252   0x00000000   Code   RO         1300    .ARM.Collect$$libinit$$00000023  c_w.l(libinit2.o)
    0x08000252   0x00000000   Code   RO         1302    .ARM.Collect$$libinit$$00000025  c_w.l(libinit2.o)
    0x08000252   0x00000000   Code   RO         1306    .ARM.Collect$$libinit$$0000002C  c_w.l(libinit2.o)
    0x08000252   0x00000000   Code   RO         1308    .ARM.Collect$$libinit$$0000002E  c_w.l(libinit2.o)
    0x08000252   0x00000000   Code   RO         1310    .ARM.Collect$$libinit$$00000030  c_w.l(libinit2.o)
    0x08000252   0x00000000   Code   RO         1312    .ARM.Collect$$libinit$$00000032  c_w.l(libinit2.o)
    0x08000252   0x00000002   Code   RO         1313    .ARM.Collect$$libinit$$00000033  c_w.l(libinit2.o)
    0x08000254   0x00000002   Code   RO         1341    .ARM.Collect$$libshutdown$$00000000  c_w.l(libshutdown.o)
    0x08000256   0x00000000   Code   RO         1356    .ARM.Collect$$libshutdown$$00000003  c_w.l(libshutdown2.o)
    0x08000256   0x00000000   Code   RO         1359    .ARM.Collect$$libshutdown$$00000006  c_w.l(libshutdown2.o)
    0x08000256   0x00000000   Code   RO         1362    .ARM.Collect$$libshutdown$$00000009  c_w.l(libshutdown2.o)
    0x08000256   0x00000000   Code   RO         1364    .ARM.Collect$$libshutdown$$0000000B  c_w.l(libshutdown2.o)
    0x08000256   0x00000000   Code   RO         1367    .ARM.Collect$$libshutdown$$0000000E  c_w.l(libshutdown2.o)
    0x08000256   0x00000002   Code   RO         1368    .ARM.Collect$$libshutdown$$0000000F  c_w.l(libshutdown2.o)
    0x08000258   0x00000000   Code   RO         1142    .ARM.Collect$$rtentry$$00000000  c_w.l(__rtentry.o)
    0x08000258   0x00000000   Code   RO         1211    .ARM.Collect$$rtentry$$00000002  c_w.l(__rtentry2.o)
    0x08000258   0x00000006   Code   RO         1223    .ARM.Collect$$rtentry$$00000004  c_w.l(__rtentry4.o)
    0x0800025e   0x00000000   Code   RO         1213    .ARM.Collect$$rtentry$$00000009  c_w.l(__rtentry2.o)
    0x0800025e   0x00000004   Code   RO         1214    .ARM.Collect$$rtentry$$0000000A  c_w.l(__rtentry2.o)
    0x08000262   0x00000000   Code   RO         1216    .ARM.Collect$$rtentry$$0000000C  c_w.l(__rtentry2.o)
    0x08000262   0x00000008   Code   RO         1217    .ARM.Collect$$rtentry$$0000000D  c_w.l(__rtentry2.o)
    0x0800026a   0x00000002   Code   RO         1263    .ARM.Collect$$rtexit$$00000000  c_w.l(rtexit.o)
    0x0800026c   0x00000000   Code   RO         1315    .ARM.Collect$$rtexit$$00000002  c_w.l(rtexit2.o)
    0x0800026c   0x00000004   Code   RO         1316    .ARM.Collect$$rtexit$$00000003  c_w.l(rtexit2.o)
    0x08000270   0x00000006   Code   RO         1317    .ARM.Collect$$rtexit$$00000004  c_w.l(rtexit2.o)
    0x08000276   0x00000002   PAD
    0x08000278   0x000000dc   Code   RO            3    .text               main.o
    0x08000354   0x00000028   Code   RO          176    .text               stm32f4xx_it.o
    0x0800037c   0x000002bc   Code   RO          202    .text               system.o
    0x08000638   0x00000724   Code   RO          247    .text               pid.o
    0x08000d5c   0x00000128   Code   RO          271    .text               2ms_analy.o
    0x08000e84   0x000001a0   Code   RO          295    .text               sinetable.o
    0x08001024   0x000003f8   Code   RO          321    .text               can1.o
    0x0800141c   0x00000230   Code   RO          345    .text               can2.o
    0x0800164c   0x000011a8   Code   RO          369    .text               control.o
    0x080027f4   0x000005cc   Code   RO          393    .text               usart2.o
    0x08002dc0   0x00000058   Code   RO          422    .text               led.o
    0x08002e18   0x00000120   Code   RO          442    .text               crc.o
    0x08002f38   0x00000294   Code   RO          466    .text               pwm.o
    0x080031cc   0x00000694   Code   RO          493    .text               dial.o
    0x08003860   0x000003cc   Code   RO          517    .text               judge.o
    0x08003c2c   0x000018d0   Code   RO          541    .text               key.o
    0x080054fc   0x00000020   Code   RO          565    .text               key_control.o
    0x0800551c   0x000000e0   Code   RO          585    .text               misc.o
    0x080055fc   0x00000294   Code   RO          605    .text               stm32f4xx_gpio.o
    0x08005890   0x00000634   Code   RO          625    .text               stm32f4xx_rcc.o
    0x08005ec4   0x00000ca2   Code   RO          647    .text               stm32f4xx_tim.o
    0x08006b66   0x00000002   PAD
    0x08006b68   0x00000454   Code   RO          667    .text               stm32f4xx_usart.o
    0x08006fbc   0x00000040   Code   RO          688    .text               startup_stm32f40xx.o
    0x08006ffc   0x00000210   Code   RO          694    .text               system_stm32f4xx.o
    0x0800720c   0x000009f0   Code   RO          720    .text               stm32f4xx_can.o
    0x08007bfc   0x000003a8   Code   RO          740    .text               stm32f4xx_dma.o
    0x08007fa4   0x00000024   Code   RO          860    .text               usart.o
    0x08007fc8   0x00000258   Code   RO          905    .text               myiic.o
    0x08008220   0x00000384   Code   RO          925    .text               mpu6050.o
    0x080085a4   0x000022cc   Code   RO          945    .text               inv_mpu.o
    0x0800a870   0x00000d90   Code   RO          981    .text               inv_mpu_dmp_motion_driver.o
    0x0800b600   0x00000002   Code   RO         1010    .text               c_w.l(use_no_semi_2.o)
    0x0800b602   0x00000048   Code   RO         1012    .text               c_w.l(llsdiv.o)
    0x0800b64a   0x00000002   PAD
    0x0800b64c   0x00000018   Code   RO         1016    .text               c_w.l(noretval__2printf.o)
    0x0800b664   0x0000004e   Code   RO         1020    .text               c_w.l(_printf_pad.o)
    0x0800b6b2   0x00000002   PAD
    0x0800b6b4   0x00000078   Code   RO         1022    .text               c_w.l(_printf_dec.o)
    0x0800b72c   0x00000058   Code   RO         1027    .text               c_w.l(_printf_hex_int.o)
    0x0800b784   0x00000138   Code   RO         1057    .text               c_w.l(__printf_flags_wp.o)
    0x0800b8bc   0x00000058   Code   RO         1068    .text               c_w.l(memcmp.o)
    0x0800b914   0x0000008a   Code   RO         1070    .text               c_w.l(rt_memcpy_v6.o)
    0x0800b99e   0x00000010   Code   RO         1072    .text               c_w.l(aeabi_memset.o)
    0x0800b9ae   0x00000044   Code   RO         1074    .text               c_w.l(rt_memclr.o)
    0x0800b9f2   0x00000006   Code   RO         1076    .text               c_w.l(heapauxi.o)
    0x0800b9f8   0x00000002   Code   RO         1140    .text               c_w.l(use_no_semi.o)
    0x0800b9fa   0x000000ee   Code   RO         1143    .text               c_w.l(lludivv7m.o)
    0x0800bae8   0x00000016   Code   RO         1145    .text               c_w.l(_rserrno.o)
    0x0800bafe   0x000000b2   Code   RO         1147    .text               c_w.l(_printf_intcommon.o)
    0x0800bbb0   0x00000024   Code   RO         1149    .text               c_w.l(_printf_char_file.o)
    0x0800bbd4   0x00000064   Code   RO         1152    .text               c_w.l(rt_memcpy_w.o)
    0x0800bc38   0x0000004e   Code   RO         1154    .text               c_w.l(rt_memclr_w.o)
    0x0800bc86   0x00000002   PAD
    0x0800bc88   0x00000008   Code   RO         1232    .text               c_w.l(rt_errno_addr_intlibspace.o)
    0x0800bc90   0x00000030   Code   RO         1234    .text               c_w.l(_printf_char_common.o)
    0x0800bcc0   0x00000008   Code   RO         1236    .text               c_w.l(ferror.o)
    0x0800bcc8   0x00000008   Code   RO         1244    .text               c_w.l(libspace.o)
    0x0800bcd0   0x0000004a   Code   RO         1247    .text               c_w.l(sys_stackheap_outer.o)
    0x0800bd1a   0x0000000c   Code   RO         1253    .text               c_w.l(exit.o)
    0x0800bd26   0x00000030   Code   RO         1193    i.__ARM_fpclassify  m_wm.l(fpclassify.o)
    0x0800bd56   0x00000002   PAD
    0x0800bd58   0x00000360   Code   RO         1108    i.__hardfp_asin     m_wm.l(asin.o)
    0x0800c0b8   0x000002d8   Code   RO         1165    i.__hardfp_atan     m_wm.l(atan.o)
    0x0800c390   0x000001f0   Code   RO         1122    i.__hardfp_atan2    m_wm.l(atan2.o)
    0x0800c580   0x00000014   Code   RO         1134    i.__hardfp_fabs     m_wm.l(fabs.o)
    0x0800c594   0x000000f8   Code   RO         1195    i.__kernel_poly     m_wm.l(poly.o)
    0x0800c68c   0x00000014   Code   RO         1180    i.__mathlib_dbl_infnan  m_wm.l(dunder.o)
    0x0800c6a0   0x00000014   Code   RO         1181    i.__mathlib_dbl_infnan2  m_wm.l(dunder.o)
    0x0800c6b4   0x00000004   PAD
    0x0800c6b8   0x00000020   Code   RO         1182    i.__mathlib_dbl_invalid  m_wm.l(dunder.o)
    0x0800c6d8   0x00000020   Code   RO         1185    i.__mathlib_dbl_underflow  m_wm.l(dunder.o)
    0x0800c6f8   0x0000000e   Code   RO         1055    i._is_digit         c_w.l(__printf_wp.o)
    0x0800c706   0x00000010   Code   RO         1167    i.atan              m_wm.l(atan.o)
    0x0800c716   0x00000018   Code   RO         1136    i.fabs              m_wm.l(fabs.o)
    0x0800c72e   0x0000006e   Code   RO         1200    i.sqrt              m_wm.l(sqrt.o)
    0x0800c79c   0x00000018   Code   RO         1080    x$fpl$basic         fz_wm.l(basic.o)
    0x0800c7b4   0x00000062   Code   RO         1082    x$fpl$d2f           fz_wm.l(d2f.o)
    0x0800c816   0x00000002   PAD
    0x0800c818   0x00000150   Code   RO         1084    x$fpl$dadd          fz_wm.l(daddsub_clz.o)
    0x0800c968   0x000002b0   Code   RO         1091    x$fpl$ddiv          fz_wm.l(ddiv.o)
    0x0800cc18   0x0000005e   Code   RO         1094    x$fpl$dfix          fz_wm.l(dfix.o)
    0x0800cc76   0x0000002e   Code   RO         1099    x$fpl$dflt          fz_wm.l(dflt_clz.o)
    0x0800cca4   0x00000154   Code   RO         1104    x$fpl$dmul          fz_wm.l(dmul.o)
    0x0800cdf8   0x0000009c   Code   RO         1156    x$fpl$dnaninf       fz_wm.l(dnaninf.o)
    0x0800ce94   0x0000000c   Code   RO         1158    x$fpl$dretinf       fz_wm.l(dretinf.o)
    0x0800cea0   0x00000016   Code   RO         1085    x$fpl$drsb          fz_wm.l(daddsub_clz.o)
    0x0800ceb6   0x00000002   PAD
    0x0800ceb8   0x00000198   Code   RO         1242    x$fpl$dsqrt         fz_wm.l(dsqrt_umaal.o)
    0x0800d050   0x000001d4   Code   RO         1086    x$fpl$dsub          fz_wm.l(daddsub_clz.o)
    0x0800d224   0x00000056   Code   RO         1106    x$fpl$f2d           fz_wm.l(f2d.o)
    0x0800d27a   0x0000008c   Code   RO         1160    x$fpl$fnaninf       fz_wm.l(fnaninf.o)
    0x0800d306   0x0000000a   Code   RO         1329    x$fpl$fpinit        fz_wm.l(fpinit.o)
    0x0800d310   0x0000000a   Code   RO         1162    x$fpl$fretinf       fz_wm.l(fretinf.o)
    0x0800d31a   0x00000000   Code   RO         1164    x$fpl$usenofp       fz_wm.l(usenofp.o)
    0x0800d31a   0x00000002   PAD
    0x0800d31c   0x00008004   Data   RO          296    .constdata          sinetable.o
    0x08015320   0x00000302   Data   RO          443    .constdata          crc.o
    0x08015622   0x00000002   PAD
    0x08015624   0x00000050   Data   RO          946    .constdata          inv_mpu.o
    0x08015674   0x00000bf6   Data   RO          983    .constdata          inv_mpu_dmp_motion_driver.o
    0x0801626a   0x00000028   Data   RO         1028    .constdata          c_w.l(_printf_hex_int.o)
    0x08016292   0x00000011   Data   RO         1058    .constdata          c_w.l(__printf_flags_wp.o)
    0x080162a3   0x00000005   PAD
    0x080162a8   0x00000050   Data   RO         1111    .constdata          m_wm.l(asin.o)
    0x080162f8   0x00000098   Data   RO         1168    .constdata          m_wm.l(atan.o)
    0x08016390   0x00000008   Data   RO         1197    .constdata          m_wm.l(qnan.o)
    0x08016398   0x0000004d   Data   RO          947    .conststring        inv_mpu.o
    0x080163e5   0x00000003   PAD
    0x080163e8   0x00000020   Data   RO         1386    Region$$Table       anon$$obj.o


    Execution Region RW_IRAM1 (Base: 0x20000000, Size: 0x00001210, Max: 0x00020000, ABSOLUTE, COMPRESSED[0x000000cc])

    Base Addr    Size         Type   Attr      Idx    E Section Name        Object

    0x20000000   0x00000014   Data   RW            4    .data               main.o
    0x20000014   0x00000004   Data   RW          177    .data               stm32f4xx_it.o
    0x20000018   0x0000004c   Data   RW          203    .data               system.o
    0x20000064   0x000001e0   Data   RW          249    .data               pid.o
    0x20000244   0x00000018   Data   RW          272    .data               2ms_analy.o
    0x2000025c   0x00000008   Data   RW          322    .data               can1.o
    0x20000264   0x00000001   Data   RW          346    .data               can2.o
    0x20000265   0x00000003   PAD
    0x20000268   0x00000040   Data   RW          370    .data               control.o
    0x200002a8   0x00000011   Data   RW          395    .data               usart2.o
    0x200002b9   0x00000001   PAD
    0x200002ba   0x00000002   Data   RW          444    .data               crc.o
    0x200002bc   0x00000010   Data   RW          467    .data               pwm.o
    0x200002cc   0x0000001c   Data   RW          494    .data               dial.o
    0x200002e8   0x00000034   Data   RW          519    .data               judge.o
    0x2000031c   0x00000030   Data   RW          542    .data               key.o
    0x2000034c   0x00000010   Data   RW          626    .data               stm32f4xx_rcc.o
    0x2000035c   0x00000014   Data   RW          695    .data               system_stm32f4xx.o
    0x20000370   0x00000004   Data   RW          861    .data               usart.o
    0x20000374   0x00000035   Data   RW          948    .data               inv_mpu.o
    0x200003a9   0x00000003   PAD
    0x200003ac   0x000001b5   Zero   RW          230    .bss                varstruct.o
    0x20000561   0x00000003   PAD
    0x20000564   0x000004b0   Zero   RW          248    .bss                pid.o
    0x20000a14   0x00000030   Zero   RW          394    .bss                usart2.o
    0x20000a44   0x0000015c   Zero   RW          518    .bss                judge.o
    0x20000ba0   0x00000010   Zero   RW          982    .bss                inv_mpu_dmp_motion_driver.o
    0x20000bb0   0x00000060   Zero   RW         1245    .bss                c_w.l(libspace.o)
    0x20000c10   0x00000200   Zero   RW          686    HEAP                startup_stm32f40xx.o
    0x20000e10   0x00000400   Zero   RW          685    STACK               startup_stm32f40xx.o


==============================================================================

Image component sizes


      Code (inc. data)   RO Data    RW Data    ZI Data      Debug   Object Name

       296         42          0         24          0        889   2ms_analy.o
      1016         32          0          8          0       3193   can1.o
       560         16          0          1          0       2246   can2.o
      4520        380          0         64          0       4796   control.o
       288         14        770          2          0       3053   crc.o
      1684        116          0         28          0       1804   dial.o
      8908        224        157         53          0      23745   inv_mpu.o
      3472        142       3062          0         16      15063   inv_mpu_dmp_motion_driver.o
       972        122          0         52        348       3666   judge.o
      6352        664          0         48          0       5535   key.o
        32          0          0          0          0        478   key_control.o
        88          4          0          0          0        479   led.o
       220         50          0         20          0     309909   main.o
       224         20          0          0          0       1801   misc.o
       900         22          0          0          0       4083   mpu6050.o
       600         12          0          0          0       1868   myiic.o
      1828         30          0        480       1200       2372   pid.o
       660         30          0         16          0       1893   pwm.o
       416         40      32772          0          0       1786   sinetable.o
        64         26        392          0       1536        836   startup_stm32f40xx.o
      2544         38          0          0          0       7952   stm32f4xx_can.o
       936         32          0          0          0       6277   stm32f4xx_dma.o
       660         44          0          0          0       4077   stm32f4xx_gpio.o
        40          4          0          4          0       1782   stm32f4xx_it.o
      1588         52          0         16          0      12698   stm32f4xx_rcc.o
      3234         60          0          0          0      22284   stm32f4xx_tim.o
      1108         34          0          0          0       7780   stm32f4xx_usart.o
       700         90          0         76          0      31023   system.o
       528         46          0         20          0       1831   system_stm32f4xx.o
        36          4          0          4          0       2622   usart.o
      1484        110          0         17         48       4846   usart2.o
         0          0          0          0        437        301   varstruct.o

    ----------------------------------------------------------------------
     45960       2500      37190        940       3588     492968   Object Totals
         0          0         32          0          0          0   (incl. Generated)
         2          0          5          7          3          0   (incl. Padding)

    ----------------------------------------------------------------------

      Code (inc. data)   RO Data    RW Data    ZI Data      Debug   Library Member Name

        90          0          0          0          0          0   __dczerorl2.o
         8          0          0          0          0         68   __main.o
       312          4         17          0          0         92   __printf_flags_wp.o
        14          0          0          0          0         68   __printf_wp.o
         0          0          0          0          0          0   __rtentry.o
        12          0          0          0          0          0   __rtentry2.o
         6          0          0          0          0          0   __rtentry4.o
        52          8          0          0          0          0   __scatter.o
        28          0          0          0          0          0   __scatter_zi.o
        48          6          0          0          0         96   _printf_char_common.o
        36          4          0          0          0         80   _printf_char_file.o
         6          0          0          0          0          0   _printf_d.o
       120         16          0          0          0         92   _printf_dec.o
        88          4         40          0          0         88   _printf_hex_int.o
       178          0          0          0          0         88   _printf_intcommon.o
        78          0          0          0          0        108   _printf_pad.o
         0          0          0          0          0          0   _printf_percent.o
         4          0          0          0          0          0   _printf_percent_end.o
         6          0          0          0          0          0   _printf_x.o
        22          0          0          0          0        100   _rserrno.o
        16          0          0          0          0         68   aeabi_memset.o
        12          0          0          0          0         72   exit.o
         8          0          0          0          0         68   ferror.o
         6          0          0          0          0        152   heapauxi.o
         2          0          0          0          0          0   libinit.o
         6          0          0          0          0          0   libinit2.o
         2          0          0          0          0          0   libshutdown.o
         2          0          0          0          0          0   libshutdown2.o
         8          4          0          0         96         68   libspace.o
        72          0          0          0          0         76   llsdiv.o
       238          0          0          0          0        100   lludivv7m.o
        88          0          0          0          0         76   memcmp.o
        24          4          0          0          0         84   noretval__2printf.o
         8          4          0          0          0         68   rt_errno_addr_intlibspace.o
        68          0          0          0          0         68   rt_memclr.o
        78          0          0          0          0         80   rt_memclr_w.o
       138          0          0          0          0         68   rt_memcpy_v6.o
       100          0          0          0          0         80   rt_memcpy_w.o
         2          0          0          0          0          0   rtexit.o
        10          0          0          0          0          0   rtexit2.o
        74          0          0          0          0         80   sys_stackheap_outer.o
         2          0          0          0          0         68   use_no_semi.o
         2          0          0          0          0         68   use_no_semi_2.o
        24          0          0          0          0        164   basic.o
        98          4          0          0          0        140   d2f.o
       826         16          0          0          0        492   daddsub_clz.o
       688        140          0          0          0        256   ddiv.o
        94          4          0          0          0        140   dfix.o
        46          0          0          0          0        116   dflt_clz.o
       340         12          0          0          0        152   dmul.o
       156          4          0          0          0        140   dnaninf.o
        12          0          0          0          0        116   dretinf.o
       408         56          0          0          0        168   dsqrt_umaal.o
        86          4          0          0          0        132   f2d.o
       140          4          0          0          0        132   fnaninf.o
        10          0          0          0          0        116   fpinit.o
        10          0          0          0          0        116   fretinf.o
         0          0          0          0          0          0   usenofp.o
       864         94         80          0          0        280   asin.o
       744        106        152          0          0        352   atan.o
       496         64          0          0          0        192   atan2.o
       104         16          0          0          0        496   dunder.o
        44          0          0          0          0        248   fabs.o
        48          0          0          0          0        124   fpclassify.o
       248          0          0          0          0        152   poly.o
         0          0          8          0          0          0   qnan.o
       110          0          0          0          0        148   sqrt.o

    ----------------------------------------------------------------------
      7692        578        302          0         96       6596   Library Totals
        22          0          5          0          0          0   (incl. Padding)

    ----------------------------------------------------------------------

      Code (inc. data)   RO Data    RW Data    ZI Data      Debug   Library Name

      2074         54         57          0         96       2224   c_w.l
      2938        244          0          0          0       2380   fz_wm.l
      2658        280        240          0          0       1992   m_wm.l

    ----------------------------------------------------------------------
      7692        578        302          0         96       6596   Library Totals

    ----------------------------------------------------------------------

==============================================================================


      Code (inc. data)   RO Data    RW Data    ZI Data      Debug   

     53652       3078      37492        940       3684     489568   Grand Totals
     53652       3078      37492        204       3684     489568   ELF Image Totals (compressed)
     53652       3078      37492        204          0          0   ROM Totals

==============================================================================

    Total RO  Size (Code + RO Data)                91144 (  89.01kB)
    Total RW  Size (RW Data + ZI Data)              4624 (   4.52kB)
    Total ROM Size (Code + RO Data + RW Data)      91348 (  89.21kB)

==============================================================================

